Archive member included to satisfy reference by file (symbol)

C:/NXP/S32DS.3.4/S32DS/build_tools/gcc_v6.3/gcc-6.3-arm32-eabi/arm-none-eabi/newlib/lib/thumb/v7e-m/fpv4-sp/hard\libc_nano.a(lib_a-exit.o)
                              C:/NXP/S32DS.3.4/S32DS/build_tools/gcc_v6.3/gcc-6.3-arm32-eabi/arm-none-eabi/newlib/lib/thumb/v7e-m/fpv4-sp/hard/crt0.o (exit)
C:/NXP/S32DS.3.4/S32DS/build_tools/gcc_v6.3/gcc-6.3-arm32-eabi/arm-none-eabi/newlib/lib/thumb/v7e-m/fpv4-sp/hard\libc_nano.a(lib_a-impure.o)
                              C:/NXP/S32DS.3.4/S32DS/build_tools/gcc_v6.3/gcc-6.3-arm32-eabi/arm-none-eabi/newlib/lib/thumb/v7e-m/fpv4-sp/hard\libc_nano.a(lib_a-exit.o) (_global_impure_ptr)
C:/NXP/S32DS.3.4/S32DS/build_tools/gcc_v6.3/gcc-6.3-arm32-eabi/arm-none-eabi/newlib/lib/thumb/v7e-m/fpv4-sp/hard\libc_nano.a(lib_a-init.o)
                              C:/NXP/S32DS.3.4/S32DS/build_tools/gcc_v6.3/gcc-6.3-arm32-eabi/arm-none-eabi/newlib/lib/thumb/v7e-m/fpv4-sp/hard/crt0.o (__libc_init_array)
C:/NXP/S32DS.3.4/S32DS/build_tools/gcc_v6.3/gcc-6.3-arm32-eabi/arm-none-eabi/newlib/lib/thumb/v7e-m/fpv4-sp/hard\libc_nano.a(lib_a-memset.o)
                              C:/NXP/S32DS.3.4/S32DS/build_tools/gcc_v6.3/gcc-6.3-arm32-eabi/arm-none-eabi/newlib/lib/thumb/v7e-m/fpv4-sp/hard/crt0.o (memset)
C:/NXP/S32DS.3.4/S32DS/build_tools/gcc_v6.3/gcc-6.3-arm32-eabi/arm-none-eabi/newlib/lib/thumb/v7e-m/fpv4-sp/hard\libnosys.a(_exit.o)
                              C:/NXP/S32DS.3.4/S32DS/build_tools/gcc_v6.3/gcc-6.3-arm32-eabi/arm-none-eabi/newlib/lib/thumb/v7e-m/fpv4-sp/hard\libc_nano.a(lib_a-exit.o) (_exit)

Discarded input sections

 .text          0x00000000        0x0 c:/nxp/s32ds.3.4/s32ds/build_tools/gcc_v6.3/gcc-6.3-arm32-eabi/bin/../lib/gcc/arm-none-eabi/6.3.1/thumb/v7e-m/fpv4-sp/hard/crti.o
 .data          0x00000000        0x0 c:/nxp/s32ds.3.4/s32ds/build_tools/gcc_v6.3/gcc-6.3-arm32-eabi/bin/../lib/gcc/arm-none-eabi/6.3.1/thumb/v7e-m/fpv4-sp/hard/crti.o
 .bss           0x00000000        0x0 c:/nxp/s32ds.3.4/s32ds/build_tools/gcc_v6.3/gcc-6.3-arm32-eabi/bin/../lib/gcc/arm-none-eabi/6.3.1/thumb/v7e-m/fpv4-sp/hard/crti.o
 .text          0x00000000       0xa4 c:/nxp/s32ds.3.4/s32ds/build_tools/gcc_v6.3/gcc-6.3-arm32-eabi/bin/../lib/gcc/arm-none-eabi/6.3.1/thumb/v7e-m/fpv4-sp/hard/crtbegin.o
 .data          0x00000000        0x4 c:/nxp/s32ds.3.4/s32ds/build_tools/gcc_v6.3/gcc-6.3-arm32-eabi/bin/../lib/gcc/arm-none-eabi/6.3.1/thumb/v7e-m/fpv4-sp/hard/crtbegin.o
 .bss           0x00000000       0x1c c:/nxp/s32ds.3.4/s32ds/build_tools/gcc_v6.3/gcc-6.3-arm32-eabi/bin/../lib/gcc/arm-none-eabi/6.3.1/thumb/v7e-m/fpv4-sp/hard/crtbegin.o
 .init_array    0x00000000        0x4 c:/nxp/s32ds.3.4/s32ds/build_tools/gcc_v6.3/gcc-6.3-arm32-eabi/bin/../lib/gcc/arm-none-eabi/6.3.1/thumb/v7e-m/fpv4-sp/hard/crtbegin.o
 .fini_array    0x00000000        0x4 c:/nxp/s32ds.3.4/s32ds/build_tools/gcc_v6.3/gcc-6.3-arm32-eabi/bin/../lib/gcc/arm-none-eabi/6.3.1/thumb/v7e-m/fpv4-sp/hard/crtbegin.o
 .eh_frame      0x00000000        0x0 c:/nxp/s32ds.3.4/s32ds/build_tools/gcc_v6.3/gcc-6.3-arm32-eabi/bin/../lib/gcc/arm-none-eabi/6.3.1/thumb/v7e-m/fpv4-sp/hard/crtbegin.o
 .jcr           0x00000000        0x0 c:/nxp/s32ds.3.4/s32ds/build_tools/gcc_v6.3/gcc-6.3-arm32-eabi/bin/../lib/gcc/arm-none-eabi/6.3.1/thumb/v7e-m/fpv4-sp/hard/crtbegin.o
 .tm_clone_table
                0x00000000        0x0 c:/nxp/s32ds.3.4/s32ds/build_tools/gcc_v6.3/gcc-6.3-arm32-eabi/bin/../lib/gcc/arm-none-eabi/6.3.1/thumb/v7e-m/fpv4-sp/hard/crtbegin.o
 .comment       0x00000000       0xa1 c:/nxp/s32ds.3.4/s32ds/build_tools/gcc_v6.3/gcc-6.3-arm32-eabi/bin/../lib/gcc/arm-none-eabi/6.3.1/thumb/v7e-m/fpv4-sp/hard/crtbegin.o
 .ARM.attributes
                0x00000000       0x34 c:/nxp/s32ds.3.4/s32ds/build_tools/gcc_v6.3/gcc-6.3-arm32-eabi/bin/../lib/gcc/arm-none-eabi/6.3.1/thumb/v7e-m/fpv4-sp/hard/crtbegin.o
 .text          0x00000000       0x74 C:/NXP/S32DS.3.4/S32DS/build_tools/gcc_v6.3/gcc-6.3-arm32-eabi/arm-none-eabi/newlib/lib/thumb/v7e-m/fpv4-sp/hard/crt0.o
 .data          0x00000000        0x0 C:/NXP/S32DS.3.4/S32DS/build_tools/gcc_v6.3/gcc-6.3-arm32-eabi/arm-none-eabi/newlib/lib/thumb/v7e-m/fpv4-sp/hard/crt0.o
 .bss           0x00000000        0x0 C:/NXP/S32DS.3.4/S32DS/build_tools/gcc_v6.3/gcc-6.3-arm32-eabi/arm-none-eabi/newlib/lib/thumb/v7e-m/fpv4-sp/hard/crt0.o
 .ARM.extab     0x00000000        0x0 C:/NXP/S32DS.3.4/S32DS/build_tools/gcc_v6.3/gcc-6.3-arm32-eabi/arm-none-eabi/newlib/lib/thumb/v7e-m/fpv4-sp/hard/crt0.o
 .ARM.exidx     0x00000000        0x8 C:/NXP/S32DS.3.4/S32DS/build_tools/gcc_v6.3/gcc-6.3-arm32-eabi/arm-none-eabi/newlib/lib/thumb/v7e-m/fpv4-sp/hard/crt0.o
 .ARM.attributes
                0x00000000       0x20 C:/NXP/S32DS.3.4/S32DS/build_tools/gcc_v6.3/gcc-6.3-arm32-eabi/arm-none-eabi/newlib/lib/thumb/v7e-m/fpv4-sp/hard/crt0.o
 .data          0x00000000        0x0 ./Project_Settings/Startup_Code/startup_S32K144.o
[...]
Memory Configuration

Name             Origin             Length             Attributes
m_interrupts     0x00000000         0x00000400         xr
m_flash_config   0x00000400         0x00000010         xr
m_text           0x00000410         0x0007fbf0         xr
m_data           0x1fff8000         0x00008000         rw
m_data_2         0x20000000         0x00007000         rw
*default*        0x00000000         0xffffffff

Linker script and memory map

LOAD c:/nxp/s32ds.3.4/s32ds/build_tools/gcc_v6.3/gcc-6.3-arm32-eabi/bin/../lib/gcc/arm-none-eabi/6.3.1/thumb/v7e-m/fpv4-sp/hard/crti.o
LOAD c:/nxp/s32ds.3.4/s32ds/build_tools/gcc_v6.3/gcc-6.3-arm32-eabi/bin/../lib/gcc/arm-none-eabi/6.3.1/thumb/v7e-m/fpv4-sp/hard/crtbegin.o
LOAD C:/NXP/S32DS.3.4/S32DS/build_tools/gcc_v6.3/gcc-6.3-arm32-eabi/arm-none-eabi/newlib/lib/thumb/v7e-m/fpv4-sp/hard/crt0.o
LOAD ./Project_Settings/Startup_Code/startup_S32K144.o
LOAD ./S&M_Driv/src/ST7789_low_level.o
LOAD ./S&M_Driv/src/fonts.o
LOAD ./SDK/platform/devices/S32K144/startup/system_S32K144.o
LOAD ./SDK/platform/devices/startup.o
LOAD ./SDK/platform/drivers/src/clock/S32K1xx/clock_S32K1xx.o
LOAD ./SDK/platform/drivers/src/csec/csec_driver.o
LOAD ./SDK/platform/drivers/src/csec/csec_hw_access.o
LOAD ./SDK/platform/drivers/src/edma/edma_driver.o
LOAD ./SDK/platform/drivers/src/edma/edma_hw_access.o
LOAD ./SDK/platform/drivers/src/edma/edma_irq.o
LOAD ./SDK/platform/drivers/src/interrupt/interrupt_manager.o
LOAD ./SDK/platform/drivers/src/lpspi/lpspi_hw_access.o
LOAD ./SDK/platform/drivers/src/lpspi/lpspi_irq.o
LOAD ./SDK/platform/drivers/src/lpspi/lpspi_master_driver.o
LOAD ./SDK/platform/drivers/src/lpspi/lpspi_shared_function.o
LOAD ./SDK/platform/drivers/src/lpspi/lpspi_slave_driver.o
LOAD ./SDK/platform/drivers/src/pins/pins_driver.o
LOAD ./SDK/platform/drivers/src/pins/pins_port_hw_access.o
LOAD ./SDK/rtos/osif/osif_baremetal.o
LOAD ./board/clock_config.o
LOAD ./board/peripherals_ST7789_Interface.o
LOAD ./board/pin_mux.o
LOAD ./src/example8.o
START GROUP
LOAD c:/nxp/s32ds.3.4/s32ds/build_tools/gcc_v6.3/gcc-6.3-arm32-eabi/bin/../lib/gcc/arm-none-eabi/6.3.1/thumb/v7e-m/fpv4-sp/hard\libgcc.a
LOAD C:/NXP/S32DS.3.4/S32DS/build_tools/gcc_v6.3/gcc-6.3-arm32-eabi/arm-none-eabi/newlib/lib/thumb/v7e-m/fpv4-sp/hard\libc_nano.a
END GROUP
START GROUP
LOAD c:/nxp/s32ds.3.4/s32ds/build_tools/gcc_v6.3/gcc-6.3-arm32-eabi/bin/../lib/gcc/arm-none-eabi/6.3.1/thumb/v7e-m/fpv4-sp/hard\libgcc.a
LOAD C:/NXP/S32DS.3.4/S32DS/build_tools/gcc_v6.3/gcc-6.3-arm32-eabi/arm-none-eabi/newlib/lib/thumb/v7e-m/fpv4-sp/hard\libc_nano.a
LOAD C:/NXP/S32DS.3.4/S32DS/build_tools/gcc_v6.3/gcc-6.3-arm32-eabi/arm-none-eabi/newlib/lib/thumb/v7e-m/fpv4-sp/hard\libnosys.a
END GROUP
START GROUP
LOAD c:/nxp/s32ds.3.4/s32ds/build_tools/gcc_v6.3/gcc-6.3-arm32-eabi/bin/../lib/gcc/arm-none-eabi/6.3.1/thumb/v7e-m/fpv4-sp/hard\libgcc.a
LOAD C:/NXP/S32DS.3.4/S32DS/build_tools/gcc_v6.3/gcc-6.3-arm32-eabi/arm-none-eabi/newlib/lib/thumb/v7e-m/fpv4-sp/hard\libc_nano.a
LOAD C:/NXP/S32DS.3.4/S32DS/build_tools/gcc_v6.3/gcc-6.3-arm32-eabi/arm-none-eabi/newlib/lib/thumb/v7e-m/fpv4-sp/hard\libnosys.a
END GROUP
LOAD c:/nxp/s32ds.3.4/s32ds/build_tools/gcc_v6.3/gcc-6.3-arm32-eabi/bin/../lib/gcc/arm-none-eabi/6.3.1/thumb/v7e-m/fpv4-sp/hard/crtend.o
LOAD c:/nxp/s32ds.3.4/s32ds/build_tools/gcc_v6.3/gcc-6.3-arm32-eabi/bin/../lib/gcc/arm-none-eabi/6.3.1/thumb/v7e-m/fpv4-sp/hard/crtn.o
                0x00000400                HEAP_SIZE = DEFINED (__heap_size__)?__heap_size__:0x400
                0x00000400                STACK_SIZE = DEFINED (__stack_size__)?__stack_size__:0x400
                0x00000400                M_VECTOR_RAM_SIZE = DEFINED (__flash_vector_table__)?0x0:0x400

.interrupts     0x00000000      0x400
                0x00000000                __VECTOR_TABLE = .
                0x00000000                __interrupts_start__ = .
                0x00000000                . = ALIGN (0x4)
 *(.isr_vector)
 .isr_vector    0x00000000      0x400 ./Project_Settings/Startup_Code/startup_S32K144.o
                0x00000000                __isr_vector
                0x00000400                __interrupts_end__ = .
                0x00000400                . = ALIGN (0x4)

.flash_config   0x00000400       0x10
                0x00000400                . = ALIGN (0x4)
 *(.FlashConfig)
 .FlashConfig   0x00000400       0x10 ./Project_Settings/Startup_Code/startup_S32K144.o
                0x00000410                . = ALIGN (0x4)

.text           0x00000410    0x3b258
                0x00000410                . = ALIGN (0x4)
 *(.text)
 .text          0x00000410       0x4c ./Project_Settings/Startup_Code/startup_S32K144.o
                0x00000410                Reset_Handler
                0x00000458                DebugMon_Handler
                0x00000458                Reserved88_IRQHandler
                0x00000458                CAN0_ORed_IRQHandler
                0x00000458                HardFault_Handler
                0x00000458                Reserved86_IRQHandler
                0x00000458                Reserved103_IRQHandler
                0x00000458                FTM2_Ovf_Reload_IRQHandler
                0x00000458                Reserved50_IRQHandler
                0x00000458                FTFC_Fault_IRQHandler
                0x00000458                FTM0_Ch6_Ch7_IRQHandler
                0x00000458                Reserved114_IRQHandler
                0x00000458                PendSV_Handler
                0x00000458                NMI_Handler
                0x00000458                Reserved89_IRQHandler
                0x00000458                ERM_double_fault_IRQHandler
                0x00000458                Reserved59_IRQHandler
                0x00000458                LPIT0_Ch0_IRQHandler
                0x00000458                Reserved99_IRQHandler
                0x00000458                FTM3_Ch6_Ch7_IRQHandler
                0x00000458                CAN2_ORed_0_15_MB_IRQHandler
                0x00000458                LPIT0_Ch3_IRQHandler
                0x00000458                Reserved92_IRQHandler
                0x00000458                FTM0_Ch4_Ch5_IRQHandler
                0x00000458                CAN1_Error_IRQHandler
                0x00000458                FTM3_Ch0_Ch1_IRQHandler
                0x00000458                SWI_IRQHandler
                0x00000458                ADC0_IRQHandler
                0x00000458                FTM2_Ch4_Ch5_IRQHandler
                0x00000458                UsageFault_Handler
                0x00000458                FTM0_Ovf_Reload_IRQHandler
                0x00000458                DefaultISR
                0x00000458                Reserved58_IRQHandler
                0x00000458                CAN1_ORed_0_15_MB_IRQHandler
                0x00000458                FTM1_Ch2_Ch3_IRQHandler
                0x00000458                Reserved82_IRQHandler
                0x00000458                CAN0_ORed_16_31_MB_IRQHandler
                0x00000458                LPI2C0_Slave_IRQHandler
                0x00000458                Reserved71_IRQHandler
                0x00000458                PORTD_IRQHandler
                0x00000458                Reserved69_IRQHandler
                0x00000458                PORTB_IRQHandler
                0x00000458                Reserved70_IRQHandler
                0x00000458                ADC1_IRQHandler
                0x00000458                FTM2_Ch2_Ch3_IRQHandler
                0x00000458                Reserved53_IRQHandler
                0x00000458                RTC_IRQHandler
                0x00000458                PDB0_IRQHandler
                0x00000458                Reserved54_IRQHandler
                0x00000458                FTM2_Ch6_Ch7_IRQHandler
                0x00000458                FTM3_Ch2_Ch3_IRQHandler
                0x00000458                FTM2_Ch0_Ch1_IRQHandler
                0x00000458                LPUART1_RxTx_IRQHandler
                0x00000458                RTC_Seconds_IRQHandler
                0x00000458                CAN2_ORed_IRQHandler
                0x00000458                Reserved72_IRQHandler
                0x00000458                Reserved110_IRQHandler
                0x00000458                Reserved107_IRQHandler
                0x00000458                Read_Collision_IRQHandler
                0x00000458                CAN2_Error_IRQHandler
                0x00000458                FTM1_Ch6_Ch7_IRQHandler
                0x00000458                Reserved105_IRQHandler
                0x00000458                LPIT0_Ch1_IRQHandler
                0x00000458                FTM1_Ch4_Ch5_IRQHandler
                0x00000458                FTM3_Ovf_Reload_IRQHandler
                0x00000458                LPUART2_RxTx_IRQHandler
                0x00000458                WDOG_EWM_IRQHandler
                0x00000458                MemManage_Handler
                0x00000458                Reserved90_IRQHandler
                0x00000458                Reserved83_IRQHandler
                0x00000458                FTM0_Fault_IRQHandler
                0x00000458                Reserved48_IRQHandler
                0x00000458                SVC_Handler
                0x00000458                ERM_single_fault_IRQHandler
                0x00000458                FTM2_Fault_IRQHandler
                0x00000458                FTM0_Ch2_Ch3_IRQHandler
                0x00000458                FTM0_Ch0_Ch1_IRQHandler
                0x00000458                FTM3_Fault_IRQHandler
                0x00000458                RCM_IRQHandler
                0x00000458                Reserved100_IRQHandler
                0x00000458                Reserved91_IRQHandler
                0x00000458                CAN1_ORed_IRQHandler
                0x00000458                SCG_IRQHandler
                0x00000458                PDB1_IRQHandler
                0x00000458                Reserved81_IRQHandler
                0x00000458                Reserved46_IRQHandler
                0x00000458                Reserved45_IRQHandler
                0x00000458                CAN0_Error_IRQHandler
                0x00000458                Reserved112_IRQHandler
                0x00000458                LPI2C0_Master_IRQHandler
                0x00000458                FTM1_Fault_IRQHandler
                0x00000458                Reserved106_IRQHandler
                0x00000458                LVD_LVW_IRQHandler
                0x00000458                LPIT0_Ch2_IRQHandler
                0x00000458                PORTA_IRQHandler
                0x00000458                MCM_IRQHandler
                0x00000458                FTM3_Ch4_Ch5_IRQHandler
                0x00000458                CAN0_ORed_0_15_MB_IRQHandler
                0x00000458                PORTE_IRQHandler
                0x00000458                LPUART0_RxTx_IRQHandler
                0x00000458                LPTMR0_IRQHandler
                0x00000458                BusFault_Handler
                0x00000458                Reserved87_IRQHandler
                0x00000458                FTM1_Ovf_Reload_IRQHandler
                0x00000458                Reserved93_IRQHandler
                0x00000458                CAN0_Wake_Up_IRQHandler
                0x00000458                CMP0_IRQHandler
                0x00000458                Reserved52_IRQHandler
                0x00000458                PORTC_IRQHandler
                0x00000458                FTM1_Ch0_Ch1_IRQHandler
                0x00000458                FLEXIO_IRQHandler
                0x00000458                Reserved113_IRQHandler
 *(.text*)
 .text.GB_STT7789_SPI_CS_low
                0x0000045c       0x18 ./S&M_Driv/src/ST7789_low_level.o
                0x0000045c                GB_STT7789_SPI_CS_low
 .text.GB_STT7789_SPI_CS_high
                0x00000474       0x18 ./S&M_Driv/src/ST7789_low_level.o
                0x00000474                GB_STT7789_SPI_CS_high
 .text.GB_ST7789_SendCommand
                0x0000048c       0x4c ./S&M_Driv/src/ST7789_low_level.o
                0x0000048c                GB_ST7789_SendCommand
 .text.GB_ST7789_SendData
                0x000004d8       0x2c ./S&M_Driv/src/ST7789_low_level.o
                0x000004d8                GB_ST7789_SendData
 .text.GB_ST7789_SendDataIm
                0x00000504       0x2c ./S&M_Driv/src/ST7789_low_level.o
                0x00000504                GB_ST7789_SendDataIm
 .text.GB_ST7789_Init
                0x00000530       0xcc ./S&M_Driv/src/ST7789_low_level.o
                0x00000530                GB_ST7789_Init
 .text.ST7789_SetAddressWindow
                0x000005fc       0xac ./S&M_Driv/src/ST7789_low_level.o
                0x000005fc                ST7789_SetAddressWindow
 .text.ST7789_Fill_Color
                0x000006a8       0x78 ./S&M_Driv/src/ST7789_low_level.o
                0x000006a8                ST7789_Fill_Color
 .text.ST7789_DrawImage
                0x00000720       0xf8 ./S&M_Driv/src/ST7789_low_level.o
                0x00000720                ST7789_DrawImage
 .text.SystemInit
                0x00000818       0x58 ./SDK/platform/devices/S32K144/startup/system_S32K144.o
                0x00000818                SystemInit
 .text.init_data_bss
                0x00000870      0x12c ./SDK/platform/devices/startup.o
                0x00000870                init_data_bss
 .text.SIM_GetRtcClkSrc
                0x0000099c       0x1e ./SDK/platform/drivers/src/clock/S32K1xx/clock_S32K1xx.o
 .text.SIM_SetLpoClocks
                0x000009ba       0x72 ./SDK/platform/drivers/src/clock/S32K1xx/clock_S32K1xx.o
 .text.SIM_SetEimClockGate
                0x00000a2c       0x3e ./SDK/platform/drivers/src/clock/S32K1xx/clock_S32K1xx.o
 .text.SIM_GetEimClockGate
                0x00000a6a       0x30 ./SDK/platform/drivers/src/clock/S32K1xx/clock_S32K1xx.o
 .text.SIM_SetErmClockGate
                0x00000a9a       0x3e ./SDK/platform/drivers/src/clock/S32K1xx/clock_S32K1xx.o
 .text.SIM_GetErmClockGate
                0x00000ad8       0x30 ./SDK/platform/drivers/src/clock/S32K1xx/clock_S32K1xx.o
 .text.SIM_SetDmaClockGate
                0x00000b08       0x3e ./SDK/platform/drivers/src/clock/S32K1xx/clock_S32K1xx.o
 .text.SIM_GetDmaClockGate
                0x00000b46       0x30 ./SDK/platform/drivers/src/clock/S32K1xx/clock_S32K1xx.o
 .text.SIM_SetMpuClockGate
                0x00000b76       0x3e ./SDK/platform/drivers/src/clock/S32K1xx/clock_S32K1xx.o
 .text.SIM_GetMpuClockGate
                0x00000bb4       0x30 ./SDK/platform/drivers/src/clock/S32K1xx/clock_S32K1xx.o
 .text.SIM_SetMscmClockGate
                0x00000be4       0x3e ./SDK/platform/drivers/src/clock/S32K1xx/clock_S32K1xx.o
 .text.SIM_GetMscmClockGate
                0x00000c22       0x2e ./SDK/platform/drivers/src/clock/S32K1xx/clock_S32K1xx.o
 .text.SIM_GetFtm0ExternalClkPinMode
                0x00000c50       0x1e ./SDK/platform/drivers/src/clock/S32K1xx/clock_S32K1xx.o
 .text.SIM_GetFtm1ExternalClkPinMode
                0x00000c6e       0x1e ./SDK/platform/drivers/src/clock/S32K1xx/clock_S32K1xx.o
 .text.SIM_GetFtm2ExternalClkPinMode
                0x00000c8c       0x1e ./SDK/platform/drivers/src/clock/S32K1xx/clock_S32K1xx.o
 .text.SIM_GetFtm3ExternalClkPinMode
                0x00000caa       0x1e ./SDK/platform/drivers/src/clock/S32K1xx/clock_S32K1xx.o
 .text.SIM_GetLpo32KStatus
                0x00000cc8       0x26 ./SDK/platform/drivers/src/clock/S32K1xx/clock_S32K1xx.o
 .text.SIM_GetLpo1KStatus
                0x00000cee       0x26 ./SDK/platform/drivers/src/clock/S32K1xx/clock_S32K1xx.o
 .text.SIM_GetLpoClkSelectorValue
                0x00000d14       0x1e ./SDK/platform/drivers/src/clock/S32K1xx/clock_S32K1xx.o
 .text.SIM_GetClockoutStatus
                0x00000d32       0x26 ./SDK/platform/drivers/src/clock/S32K1xx/clock_S32K1xx.o
 .text.SIM_GetClockoutDividerValue
                0x00000d58       0x1e ./SDK/platform/drivers/src/clock/S32K1xx/clock_S32K1xx.o
 .text.SIM_GetClockoutSelectorValue
                0x00000d76       0x1e ./SDK/platform/drivers/src/clock/S32K1xx/clock_S32K1xx.o
 .text.SIM_SetExtPinSourceFtm
                0x00000d94       0x9c ./SDK/platform/drivers/src/clock/S32K1xx/clock_S32K1xx.o
 .text.SIM_SetClockout
                0x00000e30       0x70 ./SDK/platform/drivers/src/clock/S32K1xx/clock_S32K1xx.o
 .text.SIM_SetTraceClockSource
                0x00000ea0       0x38 ./SDK/platform/drivers/src/clock/S32K1xx/clock_S32K1xx.o
 .text.SIM_ClearTraceClockConfig
                0x00000ed8       0x1e ./SDK/platform/drivers/src/clock/S32K1xx/clock_S32K1xx.o
 .text.SIM_SetTraceClockConfig
                0x00000ef6       0x40 ./SDK/platform/drivers/src/clock/S32K1xx/clock_S32K1xx.o
 .text.SCG_GetClockoutSourceSel
                0x00000f36       0x1e ./SDK/platform/drivers/src/clock/S32K1xx/clock_S32K1xx.o
 .text.SCG_GetCurrentSystemClockSource
                0x00000f54       0x1e ./SDK/platform/drivers/src/clock/S32K1xx/clock_S32K1xx.o
 .text.SCG_GetCurrentCoreClockDividerRatio
                0x00000f72       0x1e ./SDK/platform/drivers/src/clock/S32K1xx/clock_S32K1xx.o
 .text.SCG_GetCurrentBusClockDividerRatio
                0x00000f90       0x1e ./SDK/platform/drivers/src/clock/S32K1xx/clock_S32K1xx.o
 .text.SCG_GetCurrentSlowClockDividerRatio
                0x00000fae       0x1c ./SDK/platform/drivers/src/clock/S32K1xx/clock_S32K1xx.o
 .text.SCG_SetRunClockControl
                0x00000fca       0x44 ./SDK/platform/drivers/src/clock/S32K1xx/clock_S32K1xx.o
 .text.SCG_SetVlprClockControl
                0x0000100e       0x44 ./SDK/platform/drivers/src/clock/S32K1xx/clock_S32K1xx.o
 .text.SCG_SetHsrunClockControl
                0x00001052       0x44 ./SDK/platform/drivers/src/clock/S32K1xx/clock_S32K1xx.o
 .text.SCG_GetFircFirstAsyncDivider
                0x00001096       0x1e ./SDK/platform/drivers/src/clock/S32K1xx/clock_S32K1xx.o
 .text.SCG_GetFircSecondAsyncDivider
                0x000010b4       0x20 ./SDK/platform/drivers/src/clock/S32K1xx/clock_S32K1xx.o
 .text.SCG_SetFircAsyncConfig
                0x000010d4       0x32 ./SDK/platform/drivers/src/clock/S32K1xx/clock_S32K1xx.o
 .text.SCG_GetSircFirstAsyncDivider
                0x00001106       0x1e ./SDK/platform/drivers/src/clock/S32K1xx/clock_S32K1xx.o
 .text.SCG_GetSircSecondAsyncDivider
                0x00001124       0x20 ./SDK/platform/drivers/src/clock/S32K1xx/clock_S32K1xx.o
 .text.SCG_SetSircAsyncConfig
                0x00001144       0x32 ./SDK/platform/drivers/src/clock/S32K1xx/clock_S32K1xx.o
 .text.SCG_GetSoscFirstAsyncDivider
                0x00001176       0x1e ./SDK/platform/drivers/src/clock/S32K1xx/clock_S32K1xx.o
 .text.SCG_GetSoscSecondAsyncDivider
                0x00001194       0x20 ./SDK/platform/drivers/src/clock/S32K1xx/clock_S32K1xx.o
 .text.SCG_SetSoscAsyncConfig
                0x000011b4       0x32 ./SDK/platform/drivers/src/clock/S32K1xx/clock_S32K1xx.o
 .text.SCG_GetSpllFirstAsyncDivider
                0x000011e6       0x1e ./SDK/platform/drivers/src/clock/S32K1xx/clock_S32K1xx.o
 .text.SCG_GetSpllSecondAsyncDivider
                0x00001204       0x20 ./SDK/platform/drivers/src/clock/S32K1xx/clock_S32K1xx.o
 .text.SCG_SetSpllAsyncConfig
                0x00001224       0x32 ./SDK/platform/drivers/src/clock/S32K1xx/clock_S32K1xx.o
 .text.SCG_SetClockoutSourceSel
                0x00001256       0x38 ./SDK/platform/drivers/src/clock/S32K1xx/clock_S32K1xx.o
 .text.SCG_GetSircSystemClockMode
                0x0000128e       0x32 ./SDK/platform/drivers/src/clock/S32K1xx/clock_S32K1xx.o
 .text.SCG_GetSircStatus
                0x000012c0       0x28 ./SDK/platform/drivers/src/clock/S32K1xx/clock_S32K1xx.o
 .text.SCG_GetSircRange
                0x000012e8       0x1e ./SDK/platform/drivers/src/clock/S32K1xx/clock_S32K1xx.o
 .text.SCG_ClearSircLock
                0x00001306       0x24 ./SDK/platform/drivers/src/clock/S32K1xx/clock_S32K1xx.o
 .text.SCG_ClearSircControl
                0x0000132a       0x1c ./SDK/platform/drivers/src/clock/S32K1xx/clock_S32K1xx.o
 .text.SCG_SetSircConfiguration
                0x00001346       0x24 ./SDK/platform/drivers/src/clock/S32K1xx/clock_S32K1xx.o
 .text.SCG_SetSircControl
                0x0000136a       0x5a ./SDK/platform/drivers/src/clock/S32K1xx/clock_S32K1xx.o
 .text.SCG_GetFircSystemClockMode
                0x000013c4       0x32 ./SDK/platform/drivers/src/clock/S32K1xx/clock_S32K1xx.o
 .text.SCG_GetFircStatus
                0x000013f6       0x28 ./SDK/platform/drivers/src/clock/S32K1xx/clock_S32K1xx.o
 .text.SCG_GetFircRange
                0x0000141e       0x1e ./SDK/platform/drivers/src/clock/S32K1xx/clock_S32K1xx.o
 .text.SCG_ClearFircLock
                0x0000143c       0x24 ./SDK/platform/drivers/src/clock/S32K1xx/clock_S32K1xx.o
 .text.SCG_ClearFircControl
                0x00001460       0x1e ./SDK/platform/drivers/src/clock/S32K1xx/clock_S32K1xx.o
 .text.SCG_SetFircConfiguration
                0x0000147e       0x24 ./SDK/platform/drivers/src/clock/S32K1xx/clock_S32K1xx.o
 .text.SCG_SetFircControl
                0x000014a2       0x42 ./SDK/platform/drivers/src/clock/S32K1xx/clock_S32K1xx.o
 .text.SCG_GetSoscSystemClockMode
                0x000014e4       0x32 ./SDK/platform/drivers/src/clock/S32K1xx/clock_S32K1xx.o
 .text.SCG_GetSoscStatus
                0x00001516       0x28 ./SDK/platform/drivers/src/clock/S32K1xx/clock_S32K1xx.o
 .text.SCG_ClearSoscLock
                0x0000153e       0x24 ./SDK/platform/drivers/src/clock/S32K1xx/clock_S32K1xx.o
 .text.SCG_ClearSoscControl
                0x00001562       0x1e ./SDK/platform/drivers/src/clock/S32K1xx/clock_S32K1xx.o
 .text.SCG_SetSoscConfiguration
                0x00001580       0x3c ./SDK/platform/drivers/src/clock/S32K1xx/clock_S32K1xx.o
 .text.SCG_SetSoscControl
                0x000015bc       0x5e ./SDK/platform/drivers/src/clock/S32K1xx/clock_S32K1xx.o
 .text.SCG_GetSpllSystemClockMode
                0x0000161a       0x32 ./SDK/platform/drivers/src/clock/S32K1xx/clock_S32K1xx.o
 .text.SCG_GetSpllStatus
                0x0000164c       0x28 ./SDK/platform/drivers/src/clock/S32K1xx/clock_S32K1xx.o
 .text.SCG_GetSpllPredivider
                0x00001674       0x20 ./SDK/platform/drivers/src/clock/S32K1xx/clock_S32K1xx.o
 .text.SCG_GetSpllMultiplier
                0x00001694       0x20 ./SDK/platform/drivers/src/clock/S32K1xx/clock_S32K1xx.o
 .text.SCG_ClearSpllLock
                0x000016b4       0x24 ./SDK/platform/drivers/src/clock/S32K1xx/clock_S32K1xx.o
 .text.SCG_ClearSpllControl
                0x000016d8       0x1e ./SDK/platform/drivers/src/clock/S32K1xx/clock_S32K1xx.o
 .text.SCG_SetSpllConfiguration
                0x000016f6       0x50 ./SDK/platform/drivers/src/clock/S32K1xx/clock_S32K1xx.o
 .text.SCG_SetSpllControl
                0x00001746       0x5e ./SDK/platform/drivers/src/clock/S32K1xx/clock_S32K1xx.o
 .text.PCC_SetPeripheralClockControl
                0x000017a4       0x60 ./SDK/platform/drivers/src/clock/S32K1xx/clock_S32K1xx.o
 .text.PCC_SetClockMode
                0x00001804       0x70 ./SDK/platform/drivers/src/clock/S32K1xx/clock_S32K1xx.o
 .text.PCC_GetClockMode
                0x00001874       0x44 ./SDK/platform/drivers/src/clock/S32K1xx/clock_S32K1xx.o
 .text.PCC_GetClockSourceSel
                0x000018b8       0x34 ./SDK/platform/drivers/src/clock/S32K1xx/clock_S32K1xx.o
 .text.PCC_GetFracValueSel
                0x000018ec       0x34 ./SDK/platform/drivers/src/clock/S32K1xx/clock_S32K1xx.o
 .text.PCC_GetDividerSel
                0x00001920       0x30 ./SDK/platform/drivers/src/clock/S32K1xx/clock_S32K1xx.o
 .text.PMC_SetLpoMode
                0x00001950       0x3e ./SDK/platform/drivers/src/clock/S32K1xx/clock_S32K1xx.o
 .text.PMC_GetLpoMode
                0x0000198e       0x2c ./SDK/platform/drivers/src/clock/S32K1xx/clock_S32K1xx.o
 .text.PMC_SetLpoTrimValue
                0x000019ba       0x5e ./SDK/platform/drivers/src/clock/S32K1xx/clock_S32K1xx.o
 .text.SMC_GetCurrentRunningMode
                0x00001a18       0x1a ./SDK/platform/drivers/src/clock/S32K1xx/clock_S32K1xx.o
 .text.CLOCK_DRV_Init
                0x00001a32       0x6e ./SDK/platform/drivers/src/clock/S32K1xx/clock_S32K1xx.o
                0x00001a32                CLOCK_DRV_Init
 .text.CLOCK_SYS_SetScgConfiguration
                0x00001aa0       0xb8 ./SDK/platform/drivers/src/clock/S32K1xx/clock_S32K1xx.o
 .text.CLOCK_SYS_SetPccConfiguration
                0x00001b58       0xb8 ./SDK/platform/drivers/src/clock/S32K1xx/clock_S32K1xx.o
 .text.CLOCK_SYS_SetSimConfiguration
                0x00001c10      0x14c ./SDK/platform/drivers/src/clock/S32K1xx/clock_S32K1xx.o
 .text.CLOCK_SYS_SetPmcConfiguration
                0x00001d5c       0x38 ./SDK/platform/drivers/src/clock/S32K1xx/clock_S32K1xx.o
 .text.CLOCK_SYS_GetDefaultConfiguration
                0x00001d94      0x274 ./SDK/platform/drivers/src/clock/S32K1xx/clock_S32K1xx.o
 .text.CLOCK_SYS_GetScgClockFreq
                0x00002008      0x148 ./SDK/platform/drivers/src/clock/S32K1xx/clock_S32K1xx.o
 .text.CLOCK_SYS_GetSimClockFreq
                0x00002150      0x104 ./SDK/platform/drivers/src/clock/S32K1xx/clock_S32K1xx.o
 .text.CLOCK_SYS_GetOtherSimClockFreq
                0x00002254       0xfc ./SDK/platform/drivers/src/clock/S32K1xx/clock_S32K1xx.o
 .text.CLOCK_SYS_CheckPCCClock
                0x00002350       0x68 ./SDK/platform/drivers/src/clock/S32K1xx/clock_S32K1xx.o
 .text.CLOCK_SYS_GetPccClockFreq
                0x000023b8      0x114 ./SDK/platform/drivers/src/clock/S32K1xx/clock_S32K1xx.o
 .text.CLOCK_DRV_GetFreq
                0x000024cc       0x5c ./SDK/platform/drivers/src/clock/S32K1xx/clock_S32K1xx.o
                0x000024cc                CLOCK_DRV_GetFreq
 .text.CLOCK_SYS_GetFtmOptionFreq
                0x00002528       0x6c ./SDK/platform/drivers/src/clock/S32K1xx/clock_S32K1xx.o
 .text.SIM_CheckPeripheralClockGate
                0x00002594       0xd4 ./SDK/platform/drivers/src/clock/S32K1xx/clock_S32K1xx.o
 .text.CLOCK_SYS_GetPeripheralClock
                0x00002668       0xe4 ./SDK/platform/drivers/src/clock/S32K1xx/clock_S32K1xx.o
 .text.CLOCK_SYS_GetCurrentRunMode
                0x0000274c       0x44 ./SDK/platform/drivers/src/clock/S32K1xx/clock_S32K1xx.o
 .text.CLOCK_SYS_TransitionSystemClock
                0x00002790       0x60 ./SDK/platform/drivers/src/clock/S32K1xx/clock_S32K1xx.o
 .text.CLOCK_SYS_GetSimClkOutFreq
                0x000027f0       0xe8 ./SDK/platform/drivers/src/clock/S32K1xx/clock_S32K1xx.o
 .text.CLOCK_SYS_GetScgClkOutFreq
                0x000028d8       0x68 ./SDK/platform/drivers/src/clock/S32K1xx/clock_S32K1xx.o
 .text.CLOCK_SYS_GetSimRtcClkFreq
                0x00002940       0x70 ./SDK/platform/drivers/src/clock/S32K1xx/clock_S32K1xx.o
 .text.CLOCK_SYS_ConfigureSIRC
                0x000029b0       0xc8 ./SDK/platform/drivers/src/clock/S32K1xx/clock_S32K1xx.o
 .text.CLOCK_SYS_ConfigureFIRC
                0x00002a78       0xc4 ./SDK/platform/drivers/src/clock/S32K1xx/clock_S32K1xx.o
 .text.CLOCK_SYS_ConfigureSOSC
                0x00002b3c      0x124 ./SDK/platform/drivers/src/clock/S32K1xx/clock_S32K1xx.o
 .text.CLOCK_SYS_ConfigureSPLL
                0x00002c60      0x118 ./SDK/platform/drivers/src/clock/S32K1xx/clock_S32K1xx.o
 .text.CLOCK_SYS_ConfigureTemporarySystemClock
                0x00002d78       0x68 ./SDK/platform/drivers/src/clock/S32K1xx/clock_S32K1xx.o
 .text.CLOCK_SYS_ConfigureModulesFromScg
                0x00002de0      0x1c8 ./SDK/platform/drivers/src/clock/S32K1xx/clock_S32K1xx.o
 .text.CLOCK_SYS_GetSystemClockFreq
                0x00002fa8       0xb0 ./SDK/platform/drivers/src/clock/S32K1xx/clock_S32K1xx.o
 .text.CLOCK_SYS_GetSrcFreq
                0x00003058       0x58 ./SDK/platform/drivers/src/clock/S32K1xx/clock_S32K1xx.o
 .text.CLOCK_SYS_SetSystemClockConfig
                0x000030b0      0x234 ./SDK/platform/drivers/src/clock/S32K1xx/clock_S32K1xx.o
 .text.CLOCK_SYS_GetSysAsyncFreq
                0x000032e4      0x110 ./SDK/platform/drivers/src/clock/S32K1xx/clock_S32K1xx.o
 .text.CLOCK_SYS_GetSysOscFreq
                0x000033f4       0x30 ./SDK/platform/drivers/src/clock/S32K1xx/clock_S32K1xx.o
 .text.CLOCK_SYS_GetSircFreq
                0x00003424       0x38 ./SDK/platform/drivers/src/clock/S32K1xx/clock_S32K1xx.o
 .text.CLOCK_SYS_GetFircFreq
                0x0000345c       0x3c ./SDK/platform/drivers/src/clock/S32K1xx/clock_S32K1xx.o
 .text.CLOCK_SYS_GetSysPllFreq
                0x00003498       0x64 ./SDK/platform/drivers/src/clock/S32K1xx/clock_S32K1xx.o
 .text.CLOCK_SYS_GetLpoFreq
                0x000034fc       0x7c ./SDK/platform/drivers/src/clock/S32K1xx/clock_S32K1xx.o
 .text.CLOCK_SYS_GetFreq
                0x00003578       0x20 ./SDK/platform/drivers/src/clock/S32K1xx/clock_S32K1xx.o
                0x00003578                CLOCK_SYS_GetFreq
 .text.CSEC_WriteCommandHeader
                0x00003598       0x4c ./SDK/platform/drivers/src/csec/csec_driver.o
 .text.CSEC_ReadCommandWord
                0x000035e4       0x28 ./SDK/platform/drivers/src/csec/csec_driver.o
 .text.CSEC_ReadErrorBits
                0x0000360c       0xc4 ./SDK/platform/drivers/src/csec/csec_driver.o
 .text.CSEC_SetInterrupt
                0x000036d0       0x3c ./SDK/platform/drivers/src/csec/csec_driver.o
 .text.CSEC_DRV_RoundTo
                0x0000370c       0x24 ./SDK/platform/drivers/src/csec/csec_driver.o
 .text.FTFC_IRQHandler
                0x00003730       0xa8 ./SDK/platform/drivers/src/csec/csec_driver.o
                0x00003730                FTFC_IRQHandler
 .text.CSEC_DRV_StartEncDecECBCmd
                0x000037d8       0x80 ./SDK/platform/drivers/src/csec/csec_driver.o
 .text.CSEC_DRV_StartEncDecCBCCmd
                0x00003858       0xd8 ./SDK/platform/drivers/src/csec/csec_driver.o
 .text.CSEC_DRV_StartGenMACCmd
                0x00003930       0x88 ./SDK/platform/drivers/src/csec/csec_driver.o
 .text.CSEC_DRV_StartVerifMACCmd
                0x000039b8       0xcc ./SDK/platform/drivers/src/csec/csec_driver.o
 .text.CSEC_DRV_ContinueEncDecECBCmd
                0x00003a84       0x7c ./SDK/platform/drivers/src/csec/csec_driver.o
 .text.CSEC_DRV_ContinueEncDecCBCCmd
                0x00003b00       0xb4 ./SDK/platform/drivers/src/csec/csec_driver.o
 .text.CSEC_DRV_ContinueGenMACCmd
                0x00003bb4       0x84 ./SDK/platform/drivers/src/csec/csec_driver.o
 .text.CSEC_DRV_ContinueVerifMACCmd
                0x00003c38       0xb8 ./SDK/platform/drivers/src/csec/csec_driver.o
 .text.CSEC_WriteCommandBytes
                0x00003cf0       0xa0 ./SDK/platform/drivers/src/csec/csec_hw_access.o
                0x00003cf0                CSEC_WriteCommandBytes
 .text.CSEC_WriteCommandHalfWord
                0x00003d90       0x6c ./SDK/platform/drivers/src/csec/csec_hw_access.o
                0x00003d90                CSEC_WriteCommandHalfWord
 .text.CSEC_WriteCommandByte
                0x00003dfc       0xb0 ./SDK/platform/drivers/src/csec/csec_hw_access.o
                0x00003dfc                CSEC_WriteCommandByte
 .text.CSEC_WriteCommandWords
                0x00003eac       0x50 ./SDK/platform/drivers/src/csec/csec_hw_access.o
                0x00003eac                CSEC_WriteCommandWords
 .text.CSEC_ReadCommandBytes
                0x00003efc       0xa8 ./SDK/platform/drivers/src/csec/csec_hw_access.o
                0x00003efc                CSEC_ReadCommandBytes
 .text.CSEC_ReadCommandByte
                0x00003fa4       0x68 ./SDK/platform/drivers/src/csec/csec_hw_access.o
                0x00003fa4                CSEC_ReadCommandByte
 .text.EDMA_SetMinorLoopMappingCmd
                0x0000400c       0x3e ./SDK/platform/drivers/src/edma/edma_driver.o
 .text.EDMA_ClearErrorIntStatusFlag
                0x0000404a       0x1e ./SDK/platform/drivers/src/edma/edma_driver.o
 .text.EDMA_ClearDoneStatusFlag
                0x00004068       0x1e ./SDK/platform/drivers/src/edma/edma_driver.o
 .text.EDMA_ClearIntStatusFlag
                0x00004086       0x1e ./SDK/platform/drivers/src/edma/edma_driver.o
 .text.EDMA_TCDSetSrcAddr
                0x000040a4       0x28 ./SDK/platform/drivers/src/edma/edma_driver.o
 .text.EDMA_TCDSetSrcOffset
                0x000040cc       0x2e ./SDK/platform/drivers/src/edma/edma_driver.o
 .text.EDMA_TCDSetDestAddr
                0x000040fa       0x2c ./SDK/platform/drivers/src/edma/edma_driver.o
 .text.EDMA_TCDSetDestOffset
                0x00004126       0x30 ./SDK/platform/drivers/src/edma/edma_driver.o
 .text.EDMA_TCDSetDisableDmaRequestAfterTCDDoneCmd
                0x00004156       0x5e ./SDK/platform/drivers/src/edma/edma_driver.o
 .text.EDMA_TCDSetMajorCompleteIntCmd
                0x000041b4       0x5e ./SDK/platform/drivers/src/edma/edma_driver.o
 *fill*         0x00004212        0x2 
 .text.EDMA_DRV_InstallCallback
                0x00004214       0x3c ./SDK/platform/drivers/src/edma/edma_driver.o
                0x00004214                EDMA_DRV_InstallCallback
 .text.EDMA_DRV_ClearIntStatus
                0x00004250       0x3c ./SDK/platform/drivers/src/edma/edma_driver.o
 .text.EDMA_DRV_IRQHandler
                0x0000428c       0x4c ./SDK/platform/drivers/src/edma/edma_driver.o
                0x0000428c                EDMA_DRV_IRQHandler
 .text.EDMA_DRV_ErrorIRQHandler
                0x000042d8       0x7c ./SDK/platform/drivers/src/edma/edma_driver.o
                0x000042d8                EDMA_DRV_ErrorIRQHandler
 .text.EDMA_DRV_ConfigSingleBlockTransfer
                0x00004354      0x16c ./SDK/platform/drivers/src/edma/edma_driver.o
                0x00004354                EDMA_DRV_ConfigSingleBlockTransfer
 .text.EDMA_DRV_ConfigMultiBlockTransfer
                0x000044c0       0x70 ./SDK/platform/drivers/src/edma/edma_driver.o
                0x000044c0                EDMA_DRV_ConfigMultiBlockTransfer
 .text.EDMA_DRV_StartChannel
                0x00004530       0x38 ./SDK/platform/drivers/src/edma/edma_driver.o
                0x00004530                EDMA_DRV_StartChannel
 .text.EDMA_DRV_GetDmaRegBaseAddr
                0x00004568       0x1c ./SDK/platform/drivers/src/edma/edma_driver.o
                0x00004568                EDMA_DRV_GetDmaRegBaseAddr
 .text.EDMA_SetDmaRequestCmd
                0x00004584       0x30 ./SDK/platform/drivers/src/edma/edma_hw_access.o
                0x00004584                EDMA_SetDmaRequestCmd
 .text.EDMA_TCDClearReg
                0x000045b4       0xd6 ./SDK/platform/drivers/src/edma/edma_hw_access.o
                0x000045b4                EDMA_TCDClearReg
 .text.EDMA_TCDSetAttribute
                0x0000468a       0x70 ./SDK/platform/drivers/src/edma/edma_hw_access.o
                0x0000468a                EDMA_TCDSetAttribute
 .text.EDMA_TCDSetNbytes
                0x000046fa       0xcc ./SDK/platform/drivers/src/edma/edma_hw_access.o
                0x000046fa                EDMA_TCDSetNbytes
 .text.EDMA_TCDSetMajorCount
                0x000047c6      0x14c ./SDK/platform/drivers/src/edma/edma_hw_access.o
                0x000047c6                EDMA_TCDSetMajorCount
 .text.EDMA_GetErrorIntStatusFlag
                0x00004912       0x18 ./SDK/platform/drivers/src/edma/edma_irq.o
 .text.DMA0_IRQHandler
                0x0000492a        0xe ./SDK/platform/drivers/src/edma/edma_irq.o
                0x0000492a                DMA0_IRQHandler
 .text.DMA1_IRQHandler
                0x00004938        0xe ./SDK/platform/drivers/src/edma/edma_irq.o
                0x00004938                DMA1_IRQHandler
 .text.DMA2_IRQHandler
                0x00004946        0xe ./SDK/platform/drivers/src/edma/edma_irq.o
                0x00004946                DMA2_IRQHandler
 .text.DMA3_IRQHandler
                0x00004954        0xe ./SDK/platform/drivers/src/edma/edma_irq.o
                0x00004954                DMA3_IRQHandler
 .text.DMA4_IRQHandler
                0x00004962        0xe ./SDK/platform/drivers/src/edma/edma_irq.o
                0x00004962                DMA4_IRQHandler
 .text.DMA5_IRQHandler
                0x00004970        0xe ./SDK/platform/drivers/src/edma/edma_irq.o
                0x00004970                DMA5_IRQHandler
 .text.DMA6_IRQHandler
                0x0000497e        0xe ./SDK/platform/drivers/src/edma/edma_irq.o
                0x0000497e                DMA6_IRQHandler
 .text.DMA7_IRQHandler
                0x0000498c        0xe ./SDK/platform/drivers/src/edma/edma_irq.o
                0x0000498c                DMA7_IRQHandler
 .text.DMA8_IRQHandler
                0x0000499a        0xe ./SDK/platform/drivers/src/edma/edma_irq.o
                0x0000499a                DMA8_IRQHandler
 .text.DMA9_IRQHandler
                0x000049a8        0xe ./SDK/platform/drivers/src/edma/edma_irq.o
                0x000049a8                DMA9_IRQHandler
 .text.DMA10_IRQHandler
                0x000049b6        0xe ./SDK/platform/drivers/src/edma/edma_irq.o
                0x000049b6                DMA10_IRQHandler
 .text.DMA11_IRQHandler
                0x000049c4        0xe ./SDK/platform/drivers/src/edma/edma_irq.o
                0x000049c4                DMA11_IRQHandler
 .text.DMA12_IRQHandler
                0x000049d2        0xe ./SDK/platform/drivers/src/edma/edma_irq.o
                0x000049d2                DMA12_IRQHandler
 .text.DMA13_IRQHandler
                0x000049e0        0xe ./SDK/platform/drivers/src/edma/edma_irq.o
                0x000049e0                DMA13_IRQHandler
 .text.DMA14_IRQHandler
                0x000049ee        0xe ./SDK/platform/drivers/src/edma/edma_irq.o
                0x000049ee                DMA14_IRQHandler
 .text.DMA15_IRQHandler
                0x000049fc        0xe ./SDK/platform/drivers/src/edma/edma_irq.o
                0x000049fc                DMA15_IRQHandler
 .text.DMA_Error_IRQHandler
                0x00004a0a       0x4c ./SDK/platform/drivers/src/edma/edma_irq.o
                0x00004a0a                DMA_Error_IRQHandler
 *fill*         0x00004a56        0x2 
 .text.INT_SYS_EnableIRQ
                0x00004a58       0x34 ./SDK/platform/drivers/src/interrupt/interrupt_manager.o
                0x00004a58                INT_SYS_EnableIRQ
 .text.INT_SYS_EnableIRQGlobal
                0x00004a8c       0x30 ./SDK/platform/drivers/src/interrupt/interrupt_manager.o
                0x00004a8c                INT_SYS_EnableIRQGlobal
 .text.INT_SYS_DisableIRQGlobal
                0x00004abc       0x20 ./SDK/platform/drivers/src/interrupt/interrupt_manager.o
                0x00004abc                INT_SYS_DisableIRQGlobal
 .text.LPSPI_SetDelay
                0x00004adc       0x46 ./SDK/platform/drivers/src/lpspi/lpspi_hw_access.o
 .text.LPSPI_Init
                0x00004b22       0x20 ./SDK/platform/drivers/src/lpspi/lpspi_hw_access.o
                0x00004b22                LPSPI_Init
 .text.LPSPI_Disable
                0x00004b42       0x3c ./SDK/platform/drivers/src/lpspi/lpspi_hw_access.o
                0x00004b42                LPSPI_Disable
 .text.LPSPI_SetMasterSlaveMode
                0x00004b7e       0x2a ./SDK/platform/drivers/src/lpspi/lpspi_hw_access.o
                0x00004b7e                LPSPI_SetMasterSlaveMode
 .text.LPSPI_SetFlushFifoCmd
                0x00004ba8       0x38 ./SDK/platform/drivers/src/lpspi/lpspi_hw_access.o
                0x00004ba8                LPSPI_SetFlushFifoCmd
 .text.LPSPI_ClearStatusFlag
                0x00004be0       0x42 ./SDK/platform/drivers/src/lpspi/lpspi_hw_access.o
                0x00004be0                LPSPI_ClearStatusFlag
 .text.LPSPI_SetPcsPolarityMode
                0x00004c22       0x4c ./SDK/platform/drivers/src/lpspi/lpspi_hw_access.o
                0x00004c22                LPSPI_SetPcsPolarityMode
 .text.LPSPI_SetPinConfigMode
                0x00004c6e       0x58 ./SDK/platform/drivers/src/lpspi/lpspi_hw_access.o
                0x00004c6e                LPSPI_SetPinConfigMode
 .text.abs_dif  0x00004cc6       0x2c ./SDK/platform/drivers/src/lpspi/lpspi_hw_access.o
 *fill*         0x00004cf2        0x2 
 .text.LPSPI_SetBaudRate
                0x00004cf4      0x190 ./SDK/platform/drivers/src/lpspi/lpspi_hw_access.o
                0x00004cf4                LPSPI_SetBaudRate
 .text.LPSPI_SetBaudRateDivisor
                0x00004e84       0x36 ./SDK/platform/drivers/src/lpspi/lpspi_hw_access.o
                0x00004e84                LPSPI_SetBaudRateDivisor
 .text.LPSPI_SetTxCommandReg
                0x00004eba       0x78 ./SDK/platform/drivers/src/lpspi/lpspi_hw_access.o
                0x00004eba                LPSPI_SetTxCommandReg
 .text.LPSPI0_IRQHandler
                0x00004f32        0xe ./SDK/platform/drivers/src/lpspi/lpspi_irq.o
                0x00004f32                LPSPI0_IRQHandler
 .text.LPSPI1_IRQHandler
                0x00004f40        0xe ./SDK/platform/drivers/src/lpspi/lpspi_irq.o
                0x00004f40                LPSPI1_IRQHandler
 .text.LPSPI2_IRQHandler
                0x00004f4e        0xe ./SDK/platform/drivers/src/lpspi/lpspi_irq.o
                0x00004f4e                LPSPI2_IRQHandler
 .text.LPSPI_Enable
                0x00004f5c       0x20 ./SDK/platform/drivers/src/lpspi/lpspi_master_driver.o
 .text.LPSPI_GetFifoSizes
                0x00004f7c       0x2e ./SDK/platform/drivers/src/lpspi/lpspi_master_driver.o
 .text.LPSPI_SetRxWatermarks
                0x00004faa       0x34 ./SDK/platform/drivers/src/lpspi/lpspi_master_driver.o
 .text.LPSPI_SetTxWatermarks
                0x00004fde       0x32 ./SDK/platform/drivers/src/lpspi/lpspi_master_driver.o
 .text.LPSPI_GetStatusFlag
                0x00005010       0x30 ./SDK/platform/drivers/src/lpspi/lpspi_master_driver.o
 .text.LPSPI_SetIntMode
                0x00005040       0x4e ./SDK/platform/drivers/src/lpspi/lpspi_master_driver.o
 .text.LPSPI_SetTxDmaCmd
                0x0000508e       0x28 ./SDK/platform/drivers/src/lpspi/lpspi_master_driver.o
 .text.LPSPI_SetRxDmaCmd
                0x000050b6       0x2a ./SDK/platform/drivers/src/lpspi/lpspi_master_driver.o
 .text.LPSPI_ClearRxmaskBit
                0x000050e0       0x20 ./SDK/platform/drivers/src/lpspi/lpspi_master_driver.o
 .text.LPSPI_SetRxmskBit
                0x00005100       0x20 ./SDK/platform/drivers/src/lpspi/lpspi_master_driver.o
 .text.LPSPI_ClearContCBit
                0x00005120       0x20 ./SDK/platform/drivers/src/lpspi/lpspi_master_driver.o
 .text.LPSPI_SetContCBit
                0x00005140       0x20 ./SDK/platform/drivers/src/lpspi/lpspi_master_driver.o
 .text.LPSPI_SetSamplingPoint
                0x00005160       0x36 ./SDK/platform/drivers/src/lpspi/lpspi_master_driver.o
 *fill*         0x00005196        0x2 
 .text.LPSPI_DRV_MasterInit
                0x00005198       0xa4 ./SDK/platform/drivers/src/lpspi/lpspi_master_driver.o
                0x00005198                LPSPI_DRV_MasterInit
 .text.LPSPI_DRV_MasterConfigureBus
                0x0000523c      0x184 ./SDK/platform/drivers/src/lpspi/lpspi_master_driver.o
                0x0000523c                LPSPI_DRV_MasterConfigureBus
 .text.LPSPI_DRV_MasterTransferBlocking
                0x000053c0       0xf0 ./SDK/platform/drivers/src/lpspi/lpspi_master_driver.o
                0x000053c0                LPSPI_DRV_MasterTransferBlocking
 .text.LPSPI_DRV_MasterAbortTransfer
                0x000054b0       0x3c ./SDK/platform/drivers/src/lpspi/lpspi_master_driver.o
                0x000054b0                LPSPI_DRV_MasterAbortTransfer
 .text.LPSPI_DRV_MasterStartTransfer
                0x000054ec      0x288 ./SDK/platform/drivers/src/lpspi/lpspi_master_driver.o
 .text.LPSPI_DRV_MasterCompleteTransfer
                0x00005774       0xa8 ./SDK/platform/drivers/src/lpspi/lpspi_master_driver.o
 .text.LPSPI_DRV_MasterCompleteDMATransfer
                0x0000581c       0x70 ./SDK/platform/drivers/src/lpspi/lpspi_master_driver.o
 .text.LPSPI_DRV_MasterCompleteRX
                0x0000588c       0x3c ./SDK/platform/drivers/src/lpspi/lpspi_master_driver.o
 .text.LPSPI_DRV_MasterIRQHandler
                0x000058c8      0x110 ./SDK/platform/drivers/src/lpspi/lpspi_master_driver.o
                0x000058c8                LPSPI_DRV_MasterIRQHandler
 .text.LPSPI_IsMaster
                0x000059d8       0x26 ./SDK/platform/drivers/src/lpspi/lpspi_shared_function.o
 .text.LPSPI_SetIntMode
                0x000059fe       0x4e ./SDK/platform/drivers/src/lpspi/lpspi_shared_function.o
 .text.LPSPI_WriteData
                0x00005a4c       0x1c ./SDK/platform/drivers/src/lpspi/lpspi_shared_function.o
 .text.LPSPI_ReadData
                0x00005a68       0x18 ./SDK/platform/drivers/src/lpspi/lpspi_shared_function.o
 .text.LPSPI_ReadTxCount
                0x00005a80       0x1c ./SDK/platform/drivers/src/lpspi/lpspi_shared_function.o
 .text.LPSPI_ReadRxCount
                0x00005a9c       0x1e ./SDK/platform/drivers/src/lpspi/lpspi_shared_function.o
 .text.LPSPI_ClearContCBit
                0x00005aba       0x20 ./SDK/platform/drivers/src/lpspi/lpspi_shared_function.o
 *fill*         0x00005ada        0x2 
 .text.LPSPI_DRV_IRQHandler
                0x00005adc       0x40 ./SDK/platform/drivers/src/lpspi/lpspi_shared_function.o
                0x00005adc                LPSPI_DRV_IRQHandler
 .text.LPSPI_DRV_FillupTxBuffer
                0x00005b1c      0x134 ./SDK/platform/drivers/src/lpspi/lpspi_shared_function.o
                0x00005b1c                LPSPI_DRV_FillupTxBuffer
 .text.LPSPI_DRV_ReadRXBuffer
                0x00005c50       0xe0 ./SDK/platform/drivers/src/lpspi/lpspi_shared_function.o
                0x00005c50                LPSPI_DRV_ReadRXBuffer
 .text.LPSPI_DRV_DisableTEIEInterrupts
                0x00005d30       0x44 ./SDK/platform/drivers/src/lpspi/lpspi_shared_function.o
                0x00005d30                LPSPI_DRV_DisableTEIEInterrupts
 .text.LPSPI_GetStatusFlag
                0x00005d74       0x30 ./SDK/platform/drivers/src/lpspi/lpspi_slave_driver.o
 .text.LPSPI_SetIntMode
                0x00005da4       0x4e ./SDK/platform/drivers/src/lpspi/lpspi_slave_driver.o
 .text.LPSPI_SetTxDmaCmd
                0x00005df2       0x28 ./SDK/platform/drivers/src/lpspi/lpspi_slave_driver.o
 .text.LPSPI_SetRxDmaCmd
                0x00005e1a       0x2a ./SDK/platform/drivers/src/lpspi/lpspi_slave_driver.o
 .text.LPSPI_DRV_SlaveIRQHandler
                0x00005e44      0x138 ./SDK/platform/drivers/src/lpspi/lpspi_slave_driver.o
                0x00005e44                LPSPI_DRV_SlaveIRQHandler
 .text.LPSPI_DRV_SlaveAbortTransfer
                0x00005f7c       0x98 ./SDK/platform/drivers/src/lpspi/lpspi_slave_driver.o
                0x00005f7c                LPSPI_DRV_SlaveAbortTransfer
 .text.PINS_GPIO_WritePin
                0x00006014       0x44 ./SDK/platform/drivers/src/pins/pins_driver.o
 .text.PINS_DRV_Init
                0x00006058       0x3e ./SDK/platform/drivers/src/pins/pins_driver.o
                0x00006058                PINS_DRV_Init
 .text.PINS_DRV_WritePin
                0x00006096       0x22 ./SDK/platform/drivers/src/pins/pins_driver.o
                0x00006096                PINS_DRV_WritePin
 .text.PINS_GPIO_WritePin
                0x000060b8       0x44 ./SDK/platform/drivers/src/pins/pins_port_hw_access.o
 .text.PINS_GetAdcInterleaveVal
                0x000060fc       0xb4 ./SDK/platform/drivers/src/pins/pins_port_hw_access.o
 .text.PINS_Init
                0x000061b0      0x1ec ./SDK/platform/drivers/src/pins/pins_port_hw_access.o
                0x000061b0                PINS_Init
 .text.osif_Tick
                0x0000639c       0x1c ./SDK/rtos/osif/osif_baremetal.o
 .text.osif_GetCurrentTickCount
                0x000063b8       0x18 ./SDK/rtos/osif/osif_baremetal.o
 .text.SysTick_Handler
                0x000063d0        0xc ./SDK/rtos/osif/osif_baremetal.o
                0x000063d0                SysTick_Handler
 .text.osif_UpdateTickConfig
                0x000063dc       0x64 ./SDK/rtos/osif/osif_baremetal.o
 .text.osif_DisableIrqGlobal
                0x00006440        0xc ./SDK/rtos/osif/osif_baremetal.o
 .text.osif_EnableIrqGlobal
                0x0000644c        0xc ./SDK/rtos/osif/osif_baremetal.o
 .text.OSIF_TimeDelay
                0x00006458       0x44 ./SDK/rtos/osif/osif_baremetal.o
                0x00006458                OSIF_TimeDelay
 .text.OSIF_SemaWait
                0x0000649c       0xa8 ./SDK/rtos/osif/osif_baremetal.o
                0x0000649c                OSIF_SemaWait
 .text.OSIF_SemaPost
                0x00006544       0x3c ./SDK/rtos/osif/osif_baremetal.o
                0x00006544                OSIF_SemaPost
 .text.OSIF_SemaCreate
                0x00006580       0x24 ./SDK/rtos/osif/osif_baremetal.o
                0x00006580                OSIF_SemaCreate
 .text.GB_MA_SPI_send_byte_conti
                0x000065a4       0x2c ./board/peripherals_ST7789_Interface.o
                0x000065a4                GB_MA_SPI_send_byte_conti
 .text.main     0x000065d0      0x284 ./src/example8.o
                0x000065d0                main
 *(.rodata)
 .rodata        0x00006854        0x4 ./S&M_Driv/src/ST7789_low_level.o
 *(.rodata*)
 .rodata.clockNameMappings
                0x00006858       0x9e ./SDK/platform/drivers/src/clock/S32K1xx/clock_S32K1xx.o
                0x00006858                clockNameMappings
 *fill*         0x000068f6        0x2 
 .rodata.peripheralFeaturesList
                0x000068f8       0x4f ./SDK/platform/drivers/src/clock/S32K1xx/clock_S32K1xx.o
                0x000068f8                peripheralFeaturesList
 *fill*         0x00006947        0x1 
 .rodata.tmpSysClk.7613
                0x00006948        0xc ./SDK/platform/drivers/src/clock/S32K1xx/clock_S32K1xx.o
 .rodata.tmpSysClk.7620
                0x00006954        0xc ./SDK/platform/drivers/src/clock/S32K1xx/clock_S32K1xx.o
 .rodata.maxSysClksInRUN.7658
                0x00006960       0x54 ./SDK/platform/drivers/src/clock/S32K1xx/clock_S32K1xx.o
 .rodata.maxSysClksInVLPR.7657
                0x000069b4       0x54 ./SDK/platform/drivers/src/clock/S32K1xx/clock_S32K1xx.o
 .rodata.maxSysClksInHSRUN.7659
                0x00006a08       0x54 ./SDK/platform/drivers/src/clock/S32K1xx/clock_S32K1xx.o
 .rodata.fircFreq.7702
                0x00006a5c        0x4 ./SDK/platform/drivers/src/clock/S32K1xx/clock_S32K1xx.o
 .rodata.s_baudratePrescaler
                0x00006a60       0x20 ./SDK/platform/drivers/src/lpspi/lpspi_hw_access.o
 .rodata.ST7789_SPI_Config
                0x00006a80       0x20 ./board/peripherals_ST7789_Interface.o
                0x00006a80                ST7789_SPI_Config
 .rodata.photo1
                0x00006aa0     0x1c20 ./src/example8.o
                0x00006aa0                photo1
 .rodata.photo2
                0x000086c0     0x7080 ./src/example8.o
                0x000086c0                photo2
 .rodata.photo3
                0x0000f740     0xfd20 ./src/example8.o
                0x0000f740                photo3
 .rodata.photo4
                0x0001f460    0x1c200 ./src/example8.o
                0x0001f460                photo4
 *(.init)
 .init          0x0003b660        0x4 c:/nxp/s32ds.3.4/s32ds/build_tools/gcc_v6.3/gcc-6.3-arm32-eabi/bin/../lib/gcc/arm-none-eabi/6.3.1/thumb/v7e-m/fpv4-sp/hard/crti.o
                0x0003b660                _init
 *(.fini)
 .fini          0x0003b664        0x4 c:/nxp/s32ds.3.4/s32ds/build_tools/gcc_v6.3/gcc-6.3-arm32-eabi/bin/../lib/gcc/arm-none-eabi/6.3.1/thumb/v7e-m/fpv4-sp/hard/crti.o
                0x0003b664                _fini
 *(.eh_frame)
                0x0003b668                . = ALIGN (0x4)

.glue_7         0x0003b668        0x0
 .glue_7        0x0003b668        0x0 linker stubs

.glue_7t        0x0003b668        0x0
 .glue_7t       0x0003b668        0x0 linker stubs

.vfp11_veneer   0x0003b668        0x0
 .vfp11_veneer  0x0003b668        0x0 linker stubs

.v4_bx          0x0003b668        0x0
 .v4_bx         0x0003b668        0x0 linker stubs

.iplt           0x0003b668        0x0
 .iplt          0x0003b668        0x0 c:/nxp/s32ds.3.4/s32ds/build_tools/gcc_v6.3/gcc-6.3-arm32-eabi/bin/../lib/gcc/arm-none-eabi/6.3.1/thumb/v7e-m/fpv4-sp/hard/crtbegin.o

.rel.dyn        0x0003b668        0x0
 .rel.iplt      0x0003b668        0x0 c:/nxp/s32ds.3.4/s32ds/build_tools/gcc_v6.3/gcc-6.3-arm32-eabi/bin/../lib/gcc/arm-none-eabi/6.3.1/thumb/v7e-m/fpv4-sp/hard/crtbegin.o

.ARM            0x0003b668        0x0
                0x0003b668                __exidx_start = .
 *(.ARM.exidx*)
                0x0003b668                __exidx_end = .
                0x0003b668                __etext = .
                0x0003b668                __DATA_ROM = .

.interrupts_ram
                0x1fff8000      0x400
                0x1fff8000                . = ALIGN (0x4)
                0x1fff8000                __VECTOR_RAM__ = .
                0x1fff8000                __RAM_START = .
                0x1fff8000                __interrupts_ram_start__ = .
 *(.m_interrupts_ram)
                0x1fff8400                . = (. + M_VECTOR_RAM_SIZE)
 *fill*         0x1fff8000      0x400 
                0x1fff8400                . = ALIGN (0x4)
                0x1fff8400                __interrupts_ram_end__ = .
                0x1fff8000                __VECTOR_RAM = DEFINED (__flash_vector_table__)?ORIGIN (m_interrupts):__VECTOR_RAM__
                0x00000400                __RAM_VECTOR_TABLE_SIZE = DEFINED (__flash_vector_table__)?0x0:(__interrupts_ram_end__ - __interrupts_ram_start__)

.data           0x1fff8400      0x254 load address 0x0003b668
                0x1fff8400                . = ALIGN (0x4)
                0x1fff8400                __DATA_RAM = .
                0x1fff8400                __data_start__ = .
 *(.data)
 *(.data*)
 .data.peripheralClockConfig.7386
                0x1fff8400       0xa0 ./SDK/platform/drivers/src/clock/S32K1xx/clock_S32K1xx.o
 .data.g_lpspiBase
                0x1fff84a0        0xc ./SDK/platform/drivers/src/lpspi/lpspi_shared_function.o
                0x1fff84a0                g_lpspiBase
 .data.g_lpspiIrqId
                0x1fff84ac        0x3 ./SDK/platform/drivers/src/lpspi/lpspi_shared_function.o
                0x1fff84ac                g_lpspiIrqId
 .data.first_init.6877
                0x1fff84af        0x1 ./SDK/rtos/osif/osif_baremetal.o
 .data.peripheralClockConfig0
                0x1fff84b0       0xa0 ./board/clock_config.o
                0x1fff84b0                peripheralClockConfig0
 .data.clockMan1_InitConfig0
                0x1fff8550       0x88 ./board/clock_config.o
                0x1fff8550                clockMan1_InitConfig0
 .data.g_pin_mux_InitConfigArr0
                0x1fff85d8       0x78 ./board/pin_mux.o
                0x1fff85d8                g_pin_mux_InitConfigArr0
 .data.MADCTL_SetRotation0
                0x1fff8650        0x1 ./src/example8.o
                0x1fff8650                MADCTL_SetRotation0
 .data.MADCTL_SetRotation1
                0x1fff8651        0x1 ./src/example8.o
                0x1fff8651                MADCTL_SetRotation1
 .data.MADCTL_SetRotation3
                0x1fff8652        0x1 ./src/example8.o
                0x1fff8652                MADCTL_SetRotation3
                0x1fff8654                . = ALIGN (0x4)
 *fill*         0x1fff8653        0x1 
                0x1fff8654                __data_end__ = .
                0x0003b8bc                __DATA_END = (__DATA_ROM + (__data_end__ - __data_start__))
                0x0003b8bc                __CODE_ROM = __DATA_END

.igot.plt       0x1fff8654        0x0 load address 0x0003b8bc
 .igot.plt      0x1fff8654        0x0 c:/nxp/s32ds.3.4/s32ds/build_tools/gcc_v6.3/gcc-6.3-arm32-eabi/bin/../lib/gcc/arm-none-eabi/6.3.1/thumb/v7e-m/fpv4-sp/hard/crtbegin.o

.code           0x1fff8654        0x0 load address 0x0003b8bc
                0x1fff8654                . = ALIGN (0x4)
                0x1fff8654                __CODE_RAM = .
                0x1fff8654                __code_start__ = .
                0x1fff8654                __code_ram_start__ = .
 *(.code_ram)
                0x1fff8654                . = ALIGN (0x4)
                0x1fff8654                __code_end__ = .
                0x1fff8654                __code_ram_end__ = .
                0x0003b8bc                __CODE_END = (__CODE_ROM + (__code_end__ - __code_start__))
                0x0003b8bc                __CUSTOM_ROM = __CODE_END

.customSectionBlock
                0x20000000        0x0 load address 0x0003b8bc
                0x20000000                __customSection_start__ = .
 *(.customSection)
                0x20000000                __customSection_end__ = .
                0x0003b8bc                __CUSTOM_END = (__CUSTOM_ROM + (__customSection_end__ - __customSection_start__))
                0x0003b8bc                __rom_end = __CUSTOM_END

.bss            0x20000000       0x74
                0x20000000                . = ALIGN (0x4)
                0x20000000                __BSS_START = .
                0x20000000                __bss_start__ = .
 *(.bss)
 *(.bss*)
 .bss.j         0x20000000        0x2 ./S&M_Driv/src/ST7789_low_level.o
                0x20000000                j
 *fill*         0x20000002        0x2 
 .bss.g_TClkFreq
                0x20000004        0xc ./SDK/platform/drivers/src/clock/S32K1xx/clock_S32K1xx.o
                0x20000004                g_TClkFreq
 .bss.g_RtcClkInFreq
                0x20000010        0x4 ./SDK/platform/drivers/src/clock/S32K1xx/clock_S32K1xx.o
                0x20000010                g_RtcClkInFreq
 .bss.g_xtal0ClkFreq
                0x20000014        0x4 ./SDK/platform/drivers/src/clock/S32K1xx/clock_S32K1xx.o
                0x20000014                g_xtal0ClkFreq
 .bss.g_csecStatePtr
                0x20000018        0x4 ./SDK/platform/drivers/src/csec/csec_driver.o
 .bss.s_virtEdmaState
                0x2000001c        0x4 ./SDK/platform/drivers/src/edma/edma_driver.o
 .bss.g_interruptDisableCount
                0x20000020        0x4 ./SDK/platform/drivers/src/interrupt/interrupt_manager.o
 .bss.g_lpspiStatePtr
                0x20000024        0xc ./SDK/platform/drivers/src/lpspi/lpspi_shared_function.o
                0x20000024                g_lpspiStatePtr
 .bss.s_osif_tick_cnt
                0x20000030        0x4 ./SDK/rtos/osif/osif_baremetal.o
 .bss.ST7789_InterfaceState
                0x20000034       0x34 ./board/peripherals_ST7789_Interface.o
                0x20000034                ST7789_InterfaceState
 .bss.rx_value.7330
                0x20000068        0x1 ./board/peripherals_ST7789_Interface.o
 *fill*         0x20000069        0x3 
 .bss.exit_code
                0x2000006c        0x4 ./src/example8.o
                0x2000006c                exit_code
 .bss.error     0x20000070        0x2 ./src/example8.o
                0x20000070                error
 .bss.MADCTL_SetRotation2
                0x20000072        0x1 ./src/example8.o
                0x20000072                MADCTL_SetRotation2
 *(COMMON)
                0x20000074                . = ALIGN (0x4)
 *fill*         0x20000073        0x1 
                0x20000074                __bss_end__ = .
                0x20000074                __BSS_END = .

.heap           0x20000074      0x404
                0x20000078                . = ALIGN (0x8)
 *fill*         0x20000074        0x4 
                0x20000078                __end__ = .
                0x20000078                __heap_start__ = .
                [!provide]                PROVIDE (end, .)
                [!provide]                PROVIDE (_end, .)
                [!provide]                PROVIDE (__end, .)
                0x20000078                __HeapBase = .
                0x20000478                . = (. + HEAP_SIZE)
 *fill*         0x20000078      0x400 
                0x20000478                __HeapLimit = .
                0x20000478                __heap_limit = .
                0x20000478                __heap_end__ = .
                0x20007000                __StackTop = (ORIGIN (m_data_2) + LENGTH (m_data_2))
                0x20006c00                __StackLimit = (__StackTop - STACK_SIZE)
                0x20007000                PROVIDE (__stack, __StackTop)
                0x20007000                __RAM_END = __StackTop

.stack          0x20006c00      0x400
                0x20006c00                . = ALIGN (0x8)
                0x20006c00                __stack_start__ = .
                0x20007000                . = (. + STACK_SIZE)
 *fill*         0x20006c00      0x400 
                0x20007000                __stack_end__ = .

.ARM.attributes
                0x00000000       0x30
 *(.ARM.attributes)
 .ARM.attributes
                0x00000000       0x22 c:/nxp/s32ds.3.4/s32ds/build_tools/gcc_v6.3/gcc-6.3-arm32-eabi/bin/../lib/gcc/arm-none-eabi/6.3.1/thumb/v7e-m/fpv4-sp/hard/crti.o
 .ARM.attributes
                0x00000022       0x1f ./Project_Settings/Startup_Code/startup_S32K144.o
 .ARM.attributes
                0x00000041       0x39 ./S&M_Driv/src/ST7789_low_level.o
 .ARM.attributes
                0x0000007a       0x39 ./SDK/platform/devices/S32K144/startup/system_S32K144.o
 .ARM.attributes
                0x000000b3       0x39 ./SDK/platform/devices/startup.o
 .ARM.attributes
                0x000000ec       0x39 ./SDK/platform/drivers/src/clock/S32K1xx/clock_S32K1xx.o
 .ARM.attributes
                0x00000125       0x39 ./SDK/platform/drivers/src/csec/csec_driver.o
 .ARM.attributes
                0x0000015e       0x39 ./SDK/platform/drivers/src/csec/csec_hw_access.o
 .ARM.attributes
                0x00000197       0x39 ./SDK/platform/drivers/src/edma/edma_driver.o
 .ARM.attributes
                0x000001d0       0x39 ./SDK/platform/drivers/src/edma/edma_hw_access.o
 .ARM.attributes
                0x00000209       0x39 ./SDK/platform/drivers/src/edma/edma_irq.o
 .ARM.attributes
                0x00000242       0x39 ./SDK/platform/drivers/src/interrupt/interrupt_manager.o
 .ARM.attributes
                0x0000027b       0x39 ./SDK/platform/drivers/src/lpspi/lpspi_hw_access.o
 .ARM.attributes
                0x000002b4       0x39 ./SDK/platform/drivers/src/lpspi/lpspi_irq.o
 .ARM.attributes
                0x000002ed       0x39 ./SDK/platform/drivers/src/lpspi/lpspi_master_driver.o
 .ARM.attributes
                0x00000326       0x39 ./SDK/platform/drivers/src/lpspi/lpspi_shared_function.o
 .ARM.attributes
                0x0000035f       0x39 ./SDK/platform/drivers/src/lpspi/lpspi_slave_driver.o
 .ARM.attributes
                0x00000398       0x39 ./SDK/platform/drivers/src/pins/pins_driver.o
 .ARM.attributes
                0x000003d1       0x39 ./SDK/platform/drivers/src/pins/pins_port_hw_access.o
 .ARM.attributes
                0x0000040a       0x39 ./SDK/rtos/osif/osif_baremetal.o
 .ARM.attributes
                0x00000443       0x39 ./board/clock_config.o
 .ARM.attributes
                0x0000047c       0x39 ./board/peripherals_ST7789_Interface.o
 .ARM.attributes
                0x000004b5       0x39 ./board/pin_mux.o
 .ARM.attributes
                0x000004ee       0x39 ./src/example8.o
                0x00000001                ASSERT ((__rom_end <= (ORIGIN (m_text) + LENGTH (m_text))), Region m_text overflowed!)
                0x00000001                ASSERT ((__StackLimit >= __HeapLimit), region m_data_2 overflowed with stack and heap)
OUTPUT(S32K144_ST7789_Graphics_Test.elf elf32-littlearm)

.debug_line     0x00000000     0x7758
 .debug_line    0x00000000       0x82 ./Project_Settings/Startup_Code/startup_S32K144.o
 .debug_line    0x00000082      0x584 ./S&M_Driv/src/ST7789_low_level.o
 .debug_line    0x00000606      0x27e ./SDK/platform/devices/S32K144/startup/system_S32K144.o
 .debug_line    0x00000884      0x1a8 ./SDK/platform/devices/startup.o
 .debug_line    0x00000a2c     0x1704 ./SDK/platform/drivers/src/clock/S32K1xx/clock_S32K1xx.o
 .debug_line    0x00002130      0x9b2 ./SDK/platform/drivers/src/csec/csec_driver.o
 .debug_line    0x00002ae2      0x35e ./SDK/platform/drivers/src/csec/csec_hw_access.o
 .debug_line    0x00002e40      0xc07 ./SDK/platform/drivers/src/edma/edma_driver.o
 .debug_line    0x00003a47      0x3b0 ./SDK/platform/drivers/src/edma/edma_hw_access.o
 .debug_line    0x00003df7      0x330 ./SDK/platform/drivers/src/edma/edma_irq.o
 .debug_line    0x00004127      0x39e ./SDK/platform/drivers/src/interrupt/interrupt_manager.o
 .debug_line    0x000044c5      0x496 ./SDK/platform/drivers/src/lpspi/lpspi_hw_access.o
 .debug_line    0x0000495b      0x314 ./SDK/platform/drivers/src/lpspi/lpspi_irq.o
 .debug_line    0x00004c6f      0x75a ./SDK/platform/drivers/src/lpspi/lpspi_master_driver.o
 .debug_line    0x000053c9      0x43c ./SDK/platform/drivers/src/lpspi/lpspi_shared_function.o
 .debug_line    0x00005805      0x662 ./SDK/platform/drivers/src/lpspi/lpspi_slave_driver.o
 .debug_line    0x00005e67      0x630 ./SDK/platform/drivers/src/pins/pins_driver.o
 .debug_line    0x00006497      0x2f8 ./SDK/platform/drivers/src/pins/pins_port_hw_access.o
 .debug_line    0x0000678f      0x3f7 ./SDK/rtos/osif/osif_baremetal.o
 .debug_line    0x00006b86      0x263 ./board/clock_config.o
 .debug_line    0x00006de9      0x35a ./board/peripherals_ST7789_Interface.o
 .debug_line    0x00007143      0x1c7 ./board/pin_mux.o
 .debug_line    0x0000730a      0x44e ./src/example8.o

.debug_info     0x00000000    0x19420
 .debug_info    0x00000000       0x26 ./Project_Settings/Startup_Code/startup_S32K144.o
 .debug_info    0x00000026     0x12fd ./S&M_Driv/src/ST7789_low_level.o
 .debug_info    0x00001323      0x51e ./SDK/platform/devices/S32K144/startup/system_S32K144.o
 .debug_info    0x00001841      0x46d ./SDK/platform/devices/startup.o
 .debug_info    0x00001cae     0x403f ./SDK/platform/drivers/src/clock/S32K1xx/clock_S32K1xx.o
 .debug_info    0x00005ced     0x2063 ./SDK/platform/drivers/src/csec/csec_driver.o
 .debug_info    0x00007d50      0xe4a ./SDK/platform/drivers/src/csec/csec_hw_access.o
 .debug_info    0x00008b9a     0x2a15 ./SDK/platform/drivers/src/edma/edma_driver.o
 .debug_info    0x0000b5af      0x936 ./SDK/platform/drivers/src/edma/edma_hw_access.o
 .debug_info    0x0000bee5      0x53e ./SDK/platform/drivers/src/edma/edma_irq.o
 .debug_info    0x0000c423      0x9a7 ./SDK/platform/drivers/src/interrupt/interrupt_manager.o
 .debug_info    0x0000cdca     0x11e7 ./SDK/platform/drivers/src/lpspi/lpspi_hw_access.o
 .debug_info    0x0000dfb1      0x741 ./SDK/platform/drivers/src/lpspi/lpspi_irq.o
 .debug_info    0x0000e6f2     0x1fa7 ./SDK/platform/drivers/src/lpspi/lpspi_master_driver.o
 .debug_info    0x00010699      0xc15 ./SDK/platform/drivers/src/lpspi/lpspi_shared_function.o
 .debug_info    0x000112ae     0x1c66 ./SDK/platform/drivers/src/lpspi/lpspi_slave_driver.o
 .debug_info    0x00012f14     0x1143 ./SDK/platform/drivers/src/pins/pins_driver.o
 .debug_info    0x00014057      0x862 ./SDK/platform/drivers/src/pins/pins_port_hw_access.o
 .debug_info    0x000148b9      0x914 ./SDK/rtos/osif/osif_baremetal.o
 .debug_info    0x000151cd     0x12b5 ./board/clock_config.o
 .debug_info    0x00016482      0xd6a ./board/peripherals_ST7789_Interface.o
 .debug_info    0x000171ec      0x405 ./board/pin_mux.o
 .debug_info    0x000175f1     0x1e2f ./src/example8.o

.debug_abbrev   0x00000000     0x2a7c
 .debug_abbrev  0x00000000       0x14 ./Project_Settings/Startup_Code/startup_S32K144.o
 .debug_abbrev  0x00000014      0x22b ./S&M_Driv/src/ST7789_low_level.o
 .debug_abbrev  0x0000023f      0x122 ./SDK/platform/devices/S32K144/startup/system_S32K144.o
 .debug_abbrev  0x00000361      0x105 ./SDK/platform/devices/startup.o
 .debug_abbrev  0x00000466      0x2ca ./SDK/platform/drivers/src/clock/S32K1xx/clock_S32K1xx.o
 .debug_abbrev  0x00000730      0x38f ./SDK/platform/drivers/src/csec/csec_driver.o
 .debug_abbrev  0x00000abf      0x22c ./SDK/platform/drivers/src/csec/csec_hw_access.o
 .debug_abbrev  0x00000ceb      0x2ac ./SDK/platform/drivers/src/edma/edma_driver.o
 .debug_abbrev  0x00000f97      0x1c9 ./SDK/platform/drivers/src/edma/edma_hw_access.o
 .debug_abbrev  0x00001160      0x166 ./SDK/platform/drivers/src/edma/edma_irq.o
 .debug_abbrev  0x000012c6      0x1b3 ./SDK/platform/drivers/src/interrupt/interrupt_manager.o
 .debug_abbrev  0x00001479      0x238 ./SDK/platform/drivers/src/lpspi/lpspi_hw_access.o
 .debug_abbrev  0x000016b1      0x133 ./SDK/platform/drivers/src/lpspi/lpspi_irq.o
 .debug_abbrev  0x000017e4      0x2e4 ./SDK/platform/drivers/src/lpspi/lpspi_master_driver.o
 .debug_abbrev  0x00001ac8      0x1d8 ./SDK/platform/drivers/src/lpspi/lpspi_shared_function.o
 .debug_abbrev  0x00001ca0      0x2ca ./SDK/platform/drivers/src/lpspi/lpspi_slave_driver.o
 .debug_abbrev  0x00001f6a      0x23a ./SDK/platform/drivers/src/pins/pins_driver.o
 .debug_abbrev  0x000021a4      0x191 ./SDK/platform/drivers/src/pins/pins_port_hw_access.o
 .debug_abbrev  0x00002335      0x229 ./SDK/rtos/osif/osif_baremetal.o
 .debug_abbrev  0x0000255e      0x122 ./board/clock_config.o
 .debug_abbrev  0x00002680      0x19f ./board/peripherals_ST7789_Interface.o
 .debug_abbrev  0x0000281f       0xca ./board/pin_mux.o
 .debug_abbrev  0x000028e9      0x193 ./src/example8.o

.debug_aranges  0x00000000     0x10e8
 .debug_aranges
                0x00000000       0x20 ./Project_Settings/Startup_Code/startup_S32K144.o
 .debug_aranges
                0x00000020       0x78 ./S&M_Driv/src/ST7789_low_level.o
 .debug_aranges
                0x00000098       0x30 ./SDK/platform/devices/S32K144/startup/system_S32K144.o
 .debug_aranges
                0x000000c8       0x20 ./SDK/platform/devices/startup.o
 .debug_aranges
                0x000000e8      0x498 ./SDK/platform/drivers/src/clock/S32K1xx/clock_S32K1xx.o
 .debug_aranges
                0x00000580      0x198 ./SDK/platform/drivers/src/csec/csec_driver.o
 .debug_aranges
                0x00000718       0x50 ./SDK/platform/drivers/src/csec/csec_hw_access.o
 .debug_aranges
                0x00000768      0x220 ./SDK/platform/drivers/src/edma/edma_driver.o
 .debug_aranges
                0x00000988       0x88 ./SDK/platform/drivers/src/edma/edma_hw_access.o
 .debug_aranges
                0x00000a10       0xa8 ./SDK/platform/drivers/src/edma/edma_irq.o
 .debug_aranges
                0x00000ab8       0x70 ./SDK/platform/drivers/src/interrupt/interrupt_manager.o
 .debug_aranges
                0x00000b28       0x80 ./SDK/platform/drivers/src/lpspi/lpspi_hw_access.o
 .debug_aranges
                0x00000ba8       0x30 ./SDK/platform/drivers/src/lpspi/lpspi_irq.o
 .debug_aranges
                0x00000bd8      0x100 ./SDK/platform/drivers/src/lpspi/lpspi_master_driver.o
 .debug_aranges
                0x00000cd8       0x70 ./SDK/platform/drivers/src/lpspi/lpspi_shared_function.o
 .debug_aranges
                0x00000d48       0xc0 ./SDK/platform/drivers/src/lpspi/lpspi_slave_driver.o
 .debug_aranges
                0x00000e08      0x188 ./SDK/platform/drivers/src/pins/pins_driver.o
 .debug_aranges
                0x00000f90       0x48 ./SDK/platform/drivers/src/pins/pins_port_hw_access.o
 .debug_aranges
                0x00000fd8       0x98 ./SDK/rtos/osif/osif_baremetal.o
 .debug_aranges
                0x00001070       0x18 ./board/clock_config.o
 .debug_aranges
                0x00001088       0x28 ./board/peripherals_ST7789_Interface.o
 .debug_aranges
                0x000010b0       0x18 ./board/pin_mux.o
 .debug_aranges
                0x000010c8       0x20 ./src/example8.o

.debug_str      0x00000000     0x8daa
 .debug_str     0x00000000       0x99 ./Project_Settings/Startup_Code/startup_S32K144.o
 .debug_str     0x00000099     0x154f ./S&M_Driv/src/ST7789_low_level.o
                               0x1673 (size before relaxing)
 .debug_str     0x000015e8      0x1cc ./SDK/platform/devices/S32K144/startup/system_S32K144.o
                                0x482 (size before relaxing)
 .debug_str     0x000017b4      0x20c ./SDK/platform/devices/startup.o
                                0x516 (size before relaxing)
 .debug_str     0x000019c0     0x3261 ./SDK/platform/drivers/src/clock/S32K1xx/clock_S32K1xx.o
                               0x3a2c (size before relaxing)
 .debug_str     0x00004c21      0xe17 ./SDK/platform/drivers/src/csec/csec_driver.o
                               0x1f75 (size before relaxing)
 .debug_str     0x00005a38       0xfb ./SDK/platform/drivers/src/csec/csec_hw_access.o
                                0xbe3 (size before relaxing)
 .debug_str     0x00005b33     0x1748 ./SDK/platform/drivers/src/edma/edma_driver.o
                               0x2cd9 (size before relaxing)
 .debug_str     0x0000727b      0x176 ./SDK/platform/drivers/src/edma/edma_hw_access.o
                                0x833 (size before relaxing)
 .debug_str     0x000073f1      0x162 ./SDK/platform/drivers/src/edma/edma_irq.o
                                0x500 (size before relaxing)
 .debug_str     0x00007553      0x1d6 ./SDK/platform/drivers/src/interrupt/interrupt_manager.o
                                0xbc7 (size before relaxing)
 .debug_str     0x00007729      0x4e6 ./SDK/platform/drivers/src/lpspi/lpspi_hw_access.o
                               0x1d50 (size before relaxing)
 .debug_str     0x00007c0f       0x64 ./SDK/platform/drivers/src/lpspi/lpspi_irq.o
                                0xb3a (size before relaxing)
 .debug_str     0x00007c73      0x3dd ./SDK/platform/drivers/src/lpspi/lpspi_master_driver.o
                               0x247a (size before relaxing)
 .debug_str     0x00008050      0x12f ./SDK/platform/drivers/src/lpspi/lpspi_shared_function.o
                               0x1107 (size before relaxing)
 .debug_str     0x0000817f      0x183 ./SDK/platform/drivers/src/lpspi/lpspi_slave_driver.o
                               0x22cc (size before relaxing)
 .debug_str     0x00008302      0x591 ./SDK/platform/drivers/src/pins/pins_driver.o
                               0x143e (size before relaxing)
 .debug_str     0x00008893      0x1f1 ./SDK/platform/drivers/src/pins/pins_port_hw_access.o
                                0x975 (size before relaxing)
 .debug_str     0x00008a84      0x1d4 ./SDK/rtos/osif/osif_baremetal.o
                               0x10e6 (size before relaxing)
 .debug_str     0x00008c58       0x71 ./board/clock_config.o
                               0x2389 (size before relaxing)
 .debug_str     0x00008cc9       0x49 ./board/peripherals_ST7789_Interface.o
                               0x1904 (size before relaxing)
 .debug_str     0x00008d12       0x13 ./board/pin_mux.o
                                0x639 (size before relaxing)
 .debug_str     0x00008d25       0x85 ./src/example8.o
                               0x2cfa (size before relaxing)

.debug_ranges   0x00000000      0xf88
 .debug_ranges  0x00000000       0x68 ./S&M_Driv/src/ST7789_low_level.o
 .debug_ranges  0x00000068       0x20 ./SDK/platform/devices/S32K144/startup/system_S32K144.o
 .debug_ranges  0x00000088       0x10 ./SDK/platform/devices/startup.o
 .debug_ranges  0x00000098      0x488 ./SDK/platform/drivers/src/clock/S32K1xx/clock_S32K1xx.o
 .debug_ranges  0x00000520      0x1a0 ./SDK/platform/drivers/src/csec/csec_driver.o
 .debug_ranges  0x000006c0       0x40 ./SDK/platform/drivers/src/csec/csec_hw_access.o
 .debug_ranges  0x00000700      0x210 ./SDK/platform/drivers/src/edma/edma_driver.o
 .debug_ranges  0x00000910       0x78 ./SDK/platform/drivers/src/edma/edma_hw_access.o
 .debug_ranges  0x00000988       0x98 ./SDK/platform/drivers/src/edma/edma_irq.o
 .debug_ranges  0x00000a20       0x60 ./SDK/platform/drivers/src/interrupt/interrupt_manager.o
 .debug_ranges  0x00000a80       0x70 ./SDK/platform/drivers/src/lpspi/lpspi_hw_access.o
 .debug_ranges  0x00000af0       0x20 ./SDK/platform/drivers/src/lpspi/lpspi_irq.o
 .debug_ranges  0x00000b10       0xf0 ./SDK/platform/drivers/src/lpspi/lpspi_master_driver.o
 .debug_ranges  0x00000c00       0x78 ./SDK/platform/drivers/src/lpspi/lpspi_shared_function.o
 .debug_ranges  0x00000c78       0xb0 ./SDK/platform/drivers/src/lpspi/lpspi_slave_driver.o
 .debug_ranges  0x00000d28      0x178 ./SDK/platform/drivers/src/pins/pins_driver.o
 .debug_ranges  0x00000ea0       0x38 ./SDK/platform/drivers/src/pins/pins_port_hw_access.o
 .debug_ranges  0x00000ed8       0x88 ./SDK/rtos/osif/osif_baremetal.o
 .debug_ranges  0x00000f60       0x18 ./board/peripherals_ST7789_Interface.o
 .debug_ranges  0x00000f78       0x10 ./src/example8.o

.comment        0x00000000       0xa0
 .comment       0x00000000       0xa0 ./S&M_Driv/src/ST7789_low_level.o
                                 0xa1 (size before relaxing)
 .comment       0x000000a0       0xa1 ./SDK/platform/devices/S32K144/startup/system_S32K144.o
 .comment       0x000000a0       0xa1 ./SDK/platform/devices/startup.o
 .comment       0x000000a0       0xa1 ./SDK/platform/drivers/src/clock/S32K1xx/clock_S32K1xx.o
 .comment       0x000000a0       0xa1 ./SDK/platform/drivers/src/csec/csec_driver.o
 .comment       0x000000a0       0xa1 ./SDK/platform/drivers/src/csec/csec_hw_access.o
 .comment       0x000000a0       0xa1 ./SDK/platform/drivers/src/edma/edma_driver.o
 .comment       0x000000a0       0xa1 ./SDK/platform/drivers/src/edma/edma_hw_access.o
 .comment       0x000000a0       0xa1 ./SDK/platform/drivers/src/edma/edma_irq.o
 .comment       0x000000a0       0xa1 ./SDK/platform/drivers/src/interrupt/interrupt_manager.o
 .comment       0x000000a0       0xa1 ./SDK/platform/drivers/src/lpspi/lpspi_hw_access.o
 .comment       0x000000a0       0xa1 ./SDK/platform/drivers/src/lpspi/lpspi_irq.o
 .comment       0x000000a0       0xa1 ./SDK/platform/drivers/src/lpspi/lpspi_master_driver.o
 .comment       0x000000a0       0xa1 ./SDK/platform/drivers/src/lpspi/lpspi_shared_function.o
 .comment       0x000000a0       0xa1 ./SDK/platform/drivers/src/lpspi/lpspi_slave_driver.o
 .comment       0x000000a0       0xa1 ./SDK/platform/drivers/src/pins/pins_driver.o
 .comment       0x000000a0       0xa1 ./SDK/platform/drivers/src/pins/pins_port_hw_access.o
 .comment       0x000000a0       0xa1 ./SDK/rtos/osif/osif_baremetal.o
 .comment       0x000000a0       0xa1 ./board/clock_config.o
 .comment       0x000000a0       0xa1 ./board/peripherals_ST7789_Interface.o
 .comment       0x000000a0       0xa1 ./board/pin_mux.o
 .comment       0x000000a0       0xa1 ./src/example8.o

.debug_frame    0x00000000     0x46b8
 .debug_frame   0x00000000      0x1d4 ./S&M_Driv/src/ST7789_low_level.o
 .debug_frame   0x000001d4       0x80 ./SDK/platform/devices/S32K144/startup/system_S32K144.o
 .debug_frame   0x00000254       0x38 ./SDK/platform/devices/startup.o
 .debug_frame   0x0000028c     0x15d8 ./SDK/platform/drivers/src/clock/S32K1xx/clock_S32K1xx.o
 .debug_frame   0x00001864      0x6dc ./SDK/platform/drivers/src/csec/csec_driver.o
 .debug_frame   0x00001f40      0x128 ./SDK/platform/drivers/src/csec/csec_hw_access.o
 .debug_frame   0x00002068      0x9bc ./SDK/platform/drivers/src/edma/edma_driver.o
 .debug_frame   0x00002a24      0x23c ./SDK/platform/drivers/src/edma/edma_hw_access.o
 .debug_frame   0x00002c60      0x21c ./SDK/platform/drivers/src/edma/edma_irq.o
 .debug_frame   0x00002e7c      0x1b8 ./SDK/platform/drivers/src/interrupt/interrupt_manager.o
 .debug_frame   0x00003034      0x218 ./SDK/platform/drivers/src/lpspi/lpspi_hw_access.o
 .debug_frame   0x0000324c       0x64 ./SDK/platform/drivers/src/lpspi/lpspi_irq.o
 .debug_frame   0x000032b0      0x46c ./SDK/platform/drivers/src/lpspi/lpspi_master_driver.o
 .debug_frame   0x0000371c      0x1bc ./SDK/platform/drivers/src/lpspi/lpspi_shared_function.o
 .debug_frame   0x000038d8      0x344 ./SDK/platform/drivers/src/lpspi/lpspi_slave_driver.o
 .debug_frame   0x00003c1c      0x6dc ./SDK/platform/drivers/src/pins/pins_driver.o
 .debug_frame   0x000042f8       0xf8 ./SDK/platform/drivers/src/pins/pins_port_hw_access.o
 .debug_frame   0x000043f0      0x23c ./SDK/rtos/osif/osif_baremetal.o
 .debug_frame   0x0000462c       0x58 ./board/peripherals_ST7789_Interface.o
 .debug_frame   0x00004684       0x34 ./src/example8.o
