Archive member included to satisfy reference by file (symbol)

C:/NXP/S32DS.3.4/S32DS/build_tools/gcc_v6.3/gcc-6.3-arm32-eabi/arm-none-eabi/newlib/lib/thumb/v7e-m/fpv4-sp/hard\libc_nano.a(lib_a-exit.o)
                              C:/NXP/S32DS.3.4/S32DS/build_tools/gcc_v6.3/gcc-6.3-arm32-eabi/arm-none-eabi/newlib/lib/thumb/v7e-m/fpv4-sp/hard/crt0.o (exit)
C:/NXP/S32DS.3.4/S32DS/build_tools/gcc_v6.3/gcc-6.3-arm32-eabi/arm-none-eabi/newlib/lib/thumb/v7e-m/fpv4-sp/hard\libc_nano.a(lib_a-impure.o)
                              C:/NXP/S32DS.3.4/S32DS/build_tools/gcc_v6.3/gcc-6.3-arm32-eabi/arm-none-eabi/newlib/lib/thumb/v7e-m/fpv4-sp/hard\libc_nano.a(lib_a-exit.o) (_global_impure_ptr)
C:/NXP/S32DS.3.4/S32DS/build_tools/gcc_v6.3/gcc-6.3-arm32-eabi/arm-none-eabi/newlib/lib/thumb/v7e-m/fpv4-sp/hard\libc_nano.a(lib_a-init.o)
                              C:/NXP/S32DS.3.4/S32DS/build_tools/gcc_v6.3/gcc-6.3-arm32-eabi/arm-none-eabi/newlib/lib/thumb/v7e-m/fpv4-sp/hard/crt0.o (__libc_init_array)
C:/NXP/S32DS.3.4/S32DS/build_tools/gcc_v6.3/gcc-6.3-arm32-eabi/arm-none-eabi/newlib/lib/thumb/v7e-m/fpv4-sp/hard\libc_nano.a(lib_a-memset.o)
                              C:/NXP/S32DS.3.4/S32DS/build_tools/gcc_v6.3/gcc-6.3-arm32-eabi/arm-none-eabi/newlib/lib/thumb/v7e-m/fpv4-sp/hard/crt0.o (memset)
C:/NXP/S32DS.3.4/S32DS/build_tools/gcc_v6.3/gcc-6.3-arm32-eabi/arm-none-eabi/newlib/lib/thumb/v7e-m/fpv4-sp/hard\libnosys.a(_exit.o)
                              C:/NXP/S32DS.3.4/S32DS/build_tools/gcc_v6.3/gcc-6.3-arm32-eabi/arm-none-eabi/newlib/lib/thumb/v7e-m/fpv4-sp/hard\libc_nano.a(lib_a-exit.o) (_exit)

Discarded input sections

 .text          0x00000000        0x0 c:/nxp/s32ds.3.4/s32ds/build_tools/gcc_v6.3/gcc-6.3-arm32-eabi/bin/../lib/gcc/arm-none-eabi/6.3.1/thumb/v7e-m/fpv4-sp/hard/crti.o
 .data          0x00000000        0x0 c:/nxp/s32ds.3.4/s32ds/build_tools/gcc_v6.3/gcc-6.3-arm32-eabi/bin/../lib/gcc/arm-none-eabi/6.3.1/thumb/v7e-m/fpv4-sp/hard/crti.o
 .bss           0x00000000        0x0 c:/nxp/s32ds.3.4/s32ds/build_tools/gcc_v6.3/gcc-6.3-arm32-eabi/bin/../lib/gcc/arm-none-eabi/6.3.1/thumb/v7e-m/fpv4-sp/hard/crti.o
 .text          0x00000000       0xa4 c:/nxp/s32ds.3.4/s32ds/build_tools/gcc_v6.3/gcc-6.3-arm32-eabi/bin/../lib/gcc/arm-none-eabi/6.3.1/thumb/v7e-m/fpv4-sp/hard/crtbegin.o
 .data          0x00000000        0x4 c:/nxp/s32ds.3.4/s32ds/build_tools/gcc_v6.3/gcc-6.3-arm32-eabi/bin/../lib/gcc/arm-none-eabi/6.3.1/thumb/v7e-m/fpv4-sp/hard/crtbegin.o
 .bss           0x00000000       0x1c c:/nxp/s32ds.3.4/s32ds/build_tools/gcc_v6.3/gcc-6.3-arm32-eabi/bin/../lib/gcc/arm-none-eabi/6.3.1/thumb/v7e-m/fpv4-sp/hard/crtbegin.o
 .init_array    0x00000000        0x4 c:/nxp/s32ds.3.4/s32ds/build_tools/gcc_v6.3/gcc-6.3-arm32-eabi/bin/../lib/gcc/arm-none-eabi/6.3.1/thumb/v7e-m/fpv4-sp/hard/crtbegin.o
 .fini_array    0x00000000        0x4 c:/nxp/s32ds.3.4/s32ds/build_tools/gcc_v6.3/gcc-6.3-arm32-eabi/bin/../lib/gcc/arm-none-eabi/6.3.1/thumb/v7e-m/fpv4-sp/hard/crtbegin.o
 .eh_frame      0x00000000        0x0 c:/nxp/s32ds.3.4/s32ds/build_tools/gcc_v6.3/gcc-6.3-arm32-eabi/bin/../lib/gcc/arm-none-eabi/6.3.1/thumb/v7e-m/fpv4-sp/hard/crtbegin.o
 .jcr           0x00000000        0x0 c:/nxp/s32ds.3.4/s32ds/build_tools/gcc_v6.3/gcc-6.3-arm32-eabi/bin/../lib/gcc/arm-none-eabi/6.3.1/thumb/v7e-m/fpv4-sp/hard/crtbegin.o
 .tm_clone_table
                0x00000000        0x0 c:/nxp/s32ds.3.4/s32ds/build_tools/gcc_v6.3/gcc-6.3-arm32-eabi/bin/../lib/gcc/arm-none-eabi/6.3.1/thumb/v7e-m/fpv4-sp/hard/crtbegin.o
 .comment       0x00000000       0xa1 c:/nxp/s32ds.3.4/s32ds/build_tools/gcc_v6.3/gcc-6.3-arm32-eabi/bin/../lib/gcc/arm-none-eabi/6.3.1/thumb/v7e-m/fpv4-sp/hard/crtbegin.o
 .ARM.attributes
                0x00000000       0x34 c:/nxp/s32ds.3.4/s32ds/build_tools/gcc_v6.3/gcc-6.3-arm32-eabi/bin/../lib/gcc/arm-none-eabi/6.3.1/thumb/v7e-m/fpv4-sp/hard/crtbegin.o
 .text          0x00000000       0x74 C:/NXP/S32DS.3.4/S32DS/build_tools/gcc_v6.3/gcc-6.3-arm32-eabi/arm-none-eabi/newlib/lib/thumb/v7e-m/fpv4-sp/hard/crt0.o
 .data          0x00000000        0x0 C:/NXP/S32DS.3.4/S32DS/build_tools/gcc_v6.3/gcc-6.3-arm32-eabi/arm-none-eabi/newlib/lib/thumb/v7e-m/fpv4-sp/hard/crt0.o
 .bss           0x00000000        0x0 C:/NXP/S32DS.3.4/S32DS/build_tools/gcc_v6.3/gcc-6.3-arm32-eabi/arm-none-eabi/newlib/lib/thumb/v7e-m/fpv4-sp/hard/crt0.o
 .ARM.extab     0x00000000        0x0 C:/NXP/S32DS.3.4/S32DS/build_tools/gcc_v6.3/gcc-6.3-arm32-eabi/arm-none-eabi/newlib/lib/thumb/v7e-m/fpv4-sp/hard/crt0.o
 .ARM.exidx     0x00000000        0x8 C:/NXP/S32DS.3.4/S32DS/build_tools/gcc_v6.3/gcc-6.3-arm32-eabi/arm-none-eabi/newlib/lib/thumb/v7e-m/fpv4-sp/hard/crt0.o
 .ARM.attributes
                0x00000000       0x20 C:/NXP/S32DS.3.4/S32DS/build_tools/gcc_v6.3/gcc-6.3-arm32-eabi/arm-none-eabi/newlib/lib/thumb/v7e-m/fpv4-sp/hard/crt0.o
 .data          0x00000000        0x0 ./Project_Settings/Startup_Code/startup_S32K144.o
[...]
Memory Configuration

Name             Origin             Length             Attributes
m_interrupts     0x1fff8000         0x00000400         xr
m_text           0x1fff8400         0x00007c00         xr
m_data           0x20000000         0x00007000         rw
*default*        0x00000000         0xffffffff

Linker script and memory map

LOAD c:/nxp/s32ds.3.4/s32ds/build_tools/gcc_v6.3/gcc-6.3-arm32-eabi/bin/../lib/gcc/arm-none-eabi/6.3.1/thumb/v7e-m/fpv4-sp/hard/crti.o
LOAD c:/nxp/s32ds.3.4/s32ds/build_tools/gcc_v6.3/gcc-6.3-arm32-eabi/bin/../lib/gcc/arm-none-eabi/6.3.1/thumb/v7e-m/fpv4-sp/hard/crtbegin.o
LOAD C:/NXP/S32DS.3.4/S32DS/build_tools/gcc_v6.3/gcc-6.3-arm32-eabi/arm-none-eabi/newlib/lib/thumb/v7e-m/fpv4-sp/hard/crt0.o
LOAD ./Project_Settings/Startup_Code/startup_S32K144.o
LOAD ./SDK/platform/devices/S32K144/startup/system_S32K144.o
LOAD ./SDK/platform/devices/startup.o
LOAD ./SDK/platform/drivers/src/clock/S32K1xx/clock_S32K1xx.o
LOAD ./SDK/platform/drivers/src/csec/csec_driver.o
LOAD ./SDK/platform/drivers/src/csec/csec_hw_access.o
LOAD ./SDK/platform/drivers/src/edma/edma_driver.o
LOAD ./SDK/platform/drivers/src/edma/edma_hw_access.o
LOAD ./SDK/platform/drivers/src/edma/edma_irq.o
LOAD ./SDK/platform/drivers/src/flash/flash_driver.o
LOAD ./SDK/platform/drivers/src/interrupt/interrupt_manager.o
LOAD ./SDK/platform/drivers/src/lpspi/lpspi_hw_access.o
LOAD ./SDK/platform/drivers/src/lpspi/lpspi_irq.o
LOAD ./SDK/platform/drivers/src/lpspi/lpspi_master_driver.o
LOAD ./SDK/platform/drivers/src/lpspi/lpspi_shared_function.o
LOAD ./SDK/platform/drivers/src/lpspi/lpspi_slave_driver.o
LOAD ./SDK/platform/drivers/src/pins/pins_driver.o
LOAD ./SDK/platform/drivers/src/pins/pins_port_hw_access.o
LOAD ./SDK/rtos/osif/osif_baremetal.o
LOAD ./board/clock_config.o
LOAD ./board/peripherals_ST7789_Interface.o
LOAD ./board/peripherals_csec_config_1.o
LOAD ./board/peripherals_flash_1.o
LOAD ./board/peripherals_osif_1.o
LOAD ./board/pin_mux.o
LOAD ./src/csec_utils.o
LOAD ./src/main.o
START GROUP
LOAD c:/nxp/s32ds.3.4/s32ds/build_tools/gcc_v6.3/gcc-6.3-arm32-eabi/bin/../lib/gcc/arm-none-eabi/6.3.1/thumb/v7e-m/fpv4-sp/hard\libgcc.a
LOAD C:/NXP/S32DS.3.4/S32DS/build_tools/gcc_v6.3/gcc-6.3-arm32-eabi/arm-none-eabi/newlib/lib/thumb/v7e-m/fpv4-sp/hard\libc_nano.a
END GROUP
START GROUP
LOAD c:/nxp/s32ds.3.4/s32ds/build_tools/gcc_v6.3/gcc-6.3-arm32-eabi/bin/../lib/gcc/arm-none-eabi/6.3.1/thumb/v7e-m/fpv4-sp/hard\libgcc.a
LOAD C:/NXP/S32DS.3.4/S32DS/build_tools/gcc_v6.3/gcc-6.3-arm32-eabi/arm-none-eabi/newlib/lib/thumb/v7e-m/fpv4-sp/hard\libc_nano.a
LOAD C:/NXP/S32DS.3.4/S32DS/build_tools/gcc_v6.3/gcc-6.3-arm32-eabi/arm-none-eabi/newlib/lib/thumb/v7e-m/fpv4-sp/hard\libnosys.a
END GROUP
START GROUP
LOAD c:/nxp/s32ds.3.4/s32ds/build_tools/gcc_v6.3/gcc-6.3-arm32-eabi/bin/../lib/gcc/arm-none-eabi/6.3.1/thumb/v7e-m/fpv4-sp/hard\libgcc.a
LOAD C:/NXP/S32DS.3.4/S32DS/build_tools/gcc_v6.3/gcc-6.3-arm32-eabi/arm-none-eabi/newlib/lib/thumb/v7e-m/fpv4-sp/hard\libc_nano.a
LOAD C:/NXP/S32DS.3.4/S32DS/build_tools/gcc_v6.3/gcc-6.3-arm32-eabi/arm-none-eabi/newlib/lib/thumb/v7e-m/fpv4-sp/hard\libnosys.a
END GROUP
LOAD c:/nxp/s32ds.3.4/s32ds/build_tools/gcc_v6.3/gcc-6.3-arm32-eabi/bin/../lib/gcc/arm-none-eabi/6.3.1/thumb/v7e-m/fpv4-sp/hard/crtend.o
LOAD c:/nxp/s32ds.3.4/s32ds/build_tools/gcc_v6.3/gcc-6.3-arm32-eabi/bin/../lib/gcc/arm-none-eabi/6.3.1/thumb/v7e-m/fpv4-sp/hard/crtn.o
                0x00000400                HEAP_SIZE = DEFINED (__heap_size__)?__heap_size__:0x400
                0x00000400                STACK_SIZE = DEFINED (__stack_size__)?__stack_size__:0x400

.interrupts     0x1fff8000      0x400
                0x1fff8000                __VECTOR_TABLE = .
                0x1fff8000                __interrupts_start__ = .
                0x1fff8000                . = ALIGN (0x4)
 *(.isr_vector)
 .isr_vector    0x1fff8000      0x400 ./Project_Settings/Startup_Code/startup_S32K144.o
                0x1fff8000                __isr_vector
                0x1fff8400                __interrupts_end__ = .
                0x1fff8400                . = ALIGN (0x4)
                0x1fff8000                __VECTOR_RAM = __VECTOR_TABLE
                0x00000000                __RAM_VECTOR_TABLE_SIZE = 0x0

.text           0x1fff8400     0x332c
                0x1fff8400                . = ALIGN (0x4)
 *(.text)
 .text          0x1fff8400       0x4c ./Project_Settings/Startup_Code/startup_S32K144.o
                0x1fff8400                Reset_Handler
                0x1fff8448                DebugMon_Handler
                0x1fff8448                Reserved88_IRQHandler
                0x1fff8448                CAN0_ORed_IRQHandler
                0x1fff8448                HardFault_Handler
                0x1fff8448                Reserved86_IRQHandler
                0x1fff8448                Reserved103_IRQHandler
                0x1fff8448                FTM2_Ovf_Reload_IRQHandler
                0x1fff8448                Reserved50_IRQHandler
                0x1fff8448                FTFC_Fault_IRQHandler
                0x1fff8448                FTM0_Ch6_Ch7_IRQHandler
                0x1fff8448                Reserved114_IRQHandler
                0x1fff8448                PendSV_Handler
                0x1fff8448                NMI_Handler
                0x1fff8448                Reserved89_IRQHandler
                0x1fff8448                ERM_double_fault_IRQHandler
                0x1fff8448                Reserved59_IRQHandler
                0x1fff8448                LPIT0_Ch0_IRQHandler
                0x1fff8448                Reserved99_IRQHandler
                0x1fff8448                FTM3_Ch6_Ch7_IRQHandler
                0x1fff8448                CAN2_ORed_0_15_MB_IRQHandler
                0x1fff8448                LPIT0_Ch3_IRQHandler
                0x1fff8448                Reserved92_IRQHandler
                0x1fff8448                FTM0_Ch4_Ch5_IRQHandler
                0x1fff8448                CAN1_Error_IRQHandler
                0x1fff8448                FTM3_Ch0_Ch1_IRQHandler
                0x1fff8448                SWI_IRQHandler
                0x1fff8448                ADC0_IRQHandler
                0x1fff8448                FTM2_Ch4_Ch5_IRQHandler
                0x1fff8448                UsageFault_Handler
                0x1fff8448                FTM0_Ovf_Reload_IRQHandler
                0x1fff8448                DefaultISR
                0x1fff8448                Reserved58_IRQHandler
                0x1fff8448                CAN1_ORed_0_15_MB_IRQHandler
                0x1fff8448                FTM1_Ch2_Ch3_IRQHandler
                0x1fff8448                Reserved82_IRQHandler
                0x1fff8448                CAN0_ORed_16_31_MB_IRQHandler
                0x1fff8448                LPI2C0_Slave_IRQHandler
                0x1fff8448                Reserved71_IRQHandler
                0x1fff8448                PORTD_IRQHandler
                0x1fff8448                Reserved69_IRQHandler
                0x1fff8448                PORTB_IRQHandler
                0x1fff8448                Reserved70_IRQHandler
                0x1fff8448                ADC1_IRQHandler
                0x1fff8448                FTM2_Ch2_Ch3_IRQHandler
                0x1fff8448                Reserved53_IRQHandler
                0x1fff8448                RTC_IRQHandler
                0x1fff8448                PDB0_IRQHandler
                0x1fff8448                Reserved54_IRQHandler
                0x1fff8448                FTM2_Ch6_Ch7_IRQHandler
                0x1fff8448                FTM3_Ch2_Ch3_IRQHandler
                0x1fff8448                FTM2_Ch0_Ch1_IRQHandler
                0x1fff8448                LPUART1_RxTx_IRQHandler
                0x1fff8448                RTC_Seconds_IRQHandler
                0x1fff8448                CAN2_ORed_IRQHandler
                0x1fff8448                Reserved72_IRQHandler
                0x1fff8448                Reserved110_IRQHandler
                0x1fff8448                Reserved107_IRQHandler
                0x1fff8448                Read_Collision_IRQHandler
                0x1fff8448                CAN2_Error_IRQHandler
                0x1fff8448                FTM1_Ch6_Ch7_IRQHandler
                0x1fff8448                Reserved105_IRQHandler
                0x1fff8448                LPIT0_Ch1_IRQHandler
                0x1fff8448                FTM1_Ch4_Ch5_IRQHandler
                0x1fff8448                FTM3_Ovf_Reload_IRQHandler
                0x1fff8448                LPUART2_RxTx_IRQHandler
                0x1fff8448                WDOG_EWM_IRQHandler
                0x1fff8448                MemManage_Handler
                0x1fff8448                Reserved90_IRQHandler
                0x1fff8448                Reserved83_IRQHandler
                0x1fff8448                FTM0_Fault_IRQHandler
                0x1fff8448                Reserved48_IRQHandler
                0x1fff8448                SVC_Handler
                0x1fff8448                ERM_single_fault_IRQHandler
                0x1fff8448                FTM2_Fault_IRQHandler
                0x1fff8448                FTM0_Ch2_Ch3_IRQHandler
                0x1fff8448                FTM0_Ch0_Ch1_IRQHandler
                0x1fff8448                FTM3_Fault_IRQHandler
                0x1fff8448                RCM_IRQHandler
                0x1fff8448                Reserved100_IRQHandler
                0x1fff8448                Reserved91_IRQHandler
                0x1fff8448                CAN1_ORed_IRQHandler
                0x1fff8448                SCG_IRQHandler
                0x1fff8448                PDB1_IRQHandler
                0x1fff8448                Reserved81_IRQHandler
                0x1fff8448                Reserved46_IRQHandler
                0x1fff8448                Reserved45_IRQHandler
                0x1fff8448                CAN0_Error_IRQHandler
                0x1fff8448                Reserved112_IRQHandler
                0x1fff8448                LPI2C0_Master_IRQHandler
                0x1fff8448                FTM1_Fault_IRQHandler
                0x1fff8448                Reserved106_IRQHandler
                0x1fff8448                LVD_LVW_IRQHandler
                0x1fff8448                LPIT0_Ch2_IRQHandler
                0x1fff8448                PORTA_IRQHandler
                0x1fff8448                MCM_IRQHandler
                0x1fff8448                FTM3_Ch4_Ch5_IRQHandler
                0x1fff8448                CAN0_ORed_0_15_MB_IRQHandler
                0x1fff8448                PORTE_IRQHandler
                0x1fff8448                LPUART0_RxTx_IRQHandler
                0x1fff8448                LPTMR0_IRQHandler
                0x1fff8448                BusFault_Handler
                0x1fff8448                Reserved87_IRQHandler
                0x1fff8448                FTM1_Ovf_Reload_IRQHandler
                0x1fff8448                Reserved93_IRQHandler
                0x1fff8448                CAN0_Wake_Up_IRQHandler
                0x1fff8448                CMP0_IRQHandler
                0x1fff8448                Reserved52_IRQHandler
                0x1fff8448                PORTC_IRQHandler
                0x1fff8448                FTM1_Ch0_Ch1_IRQHandler
                0x1fff8448                FLEXIO_IRQHandler
                0x1fff8448                Reserved113_IRQHandler
 *(.text*)
 .text.SystemInit
                0x1fff844c       0x3c ./SDK/platform/devices/S32K144/startup/system_S32K144.o
                0x1fff844c                SystemInit
 .text.init_data_bss
                0x1fff8488       0xd8 ./SDK/platform/devices/startup.o
                0x1fff8488                init_data_bss
 .text.CLOCK_SYS_GetCurrentRunMode
                0x1fff8560       0x24 ./SDK/platform/drivers/src/clock/S32K1xx/clock_S32K1xx.o
 .text.CLOCK_SYS_GetSysOscFreq
                0x1fff8584       0x1c ./SDK/platform/drivers/src/clock/S32K1xx/clock_S32K1xx.o
 .text.CLOCK_SYS_ConfigureSOSC
                0x1fff85a0      0x12c ./SDK/platform/drivers/src/clock/S32K1xx/clock_S32K1xx.o
 .text.CLOCK_SYS_GetSircFreq
                0x1fff86cc       0x2c ./SDK/platform/drivers/src/clock/S32K1xx/clock_S32K1xx.o
 .text.CLOCK_SYS_ConfigureSIRC
                0x1fff86f8       0xc4 ./SDK/platform/drivers/src/clock/S32K1xx/clock_S32K1xx.o
 .text.CLOCK_SYS_GetFircFreq
                0x1fff87bc       0x20 ./SDK/platform/drivers/src/clock/S32K1xx/clock_S32K1xx.o
 .text.CLOCK_SYS_ConfigureFIRC
                0x1fff87dc       0xb4 ./SDK/platform/drivers/src/clock/S32K1xx/clock_S32K1xx.o
 .text.CLOCK_SYS_GetSysPllFreq
                0x1fff8890       0x44 ./SDK/platform/drivers/src/clock/S32K1xx/clock_S32K1xx.o
 .text.CLOCK_SYS_ConfigureSPLL
                0x1fff88d4      0x114 ./SDK/platform/drivers/src/clock/S32K1xx/clock_S32K1xx.o
 .text.CLOCK_SYS_SetSystemClockConfig
                0x1fff89e8      0x1e4 ./SDK/platform/drivers/src/clock/S32K1xx/clock_S32K1xx.o
 .text.CLOCK_SYS_TransitionSystemClock
                0x1fff8bcc       0x3c ./SDK/platform/drivers/src/clock/S32K1xx/clock_S32K1xx.o
 .text.CLOCK_SYS_GetSystemClockFreq
                0x1fff8c08       0x78 ./SDK/platform/drivers/src/clock/S32K1xx/clock_S32K1xx.o
 .text.CLOCK_SYS_GetScgClkOutFreq
                0x1fff8c80       0x48 ./SDK/platform/drivers/src/clock/S32K1xx/clock_S32K1xx.o
 .text.CLOCK_SYS_GetSysAsyncFreq
                0x1fff8cc8       0xdc ./SDK/platform/drivers/src/clock/S32K1xx/clock_S32K1xx.o
 .text.CLOCK_SYS_GetSimRtcClkFreq
                0x1fff8da4       0x50 ./SDK/platform/drivers/src/clock/S32K1xx/clock_S32K1xx.o
 .text.CLOCK_SYS_GetLpoFreq
                0x1fff8df4       0x4c ./SDK/platform/drivers/src/clock/S32K1xx/clock_S32K1xx.o
 .text.CLOCK_SYS_GetSimClkOutFreq
                0x1fff8e40       0xac ./SDK/platform/drivers/src/clock/S32K1xx/clock_S32K1xx.o
 .text.CLOCK_SYS_GetSimClockFreq
                0x1fff8eec      0x1b0 ./SDK/platform/drivers/src/clock/S32K1xx/clock_S32K1xx.o
 .text.CLOCK_SYS_GetPeripheralClock
                0x1fff909c       0xcc ./SDK/platform/drivers/src/clock/S32K1xx/clock_S32K1xx.o
 .text.CLOCK_DRV_Init
                0x1fff9168      0x614 ./SDK/platform/drivers/src/clock/S32K1xx/clock_S32K1xx.o
                0x1fff9168                CLOCK_DRV_Init
 .text.CLOCK_DRV_GetFreq
                0x1fff977c      0x230 ./SDK/platform/drivers/src/clock/S32K1xx/clock_S32K1xx.o
                0x1fff977c                CLOCK_DRV_GetFreq
 .text.CLOCK_SYS_Init
                0x1fff99ac       0x1c ./SDK/platform/drivers/src/clock/S32K1xx/clock_S32K1xx.o
                0x1fff99ac                CLOCK_SYS_Init
 .text.CLOCK_SYS_UpdateConfiguration
                0x1fff99c8       0xf8 ./SDK/platform/drivers/src/clock/S32K1xx/clock_S32K1xx.o
                0x1fff99c8                CLOCK_SYS_UpdateConfiguration
 .text.CLOCK_SYS_GetFreq
                0x1fff9ac0        0x8 ./SDK/platform/drivers/src/clock/S32K1xx/clock_S32K1xx.o
                0x1fff9ac0                CLOCK_SYS_GetFreq
 .text.CSEC_DRV_InitState
                0x1fff9ac8       0x28 ./SDK/platform/drivers/src/csec/csec_driver.o
 .text.CSEC_DRV_StartEncDecECBCmd
                0x1fff9af0       0x50 ./SDK/platform/drivers/src/csec/csec_driver.o
 .text.CSEC_DRV_StartEncDecCBCCmd
                0x1fff9b40       0x88 ./SDK/platform/drivers/src/csec/csec_driver.o
 .text.CSEC_DRV_StartGenMACCmd
                0x1fff9bc8       0x54 ./SDK/platform/drivers/src/csec/csec_driver.o
 .text.CSEC_DRV_StartVerifMACCmd
                0x1fff9c1c       0x8c ./SDK/platform/drivers/src/csec/csec_driver.o
 .text.CSEC_DRV_ContinueGenMACCmd
                0x1fff9ca8       0xc8 ./SDK/platform/drivers/src/csec/csec_driver.o
 .text.CSEC_DRV_ContinueEncDecECBCmd
                0x1fff9d70       0xc4 ./SDK/platform/drivers/src/csec/csec_driver.o
 .text.CSEC_DRV_ContinueVerifMACCmd
                0x1fff9e34       0xd0 ./SDK/platform/drivers/src/csec/csec_driver.o
 .text.CSEC_DRV_ContinueEncDecCBCCmd
                0x1fff9f04       0xe4 ./SDK/platform/drivers/src/csec/csec_driver.o
 .text.CSEC_DRV_Init
                0x1fff9fe8       0x1c ./SDK/platform/drivers/src/csec/csec_driver.o
                0x1fff9fe8                CSEC_DRV_Init
 .text.CSEC_DRV_LoadKey
                0x1fffa004       0xf0 ./SDK/platform/drivers/src/csec/csec_driver.o
                0x1fffa004                CSEC_DRV_LoadKey
 .text.CSEC_DRV_LoadPlainKey
                0x1fffa0f4       0xc8 ./SDK/platform/drivers/src/csec/csec_driver.o
                0x1fffa0f4                CSEC_DRV_LoadPlainKey
 .text.FTFC_IRQHandler
                0x1fffa1bc       0x78 ./SDK/platform/drivers/src/csec/csec_driver.o
                0x1fffa1bc                FTFC_IRQHandler
 .text.CSEC_DRV_CancelCommand
                0x1fffa234       0x5c ./SDK/platform/drivers/src/csec/csec_driver.o
                0x1fffa234                CSEC_DRV_CancelCommand
 .text.CSEC_DRV_EncryptECB
                0x1fffa290       0x74 ./SDK/platform/drivers/src/csec/csec_driver.o
                0x1fffa290                CSEC_DRV_EncryptECB
 .text.CSEC_DRV_DecryptECB
                0x1fffa304       0x74 ./SDK/platform/drivers/src/csec/csec_driver.o
                0x1fffa304                CSEC_DRV_DecryptECB
 .text.CSEC_DRV_EncryptCBC
                0x1fffa378       0x78 ./SDK/platform/drivers/src/csec/csec_driver.o
                0x1fffa378                CSEC_DRV_EncryptCBC
 .text.CSEC_DRV_GenerateMAC
                0x1fffa3f0       0x78 ./SDK/platform/drivers/src/csec/csec_driver.o
                0x1fffa3f0                CSEC_DRV_GenerateMAC
 .text.CSEC_DRV_MPCompress
                0x1fffa468      0x158 ./SDK/platform/drivers/src/csec/csec_driver.o
                0x1fffa468                CSEC_DRV_MPCompress
 .text.CSEC_WriteCommandHalfWord
                0x1fffa5c0       0x26 ./SDK/platform/drivers/src/csec/csec_hw_access.o
                0x1fffa5c0                CSEC_WriteCommandHalfWord
 .text.CSEC_WriteCommandByte
                0x1fffa5e6       0x3c ./SDK/platform/drivers/src/csec/csec_hw_access.o
                0x1fffa5e6                CSEC_WriteCommandByte
 *fill*         0x1fffa622        0x2 
 .text.CSEC_WriteCommandBytes
                0x1fffa624       0x6c ./SDK/platform/drivers/src/csec/csec_hw_access.o
                0x1fffa624                CSEC_WriteCommandBytes
 .text.CSEC_WriteCommandWords
                0x1fffa690       0x2c ./SDK/platform/drivers/src/csec/csec_hw_access.o
                0x1fffa690                CSEC_WriteCommandWords
 .text.CSEC_ReadCommandByte
                0x1fffa6bc       0x38 ./SDK/platform/drivers/src/csec/csec_hw_access.o
                0x1fffa6bc                CSEC_ReadCommandByte
 .text.CSEC_ReadCommandBytes
                0x1fffa6f4       0x60 ./SDK/platform/drivers/src/csec/csec_hw_access.o
                0x1fffa6f4                CSEC_ReadCommandBytes
 .text.EDMA_DRV_IRQHandler
                0x1fffa754       0x2c ./SDK/platform/drivers/src/edma/edma_driver.o
                0x1fffa754                EDMA_DRV_IRQHandler
 .text.EDMA_DRV_ErrorIRQHandler
                0x1fffa780       0x3c ./SDK/platform/drivers/src/edma/edma_driver.o
                0x1fffa780                EDMA_DRV_ErrorIRQHandler
 .text.EDMA_DRV_GetDmaRegBaseAddr
                0x1fffa7bc        0x8 ./SDK/platform/drivers/src/edma/edma_driver.o
                0x1fffa7bc                EDMA_DRV_GetDmaRegBaseAddr
 .text.EDMA_SetDmaRequestCmd
                0x1fffa7c4        0xa ./SDK/platform/drivers/src/edma/edma_hw_access.o
                0x1fffa7c4                EDMA_SetDmaRequestCmd
 .text.DMA0_IRQHandler
                0x1fffa7ce        0xa ./SDK/platform/drivers/src/edma/edma_irq.o
                0x1fffa7ce                DMA0_IRQHandler
 .text.DMA1_IRQHandler
                0x1fffa7d8        0xa ./SDK/platform/drivers/src/edma/edma_irq.o
                0x1fffa7d8                DMA1_IRQHandler
 .text.DMA2_IRQHandler
                0x1fffa7e2        0xa ./SDK/platform/drivers/src/edma/edma_irq.o
                0x1fffa7e2                DMA2_IRQHandler
 .text.DMA3_IRQHandler
                0x1fffa7ec        0xa ./SDK/platform/drivers/src/edma/edma_irq.o
                0x1fffa7ec                DMA3_IRQHandler
 .text.DMA4_IRQHandler
                0x1fffa7f6        0xa ./SDK/platform/drivers/src/edma/edma_irq.o
                0x1fffa7f6                DMA4_IRQHandler
 .text.DMA5_IRQHandler
                0x1fffa800        0xa ./SDK/platform/drivers/src/edma/edma_irq.o
                0x1fffa800                DMA5_IRQHandler
 .text.DMA6_IRQHandler
                0x1fffa80a        0xa ./SDK/platform/drivers/src/edma/edma_irq.o
                0x1fffa80a                DMA6_IRQHandler
 .text.DMA7_IRQHandler
                0x1fffa814        0xa ./SDK/platform/drivers/src/edma/edma_irq.o
                0x1fffa814                DMA7_IRQHandler
 .text.DMA8_IRQHandler
                0x1fffa81e        0xa ./SDK/platform/drivers/src/edma/edma_irq.o
                0x1fffa81e                DMA8_IRQHandler
 .text.DMA9_IRQHandler
                0x1fffa828        0xa ./SDK/platform/drivers/src/edma/edma_irq.o
                0x1fffa828                DMA9_IRQHandler
 .text.DMA10_IRQHandler
                0x1fffa832        0xa ./SDK/platform/drivers/src/edma/edma_irq.o
                0x1fffa832                DMA10_IRQHandler
 .text.DMA11_IRQHandler
                0x1fffa83c        0xa ./SDK/platform/drivers/src/edma/edma_irq.o
                0x1fffa83c                DMA11_IRQHandler
 .text.DMA12_IRQHandler
                0x1fffa846        0xa ./SDK/platform/drivers/src/edma/edma_irq.o
                0x1fffa846                DMA12_IRQHandler
 .text.DMA13_IRQHandler
                0x1fffa850        0xa ./SDK/platform/drivers/src/edma/edma_irq.o
                0x1fffa850                DMA13_IRQHandler
 .text.DMA14_IRQHandler
                0x1fffa85a        0xa ./SDK/platform/drivers/src/edma/edma_irq.o
                0x1fffa85a                DMA14_IRQHandler
 .text.DMA15_IRQHandler
                0x1fffa864        0xa ./SDK/platform/drivers/src/edma/edma_irq.o
                0x1fffa864                DMA15_IRQHandler
 .text.DMA_Error_IRQHandler
                0x1fffa86e       0x28 ./SDK/platform/drivers/src/edma/edma_irq.o
                0x1fffa86e                DMA_Error_IRQHandler
 *fill*         0x1fffa896        0x2 
 .text.FLASH_DRV_Init
                0x1fffa898       0xe4 ./SDK/platform/drivers/src/flash/flash_driver.o
                0x1fffa898                FLASH_DRV_Init
 .text.FLASH_DRV_EraseAllBlock
                0x1fffa97c       0x24 ./SDK/platform/drivers/src/flash/flash_driver.o
                0x1fffa97c                FLASH_DRV_EraseAllBlock
 .text.FLASH_DRV_Program
                0x1fffa9a0       0xb8 ./SDK/platform/drivers/src/flash/flash_driver.o
                0x1fffa9a0                FLASH_DRV_Program
 .text.FLASH_DRV_DEFlashPartition
                0x1fffaa58       0x3c ./SDK/platform/drivers/src/flash/flash_driver.o
                0x1fffaa58                FLASH_DRV_DEFlashPartition
 .text.INT_SYS_EnableIRQ
                0x1fffaa94       0x18 ./SDK/platform/drivers/src/interrupt/interrupt_manager.o
                0x1fffaa94                INT_SYS_EnableIRQ
 .text.INT_SYS_EnableIRQGlobal
                0x1fffaaac       0x1c ./SDK/platform/drivers/src/interrupt/interrupt_manager.o
                0x1fffaaac                INT_SYS_EnableIRQGlobal
 .text.INT_SYS_DisableIRQGlobal
                0x1fffaac8       0x10 ./SDK/platform/drivers/src/interrupt/interrupt_manager.o
                0x1fffaac8                INT_SYS_DisableIRQGlobal
 .text.LPSPI_SetFlushFifoCmd
                0x1fffaad8        0xe ./SDK/platform/drivers/src/lpspi/lpspi_hw_access.o
                0x1fffaad8                LPSPI_SetFlushFifoCmd
 .text.LPSPI_ClearStatusFlag
                0x1fffaae6       0x20 ./SDK/platform/drivers/src/lpspi/lpspi_hw_access.o
                0x1fffaae6                LPSPI_ClearStatusFlag
 .text.LPSPI0_IRQHandler
                0x1fffab06        0xa ./SDK/platform/drivers/src/lpspi/lpspi_irq.o
                0x1fffab06                LPSPI0_IRQHandler
 .text.LPSPI1_IRQHandler
                0x1fffab10        0xa ./SDK/platform/drivers/src/lpspi/lpspi_irq.o
                0x1fffab10                LPSPI1_IRQHandler
 .text.LPSPI2_IRQHandler
                0x1fffab1a        0xa ./SDK/platform/drivers/src/lpspi/lpspi_irq.o
                0x1fffab1a                LPSPI2_IRQHandler
 .text.LPSPI_DRV_MasterCompleteTransfer
                0x1fffab24       0x78 ./SDK/platform/drivers/src/lpspi/lpspi_master_driver.o
 .text.LPSPI_DRV_MasterAbortTransfer
                0x1fffab9c       0x28 ./SDK/platform/drivers/src/lpspi/lpspi_master_driver.o
                0x1fffab9c                LPSPI_DRV_MasterAbortTransfer
 .text.LPSPI_DRV_MasterIRQHandler
                0x1fffabc4       0xc0 ./SDK/platform/drivers/src/lpspi/lpspi_master_driver.o
                0x1fffabc4                LPSPI_DRV_MasterIRQHandler
 .text.LPSPI_DRV_IRQHandler
                0x1fffac84       0x28 ./SDK/platform/drivers/src/lpspi/lpspi_shared_function.o
                0x1fffac84                LPSPI_DRV_IRQHandler
 .text.LPSPI_DRV_FillupTxBuffer
                0x1fffacac       0xb4 ./SDK/platform/drivers/src/lpspi/lpspi_shared_function.o
                0x1fffacac                LPSPI_DRV_FillupTxBuffer
 .text.LPSPI_DRV_ReadRXBuffer
                0x1fffad60       0x8c ./SDK/platform/drivers/src/lpspi/lpspi_shared_function.o
                0x1fffad60                LPSPI_DRV_ReadRXBuffer
 .text.LPSPI_DRV_DisableTEIEInterrupts
                0x1fffadec       0x30 ./SDK/platform/drivers/src/lpspi/lpspi_shared_function.o
                0x1fffadec                LPSPI_DRV_DisableTEIEInterrupts
 .text.LPSPI_DRV_SlaveAbortTransfer
                0x1fffae1c       0x74 ./SDK/platform/drivers/src/lpspi/lpspi_slave_driver.o
                0x1fffae1c                LPSPI_DRV_SlaveAbortTransfer
 .text.LPSPI_DRV_SlaveIRQHandler
                0x1fffae90       0xd4 ./SDK/platform/drivers/src/lpspi/lpspi_slave_driver.o
                0x1fffae90                LPSPI_DRV_SlaveIRQHandler
 .text.PINS_DRV_Init
                0x1fffaf64       0x20 ./SDK/platform/drivers/src/pins/pins_driver.o
                0x1fffaf64                PINS_DRV_Init
 .text.PINS_DRV_SetPins
                0x1fffaf84        0x4 ./SDK/platform/drivers/src/pins/pins_driver.o
                0x1fffaf84                PINS_DRV_SetPins
 .text.PINS_DRV_ClearPins
                0x1fffaf88        0x4 ./SDK/platform/drivers/src/pins/pins_driver.o
                0x1fffaf88                PINS_DRV_ClearPins
 .text.PINS_GetAdcInterleaveVal
                0x1fffaf8c       0x6c ./SDK/platform/drivers/src/pins/pins_port_hw_access.o
 .text.PINS_Init
                0x1fffaff8      0x114 ./SDK/platform/drivers/src/pins/pins_port_hw_access.o
                0x1fffaff8                PINS_Init
 .text.SysTick_Handler
                0x1fffb10c       0x10 ./SDK/rtos/osif/osif_baremetal.o
                0x1fffb10c                SysTick_Handler
 .text.OSIF_TimeDelay
                0x1fffb11c       0x60 ./SDK/rtos/osif/osif_baremetal.o
                0x1fffb11c                OSIF_TimeDelay
 .text.OSIF_GetMilliseconds
                0x1fffb17c        0xc ./SDK/rtos/osif/osif_baremetal.o
                0x1fffb17c                OSIF_GetMilliseconds
 .text.OSIF_SemaPost
                0x1fffb188       0x26 ./SDK/rtos/osif/osif_baremetal.o
                0x1fffb188                OSIF_SemaPost
 .text.deriveKey
                0x1fffb1ae       0x34 ./src/csec_utils.o
                0x1fffb1ae                deriveKey
 *fill*         0x1fffb1e2        0x2 
 .text.computeM1M2M3
                0x1fffb1e4      0x110 ./src/csec_utils.o
                0x1fffb1e4                computeM1M2M3
 .text.setAuthKey
                0x1fffb2f4       0x64 ./src/csec_utils.o
                0x1fffb2f4                setAuthKey
 .text.loadKey  0x1fffb358       0x60 ./src/csec_utils.o
                0x1fffb358                loadKey
 .text.initFlashForCsecOperation
                0x1fffb3b8       0x54 ./src/main.o
                0x1fffb3b8                initFlashForCsecOperation
 .text.main     0x1fffb40c       0xf0 ./src/main.o
                0x1fffb40c                main
 *(.rodata)
 .rodata        0x1fffb4fc       0x28 ./src/main.o
 *(.rodata*)
 .rodata.clockNameMappings
                0x1fffb524       0x9e ./SDK/platform/drivers/src/clock/S32K1xx/clock_S32K1xx.o
                0x1fffb524                clockNameMappings
 *fill*         0x1fffb5c2        0x2 
 .rodata.maxSysClksInHSRUN.7659
                0x1fffb5c4       0x54 ./SDK/platform/drivers/src/clock/S32K1xx/clock_S32K1xx.o
 .rodata.maxSysClksInRUN.7658
                0x1fffb618       0x54 ./SDK/platform/drivers/src/clock/S32K1xx/clock_S32K1xx.o
 .rodata.maxSysClksInVLPR.7657
                0x1fffb66c       0x54 ./SDK/platform/drivers/src/clock/S32K1xx/clock_S32K1xx.o
 .rodata.peripheralFeaturesList
                0x1fffb6c0       0x4f ./SDK/platform/drivers/src/clock/S32K1xx/clock_S32K1xx.o
                0x1fffb6c0                peripheralFeaturesList
 *fill*         0x1fffb70f        0x1 
 .rodata.flash1_InitConfig0
                0x1fffb710       0x14 ./src/main.o
 *(.init)
 .init          0x1fffb724        0x4 c:/nxp/s32ds.3.4/s32ds/build_tools/gcc_v6.3/gcc-6.3-arm32-eabi/bin/../lib/gcc/arm-none-eabi/6.3.1/thumb/v7e-m/fpv4-sp/hard/crti.o
                0x1fffb724                _init
 *(.fini)
 .fini          0x1fffb728        0x4 c:/nxp/s32ds.3.4/s32ds/build_tools/gcc_v6.3/gcc-6.3-arm32-eabi/bin/../lib/gcc/arm-none-eabi/6.3.1/thumb/v7e-m/fpv4-sp/hard/crti.o
                0x1fffb728                _fini
 *(.eh_frame)
                0x1fffb72c                . = ALIGN (0x4)

.glue_7         0x1fffb72c        0x0
 .glue_7        0x1fffb72c        0x0 linker stubs

.glue_7t        0x1fffb72c        0x0
 .glue_7t       0x1fffb72c        0x0 linker stubs

.vfp11_veneer   0x1fffb72c        0x0
 .vfp11_veneer  0x1fffb72c        0x0 linker stubs

.v4_bx          0x1fffb72c        0x0
 .v4_bx         0x1fffb72c        0x0 linker stubs

.iplt           0x1fffb72c        0x0
 .iplt          0x1fffb72c        0x0 c:/nxp/s32ds.3.4/s32ds/build_tools/gcc_v6.3/gcc-6.3-arm32-eabi/bin/../lib/gcc/arm-none-eabi/6.3.1/thumb/v7e-m/fpv4-sp/hard/crtbegin.o

.ARM            0x1fffb72c        0x0
                0x1fffb72c                __exidx_start = .
 *(.ARM.exidx*)
                0x1fffb72c                __exidx_end = .

.code_ram       0x1fffb72c       0x38
                0x1fffb72c                . = ALIGN (0x4)
                0x1fffb72c                __CODE_RAM = .
                0x1fffb72c                __code_ram_start__ = .
 *(.code_ram)
 .code_ram      0x1fffb72c       0x38 ./SDK/platform/drivers/src/flash/flash_driver.o
                0x1fffb764                __CODE_ROM = .
                0x1fffb764                __CODE_END = .
                0x1fffb764                __code_ram_end__ = .
                0x1fffb764                . = ALIGN (0x4)
                0x1fffb764                __etext = .
                0x1fffb764                __DATA_ROM = .
                0x1fffb764                __DATA_END = __DATA_ROM

.rel.dyn        0x1fffb764        0x0
 .rel.iplt      0x1fffb764        0x0 c:/nxp/s32ds.3.4/s32ds/build_tools/gcc_v6.3/gcc-6.3-arm32-eabi/bin/../lib/gcc/arm-none-eabi/6.3.1/thumb/v7e-m/fpv4-sp/hard/crtbegin.o

.customSectionBlock
                0x20000000        0x4
                0x20000000                __customSection_start__ = .
 *(.customSection)
 .customSection
                0x20000000        0x4 ./src/main.o
                0x20000000                starttime
                0x20000004                __customSection_end__ = .
                0x20000004                __CUSTOM_ROM = .
                0x20000004                __CUSTOM_END = .

.data           0x20000004      0x2f8
                0x20000004                . = ALIGN (0x4)
                0x20000004                __DATA_RAM = .
                0x20000004                __data_start__ = .
 *(.data)
 *(.data*)
 .data.peripheralClockConfig.7386
                0x20000004       0xa0 ./SDK/platform/drivers/src/clock/S32K1xx/clock_S32K1xx.o
 .data.g_lpspiBase
                0x200000a4        0xc ./SDK/platform/drivers/src/lpspi/lpspi_shared_function.o
                0x200000a4                g_lpspiBase
 .data.first_init.6877
                0x200000b0        0x1 ./SDK/rtos/osif/osif_baremetal.o
 *fill*         0x200000b1        0x3 
 .data.clockMan1_InitConfig0
                0x200000b4       0x88 ./board/clock_config.o
                0x200000b4                clockMan1_InitConfig0
 .data.g_clockManConfigsArr
                0x2000013c        0x4 ./board/clock_config.o
                0x2000013c                g_clockManConfigsArr
 .data.peripheralClockConfig0
                0x20000140       0xa0 ./board/clock_config.o
                0x20000140                peripheralClockConfig0
 .data.g_pin_mux_InitConfigArr0
                0x200001e0       0xd8 ./board/pin_mux.o
                0x200001e0                g_pin_mux_InitConfigArr0
 .data.g_authId
                0x200002b8        0x1 ./src/csec_utils.o
                0x200002b8                g_authId
 *fill*         0x200002b9        0x3 
 .data.g_authIdKey
                0x200002bc       0x10 ./src/csec_utils.o
                0x200002bc                g_authIdKey
 .data.g_emptyKey
                0x200002cc       0x10 ./src/csec_utils.o
                0x200002cc                g_emptyKey
 .data.key_update_enc_c
                0x200002dc       0x10 ./src/csec_utils.o
                0x200002dc                key_update_enc_c
 .data.key_update_mac_c
                0x200002ec       0x10 ./src/csec_utils.o
                0x200002ec                key_update_mac_c
                0x200002fc                . = ALIGN (0x4)
                0x200002fc                __data_end__ = .

.igot.plt       0x200002fc        0x0
 .igot.plt      0x200002fc        0x0 c:/nxp/s32ds.3.4/s32ds/build_tools/gcc_v6.3/gcc-6.3-arm32-eabi/bin/../lib/gcc/arm-none-eabi/6.3.1/thumb/v7e-m/fpv4-sp/hard/crtbegin.o

.bss            0x200002fc       0x88
                0x200002fc                . = ALIGN (0x4)
                0x200002fc                __BSS_START = .
                0x200002fc                __bss_start__ = .
 *(.bss)
 *(.bss*)
 .bss.g_RtcClkInFreq
                0x200002fc        0x4 ./SDK/platform/drivers/src/clock/S32K1xx/clock_S32K1xx.o
                0x200002fc                g_RtcClkInFreq
 .bss.g_TClkFreq
                0x20000300        0xc ./SDK/platform/drivers/src/clock/S32K1xx/clock_S32K1xx.o
                0x20000300                g_TClkFreq
 .bss.g_clockState
                0x2000030c       0x10 ./SDK/platform/drivers/src/clock/S32K1xx/clock_S32K1xx.o
 .bss.g_xtal0ClkFreq
                0x2000031c        0x4 ./SDK/platform/drivers/src/clock/S32K1xx/clock_S32K1xx.o
                0x2000031c                g_xtal0ClkFreq
 .bss.g_csecStatePtr
                0x20000320        0x4 ./SDK/platform/drivers/src/csec/csec_driver.o
 .bss.s_virtEdmaState
                0x20000324        0x4 ./SDK/platform/drivers/src/edma/edma_driver.o
 .bss.g_interruptDisableCount
                0x20000328        0x4 ./SDK/platform/drivers/src/interrupt/interrupt_manager.o
 .bss.g_lpspiStatePtr
                0x2000032c        0xc ./SDK/platform/drivers/src/lpspi/lpspi_shared_function.o
                0x2000032c                g_lpspiStatePtr
 .bss.s_osif_tick_cnt
                0x20000338        0x4 ./SDK/rtos/osif/osif_baremetal.o
 .bss.g_clockManCallbacksArr
                0x2000033c        0x4 ./board/clock_config.o
                0x2000033c                g_clockManCallbacksArr
 .bss.csecState
                0x20000340       0x40 ./board/peripherals_csec_config_1.o
                0x20000340                csecState
 .bss.exit_code
                0x20000380        0x4 ./src/main.o
                0x20000380                exit_code
 *(COMMON)
                0x20000384                . = ALIGN (0x4)
                0x20000384                __bss_end__ = .
                0x20000384                __BSS_END = .

.heap           0x20000384      0x404
                0x20000388                . = ALIGN (0x8)
 *fill*         0x20000384        0x4 
                0x20000388                __end__ = .
                0x20000388                __heap_start__ = .
                [!provide]                PROVIDE (end, .)
                [!provide]                PROVIDE (_end, .)
                [!provide]                PROVIDE (__end, .)
                0x20000388                __HeapBase = .
                0x20000788                . = (. + HEAP_SIZE)
 *fill*         0x20000388      0x400 
                0x20000788                __HeapLimit = .
                0x20000788                __heap_limit = .
                0x20000788                __heap_end__ = .
                0x20007000                __StackTop = (ORIGIN (m_data) + LENGTH (m_data))
                0x20006c00                __StackLimit = (__StackTop - STACK_SIZE)
                0x20007000                PROVIDE (__stack, __StackTop)

.stack          0x20006c00      0x400
                0x20006c00                . = ALIGN (0x8)
                0x20006c00                __stack_start__ = .
                0x20007000                . = (. + STACK_SIZE)
 *fill*         0x20006c00      0x400 
                0x20007000                __stack_end__ = .

.ARM.attributes
                0x00000000       0x30
 *(.ARM.attributes)
 .ARM.attributes
                0x00000000       0x22 c:/nxp/s32ds.3.4/s32ds/build_tools/gcc_v6.3/gcc-6.3-arm32-eabi/bin/../lib/gcc/arm-none-eabi/6.3.1/thumb/v7e-m/fpv4-sp/hard/crti.o
 .ARM.attributes
                0x00000022       0x1f ./Project_Settings/Startup_Code/startup_S32K144.o
 .ARM.attributes
                0x00000041       0x39 ./SDK/platform/devices/S32K144/startup/system_S32K144.o
 .ARM.attributes
                0x0000007a       0x39 ./SDK/platform/devices/startup.o
 .ARM.attributes
                0x000000b3       0x39 ./SDK/platform/drivers/src/clock/S32K1xx/clock_S32K1xx.o
 .ARM.attributes
                0x000000ec       0x39 ./SDK/platform/drivers/src/csec/csec_driver.o
 .ARM.attributes
                0x00000125       0x39 ./SDK/platform/drivers/src/csec/csec_hw_access.o
 .ARM.attributes
                0x0000015e       0x39 ./SDK/platform/drivers/src/edma/edma_driver.o
 .ARM.attributes
                0x00000197       0x39 ./SDK/platform/drivers/src/edma/edma_hw_access.o
 .ARM.attributes
                0x000001d0       0x39 ./SDK/platform/drivers/src/edma/edma_irq.o
 .ARM.attributes
                0x00000209       0x39 ./SDK/platform/drivers/src/flash/flash_driver.o
 .ARM.attributes
                0x00000242       0x39 ./SDK/platform/drivers/src/interrupt/interrupt_manager.o
 .ARM.attributes
                0x0000027b       0x39 ./SDK/platform/drivers/src/lpspi/lpspi_hw_access.o
 .ARM.attributes
                0x000002b4       0x39 ./SDK/platform/drivers/src/lpspi/lpspi_irq.o
 .ARM.attributes
                0x000002ed       0x39 ./SDK/platform/drivers/src/lpspi/lpspi_master_driver.o
 .ARM.attributes
                0x00000326       0x39 ./SDK/platform/drivers/src/lpspi/lpspi_shared_function.o
 .ARM.attributes
                0x0000035f       0x39 ./SDK/platform/drivers/src/lpspi/lpspi_slave_driver.o
 .ARM.attributes
                0x00000398       0x39 ./SDK/platform/drivers/src/pins/pins_driver.o
 .ARM.attributes
                0x000003d1       0x39 ./SDK/platform/drivers/src/pins/pins_port_hw_access.o
 .ARM.attributes
                0x0000040a       0x39 ./SDK/rtos/osif/osif_baremetal.o
 .ARM.attributes
                0x00000443       0x39 ./board/clock_config.o
 .ARM.attributes
                0x0000047c       0x39 ./board/peripherals_csec_config_1.o
 .ARM.attributes
                0x000004b5       0x39 ./board/pin_mux.o
 .ARM.attributes
                0x000004ee       0x39 ./src/csec_utils.o
 .ARM.attributes
                0x00000527       0x39 ./src/main.o
                0x00000001                ASSERT ((__StackLimit >= __HeapLimit), region m_data overflowed with stack and heap)

/DISCARD/
 *(.FlashConfig)
OUTPUT(CSEc_AES_ENC_CBC_ECB_ST7789.elf elf32-littlearm)

.debug_line     0x00000000     0x74f3
 .debug_line    0x00000000       0x82 ./Project_Settings/Startup_Code/startup_S32K144.o
 .debug_line    0x00000082      0x270 ./SDK/platform/devices/S32K144/startup/system_S32K144.o
 .debug_line    0x000002f2      0x16d ./SDK/platform/devices/startup.o
 .debug_line    0x0000045f     0x11ae ./SDK/platform/drivers/src/clock/S32K1xx/clock_S32K1xx.o
 .debug_line    0x0000160d      0xdd5 ./SDK/platform/drivers/src/csec/csec_driver.o
 .debug_line    0x000023e2      0x344 ./SDK/platform/drivers/src/csec/csec_hw_access.o
 .debug_line    0x00002726      0x8b4 ./SDK/platform/drivers/src/edma/edma_driver.o
 .debug_line    0x00002fda      0x35c ./SDK/platform/drivers/src/edma/edma_hw_access.o
 .debug_line    0x00003336      0x2f4 ./SDK/platform/drivers/src/edma/edma_irq.o
 .debug_line    0x0000362a      0x7d9 ./SDK/platform/drivers/src/flash/flash_driver.o
 .debug_line    0x00003e03      0x364 ./SDK/platform/drivers/src/interrupt/interrupt_manager.o
 .debug_line    0x00004167      0x466 ./SDK/platform/drivers/src/lpspi/lpspi_hw_access.o
 .debug_line    0x000045cd      0x2ff ./SDK/platform/drivers/src/lpspi/lpspi_irq.o
 .debug_line    0x000048cc      0x740 ./SDK/platform/drivers/src/lpspi/lpspi_master_driver.o
 .debug_line    0x0000500c      0x3dd ./SDK/platform/drivers/src/lpspi/lpspi_shared_function.o
 .debug_line    0x000053e9      0x639 ./SDK/platform/drivers/src/lpspi/lpspi_slave_driver.o
 .debug_line    0x00005a22      0x4c9 ./SDK/platform/drivers/src/pins/pins_driver.o
 .debug_line    0x00005eeb      0x2df ./SDK/platform/drivers/src/pins/pins_port_hw_access.o
 .debug_line    0x000061ca      0x3fa ./SDK/rtos/osif/osif_baremetal.o
 .debug_line    0x000065c4      0x251 ./board/clock_config.o
 .debug_line    0x00006815      0x270 ./board/peripherals_csec_config_1.o
 .debug_line    0x00006a85      0x1be ./board/pin_mux.o
 .debug_line    0x00006c43      0x405 ./src/csec_utils.o
 .debug_line    0x00007048      0x4ab ./src/main.o

.debug_info     0x00000000    0x21756
 .debug_info    0x00000000       0x26 ./Project_Settings/Startup_Code/startup_S32K144.o
 .debug_info    0x00000026      0x521 ./SDK/platform/devices/S32K144/startup/system_S32K144.o
 .debug_info    0x00000547      0x2ad ./SDK/platform/devices/startup.o
 .debug_info    0x000007f4     0x5dd2 ./SDK/platform/drivers/src/clock/S32K1xx/clock_S32K1xx.o
 .debug_info    0x000065c6     0x3686 ./SDK/platform/drivers/src/csec/csec_driver.o
 .debug_info    0x00009c4c      0xe7f ./SDK/platform/drivers/src/csec/csec_hw_access.o
 .debug_info    0x0000aacb     0x3770 ./SDK/platform/drivers/src/edma/edma_driver.o
 .debug_info    0x0000e23b      0x95d ./SDK/platform/drivers/src/edma/edma_hw_access.o
 .debug_info    0x0000eb98      0x6da ./SDK/platform/drivers/src/edma/edma_irq.o
 .debug_info    0x0000f272     0x188f ./SDK/platform/drivers/src/flash/flash_driver.o
 .debug_info    0x00010b01      0x997 ./SDK/platform/drivers/src/interrupt/interrupt_manager.o
 .debug_info    0x00011498     0x13a6 ./SDK/platform/drivers/src/lpspi/lpspi_hw_access.o
 .debug_info    0x0001283e      0x788 ./SDK/platform/drivers/src/lpspi/lpspi_irq.o
 .debug_info    0x00012fc6     0x2a39 ./SDK/platform/drivers/src/lpspi/lpspi_master_driver.o
 .debug_info    0x000159ff      0xb93 ./SDK/platform/drivers/src/lpspi/lpspi_shared_function.o
 .debug_info    0x00016592     0x23f1 ./SDK/platform/drivers/src/lpspi/lpspi_slave_driver.o
 .debug_info    0x00018983     0x13d5 ./SDK/platform/drivers/src/pins/pins_driver.o
 .debug_info    0x00019d58      0x8a8 ./SDK/platform/drivers/src/pins/pins_port_hw_access.o
 .debug_info    0x0001a600      0xac5 ./SDK/rtos/osif/osif_baremetal.o
 .debug_info    0x0001b0c5     0x12b5 ./board/clock_config.o
 .debug_info    0x0001c37a      0xdad ./board/peripherals_csec_config_1.o
 .debug_info    0x0001d127      0x405 ./board/pin_mux.o
 .debug_info    0x0001d52c     0x1689 ./src/csec_utils.o
 .debug_info    0x0001ebb5     0x2ba1 ./src/main.o

.debug_abbrev   0x00000000     0x37e6
 .debug_abbrev  0x00000000       0x14 ./Project_Settings/Startup_Code/startup_S32K144.o
 .debug_abbrev  0x00000014      0x140 ./SDK/platform/devices/S32K144/startup/system_S32K144.o
 .debug_abbrev  0x00000154       0xe0 ./SDK/platform/devices/startup.o
 .debug_abbrev  0x00000234      0x3e3 ./SDK/platform/drivers/src/clock/S32K1xx/clock_S32K1xx.o
 .debug_abbrev  0x00000617      0x48d ./SDK/platform/drivers/src/csec/csec_driver.o
 .debug_abbrev  0x00000aa4      0x23a ./SDK/platform/drivers/src/csec/csec_hw_access.o
 .debug_abbrev  0x00000cde      0x422 ./SDK/platform/drivers/src/edma/edma_driver.o
 .debug_abbrev  0x00001100      0x205 ./SDK/platform/drivers/src/edma/edma_hw_access.o
 .debug_abbrev  0x00001305      0x1b8 ./SDK/platform/drivers/src/edma/edma_irq.o
 .debug_abbrev  0x000014bd      0x2bf ./SDK/platform/drivers/src/flash/flash_driver.o
 .debug_abbrev  0x0000177c      0x1f4 ./SDK/platform/drivers/src/interrupt/interrupt_manager.o
 .debug_abbrev  0x00001970      0x2a7 ./SDK/platform/drivers/src/lpspi/lpspi_hw_access.o
 .debug_abbrev  0x00001c17      0x15d ./SDK/platform/drivers/src/lpspi/lpspi_irq.o
 .debug_abbrev  0x00001d74      0x3c5 ./SDK/platform/drivers/src/lpspi/lpspi_master_driver.o
 .debug_abbrev  0x00002139      0x277 ./SDK/platform/drivers/src/lpspi/lpspi_shared_function.o
 .debug_abbrev  0x000023b0      0x3ad ./SDK/platform/drivers/src/lpspi/lpspi_slave_driver.o
 .debug_abbrev  0x0000275d      0x2db ./SDK/platform/drivers/src/pins/pins_driver.o
 .debug_abbrev  0x00002a38      0x1f5 ./SDK/platform/drivers/src/pins/pins_port_hw_access.o
 .debug_abbrev  0x00002c2d      0x2c6 ./SDK/rtos/osif/osif_baremetal.o
 .debug_abbrev  0x00002ef3      0x122 ./board/clock_config.o
 .debug_abbrev  0x00003015      0x183 ./board/peripherals_csec_config_1.o
 .debug_abbrev  0x00003198       0xca ./board/pin_mux.o
 .debug_abbrev  0x00003262      0x2be ./src/csec_utils.o
 .debug_abbrev  0x00003520      0x2c6 ./src/main.o

.debug_aranges  0x00000000      0xb68
 .debug_aranges
                0x00000000       0x20 ./Project_Settings/Startup_Code/startup_S32K144.o
 .debug_aranges
                0x00000020       0x30 ./SDK/platform/devices/S32K144/startup/system_S32K144.o
 .debug_aranges
                0x00000050       0x20 ./SDK/platform/devices/startup.o
 .debug_aranges
                0x00000070      0x128 ./SDK/platform/drivers/src/clock/S32K1xx/clock_S32K1xx.o
 .debug_aranges
                0x00000198      0x168 ./SDK/platform/drivers/src/csec/csec_driver.o
 .debug_aranges
                0x00000300       0x50 ./SDK/platform/drivers/src/csec/csec_hw_access.o
 .debug_aranges
                0x00000350      0x138 ./SDK/platform/drivers/src/edma/edma_driver.o
 .debug_aranges
                0x00000488       0x88 ./SDK/platform/drivers/src/edma/edma_hw_access.o
 .debug_aranges
                0x00000510       0xa0 ./SDK/platform/drivers/src/edma/edma_irq.o
 .debug_aranges
                0x000005b0      0x130 ./SDK/platform/drivers/src/flash/flash_driver.o
 .debug_aranges
                0x000006e0       0x70 ./SDK/platform/drivers/src/interrupt/interrupt_manager.o
 .debug_aranges
                0x00000750       0x70 ./SDK/platform/drivers/src/lpspi/lpspi_hw_access.o
 .debug_aranges
                0x000007c0       0x30 ./SDK/platform/drivers/src/lpspi/lpspi_irq.o
 .debug_aranges
                0x000007f0       0x90 ./SDK/platform/drivers/src/lpspi/lpspi_master_driver.o
 .debug_aranges
                0x00000880       0x38 ./SDK/platform/drivers/src/lpspi/lpspi_shared_function.o
 .debug_aranges
                0x000008b8       0x60 ./SDK/platform/drivers/src/lpspi/lpspi_slave_driver.o
 .debug_aranges
                0x00000918       0xe0 ./SDK/platform/drivers/src/pins/pins_driver.o
 .debug_aranges
                0x000009f8       0x40 ./SDK/platform/drivers/src/pins/pins_port_hw_access.o
 .debug_aranges
                0x00000a38       0x70 ./SDK/rtos/osif/osif_baremetal.o
 .debug_aranges
                0x00000aa8       0x18 ./board/clock_config.o
 .debug_aranges
                0x00000ac0       0x18 ./board/peripherals_csec_config_1.o
 .debug_aranges
                0x00000ad8       0x18 ./board/pin_mux.o
 .debug_aranges
                0x00000af0       0x50 ./src/csec_utils.o
 .debug_aranges
                0x00000b40       0x28 ./src/main.o

.debug_str      0x00000000     0x939a
 .debug_str     0x00000000       0x91 ./Project_Settings/Startup_Code/startup_S32K144.o
 .debug_str     0x00000091      0x3ba ./SDK/platform/devices/S32K144/startup/system_S32K144.o
                                0x47a (size before relaxing)
 .debug_str     0x0000044b      0x20c ./SDK/platform/devices/startup.o
                                0x469 (size before relaxing)
 .debug_str     0x00000657     0x3677 ./SDK/platform/drivers/src/clock/S32K1xx/clock_S32K1xx.o
                               0x3a55 (size before relaxing)
 .debug_str     0x00003cce     0x14d6 ./SDK/platform/drivers/src/csec/csec_driver.o
                               0x2054 (size before relaxing)
 .debug_str     0x000051a4       0x62 ./SDK/platform/drivers/src/csec/csec_hw_access.o
                                0xbdb (size before relaxing)
 .debug_str     0x00005206     0x1882 ./SDK/platform/drivers/src/edma/edma_driver.o
                               0x2a67 (size before relaxing)
 .debug_str     0x00006a88       0x46 ./SDK/platform/drivers/src/edma/edma_hw_access.o
                                0x82b (size before relaxing)
 .debug_str     0x00006ace      0x162 ./SDK/platform/drivers/src/edma/edma_irq.o
                                0x540 (size before relaxing)
 .debug_str     0x00006c30      0x702 ./SDK/platform/drivers/src/flash/flash_driver.o
                               0x1920 (size before relaxing)
 .debug_str     0x00007332      0x180 ./SDK/platform/drivers/src/interrupt/interrupt_manager.o
                                0xbbf (size before relaxing)
 .debug_str     0x000074b2      0x81e ./SDK/platform/drivers/src/lpspi/lpspi_hw_access.o
                               0x1d48 (size before relaxing)
 .debug_str     0x00007cd0       0x79 ./SDK/platform/drivers/src/lpspi/lpspi_irq.o
                                0xb47 (size before relaxing)
 .debug_str     0x00007d49      0x489 ./SDK/platform/drivers/src/lpspi/lpspi_master_driver.o
                               0x2279 (size before relaxing)
 .debug_str     0x000081d2       0xe4 ./SDK/platform/drivers/src/lpspi/lpspi_shared_function.o
                                0xd8b (size before relaxing)
 .debug_str     0x000082b6      0x169 ./SDK/platform/drivers/src/lpspi/lpspi_slave_driver.o
                               0x20e5 (size before relaxing)
 .debug_str     0x0000841f      0x967 ./SDK/platform/drivers/src/pins/pins_driver.o
                               0x1485 (size before relaxing)
 .debug_str     0x00008d86      0x1a2 ./SDK/platform/drivers/src/pins/pins_port_hw_access.o
                                0x96d (size before relaxing)
 .debug_str     0x00008f28      0x173 ./SDK/rtos/osif/osif_baremetal.o
                               0x1121 (size before relaxing)
 .debug_str     0x0000909b       0x71 ./board/clock_config.o
                               0x2381 (size before relaxing)
 .debug_str     0x0000910c       0x2f ./board/peripherals_csec_config_1.o
                               0x12d9 (size before relaxing)
 .debug_str     0x0000913b       0x2c ./board/pin_mux.o
                                0x631 (size before relaxing)
 .debug_str     0x00009167      0x134 ./src/csec_utils.o
                               0x12bc (size before relaxing)
 .debug_str     0x0000929b       0xff ./src/main.o
                               0x3678 (size before relaxing)

.debug_loc      0x00000000    0x117d4
 .debug_loc     0x00000000      0x10a ./SDK/platform/devices/S32K144/startup/system_S32K144.o
 .debug_loc     0x0000010a       0xec ./SDK/platform/devices/startup.o
 .debug_loc     0x000001f6     0x519d ./SDK/platform/drivers/src/clock/S32K1xx/clock_S32K1xx.o
 .debug_loc     0x00005393     0x31db ./SDK/platform/drivers/src/csec/csec_driver.o
 .debug_loc     0x0000856e      0x40a ./SDK/platform/drivers/src/csec/csec_hw_access.o
 .debug_loc     0x00008978     0x28d9 ./SDK/platform/drivers/src/edma/edma_driver.o
 .debug_loc     0x0000b251      0x6fa ./SDK/platform/drivers/src/edma/edma_hw_access.o
 .debug_loc     0x0000b94b       0x50 ./SDK/platform/drivers/src/edma/edma_irq.o
 .debug_loc     0x0000b99b     0x1e7c ./SDK/platform/drivers/src/flash/flash_driver.o
 .debug_loc     0x0000d817      0x252 ./SDK/platform/drivers/src/interrupt/interrupt_manager.o
 .debug_loc     0x0000da69      0x821 ./SDK/platform/drivers/src/lpspi/lpspi_hw_access.o
 .debug_loc     0x0000e28a      0xfd8 ./SDK/platform/drivers/src/lpspi/lpspi_master_driver.o
 .debug_loc     0x0000f262      0x365 ./SDK/platform/drivers/src/lpspi/lpspi_shared_function.o
 .debug_loc     0x0000f5c7      0xb2c ./SDK/platform/drivers/src/lpspi/lpspi_slave_driver.o
 .debug_loc     0x000100f3      0x77f ./SDK/platform/drivers/src/pins/pins_driver.o
 .debug_loc     0x00010872      0x56a ./SDK/platform/drivers/src/pins/pins_port_hw_access.o
 .debug_loc     0x00010ddc      0x275 ./SDK/rtos/osif/osif_baremetal.o
 .debug_loc     0x00011051      0x6e6 ./src/csec_utils.o
 .debug_loc     0x00011737       0x9d ./src/main.o

.debug_ranges   0x00000000     0x1198
 .debug_ranges  0x00000000       0x20 ./SDK/platform/devices/S32K144/startup/system_S32K144.o
 .debug_ranges  0x00000020       0x10 ./SDK/platform/devices/startup.o
 .debug_ranges  0x00000030      0x488 ./SDK/platform/drivers/src/clock/S32K1xx/clock_S32K1xx.o
 .debug_ranges  0x000004b8      0x480 ./SDK/platform/drivers/src/csec/csec_driver.o
 .debug_ranges  0x00000938       0x40 ./SDK/platform/drivers/src/csec/csec_hw_access.o
 .debug_ranges  0x00000978      0x158 ./SDK/platform/drivers/src/edma/edma_driver.o
 .debug_ranges  0x00000ad0       0x90 ./SDK/platform/drivers/src/edma/edma_hw_access.o
 .debug_ranges  0x00000b60       0x90 ./SDK/platform/drivers/src/edma/edma_irq.o
 .debug_ranges  0x00000bf0      0x198 ./SDK/platform/drivers/src/flash/flash_driver.o
 .debug_ranges  0x00000d88       0x98 ./SDK/platform/drivers/src/interrupt/interrupt_manager.o
 .debug_ranges  0x00000e20       0x78 ./SDK/platform/drivers/src/lpspi/lpspi_hw_access.o
 .debug_ranges  0x00000e98       0x20 ./SDK/platform/drivers/src/lpspi/lpspi_irq.o
 .debug_ranges  0x00000eb8       0x80 ./SDK/platform/drivers/src/lpspi/lpspi_master_driver.o
 .debug_ranges  0x00000f38       0x28 ./SDK/platform/drivers/src/lpspi/lpspi_shared_function.o
 .debug_ranges  0x00000f60       0x50 ./SDK/platform/drivers/src/lpspi/lpspi_slave_driver.o
 .debug_ranges  0x00000fb0       0xd0 ./SDK/platform/drivers/src/pins/pins_driver.o
 .debug_ranges  0x00001080       0x30 ./SDK/platform/drivers/src/pins/pins_port_hw_access.o
 .debug_ranges  0x000010b0       0x90 ./SDK/rtos/osif/osif_baremetal.o
 .debug_ranges  0x00001140       0x40 ./src/csec_utils.o
 .debug_ranges  0x00001180       0x18 ./src/main.o

.comment        0x00000000       0xa0
 .comment       0x00000000       0xa0 ./SDK/platform/devices/S32K144/startup/system_S32K144.o
                                 0xa1 (size before relaxing)
 .comment       0x000000a0       0xa1 ./SDK/platform/devices/startup.o
 .comment       0x000000a0       0xa1 ./SDK/platform/drivers/src/clock/S32K1xx/clock_S32K1xx.o
 .comment       0x000000a0       0xa1 ./SDK/platform/drivers/src/csec/csec_driver.o
 .comment       0x000000a0       0xa1 ./SDK/platform/drivers/src/csec/csec_hw_access.o
 .comment       0x000000a0       0xa1 ./SDK/platform/drivers/src/edma/edma_driver.o
 .comment       0x000000a0       0xa1 ./SDK/platform/drivers/src/edma/edma_hw_access.o
 .comment       0x000000a0       0xa1 ./SDK/platform/drivers/src/edma/edma_irq.o
 .comment       0x000000a0       0xa1 ./SDK/platform/drivers/src/flash/flash_driver.o
 .comment       0x000000a0       0xa1 ./SDK/platform/drivers/src/interrupt/interrupt_manager.o
 .comment       0x000000a0       0xa1 ./SDK/platform/drivers/src/lpspi/lpspi_hw_access.o
 .comment       0x000000a0       0xa1 ./SDK/platform/drivers/src/lpspi/lpspi_irq.o
 .comment       0x000000a0       0xa1 ./SDK/platform/drivers/src/lpspi/lpspi_master_driver.o
 .comment       0x000000a0       0xa1 ./SDK/platform/drivers/src/lpspi/lpspi_shared_function.o
 .comment       0x000000a0       0xa1 ./SDK/platform/drivers/src/lpspi/lpspi_slave_driver.o
 .comment       0x000000a0       0xa1 ./SDK/platform/drivers/src/pins/pins_driver.o
 .comment       0x000000a0       0xa1 ./SDK/platform/drivers/src/pins/pins_port_hw_access.o
 .comment       0x000000a0       0xa1 ./SDK/rtos/osif/osif_baremetal.o
 .comment       0x000000a0       0xa1 ./board/clock_config.o
 .comment       0x000000a0       0xa1 ./board/peripherals_csec_config_1.o
 .comment       0x000000a0       0xa1 ./board/pin_mux.o
 .comment       0x000000a0       0xa1 ./src/csec_utils.o
 .comment       0x000000a0       0xa1 ./src/main.o

.debug_frame    0x00000000     0x1de4
 .debug_frame   0x00000000       0x40 ./SDK/platform/devices/S32K144/startup/system_S32K144.o
 .debug_frame   0x00000040       0x2c ./SDK/platform/devices/startup.o
 .debug_frame   0x0000006c      0x398 ./SDK/platform/drivers/src/clock/S32K1xx/clock_S32K1xx.o
 .debug_frame   0x00000404      0x4b8 ./SDK/platform/drivers/src/csec/csec_driver.o
 .debug_frame   0x000008bc       0xb0 ./SDK/platform/drivers/src/csec/csec_hw_access.o
 .debug_frame   0x0000096c      0x388 ./SDK/platform/drivers/src/edma/edma_driver.o
 .debug_frame   0x00000cf4      0x144 ./SDK/platform/drivers/src/edma/edma_hw_access.o
 .debug_frame   0x00000e38      0x1ac ./SDK/platform/drivers/src/edma/edma_irq.o
 .debug_frame   0x00000fe4      0x398 ./SDK/platform/drivers/src/flash/flash_driver.o
 .debug_frame   0x0000137c       0xd8 ./SDK/platform/drivers/src/interrupt/interrupt_manager.o
 .debug_frame   0x00001454       0xf4 ./SDK/platform/drivers/src/lpspi/lpspi_hw_access.o
 .debug_frame   0x00001548       0x58 ./SDK/platform/drivers/src/lpspi/lpspi_irq.o
 .debug_frame   0x000015a0      0x1bc ./SDK/platform/drivers/src/lpspi/lpspi_master_driver.o
 .debug_frame   0x0000175c       0x90 ./SDK/platform/drivers/src/lpspi/lpspi_shared_function.o
 .debug_frame   0x000017ec      0x120 ./SDK/platform/drivers/src/lpspi/lpspi_slave_driver.o
 .debug_frame   0x0000190c      0x1e4 ./SDK/platform/drivers/src/pins/pins_driver.o
 .debug_frame   0x00001af0       0x98 ./SDK/platform/drivers/src/pins/pins_port_hw_access.o
 .debug_frame   0x00001b88       0xf8 ./SDK/rtos/osif/osif_baremetal.o
 .debug_frame   0x00001c80      0x114 ./src/csec_utils.o
 .debug_frame   0x00001d94       0x50 ./src/main.o
