Archive member included to satisfy reference by file (symbol)

C:/NXP/S32DS.3.4/S32DS/build_tools/gcc_v6.3/gcc-6.3-arm32-eabi/arm-none-eabi/newlib/lib/thumb/v7e-m/fpv4-sp/hard\libc_nano.a(lib_a-exit.o)
                              C:/NXP/S32DS.3.4/S32DS/build_tools/gcc_v6.3/gcc-6.3-arm32-eabi/arm-none-eabi/newlib/lib/thumb/v7e-m/fpv4-sp/hard/crt0.o (exit)
C:/NXP/S32DS.3.4/S32DS/build_tools/gcc_v6.3/gcc-6.3-arm32-eabi/arm-none-eabi/newlib/lib/thumb/v7e-m/fpv4-sp/hard\libc_nano.a(lib_a-impure.o)
                              C:/NXP/S32DS.3.4/S32DS/build_tools/gcc_v6.3/gcc-6.3-arm32-eabi/arm-none-eabi/newlib/lib/thumb/v7e-m/fpv4-sp/hard\libc_nano.a(lib_a-exit.o) (_global_impure_ptr)
C:/NXP/S32DS.3.4/S32DS/build_tools/gcc_v6.3/gcc-6.3-arm32-eabi/arm-none-eabi/newlib/lib/thumb/v7e-m/fpv4-sp/hard\libc_nano.a(lib_a-init.o)
                              C:/NXP/S32DS.3.4/S32DS/build_tools/gcc_v6.3/gcc-6.3-arm32-eabi/arm-none-eabi/newlib/lib/thumb/v7e-m/fpv4-sp/hard/crt0.o (__libc_init_array)
C:/NXP/S32DS.3.4/S32DS/build_tools/gcc_v6.3/gcc-6.3-arm32-eabi/arm-none-eabi/newlib/lib/thumb/v7e-m/fpv4-sp/hard\libc_nano.a(lib_a-memset.o)
                              C:/NXP/S32DS.3.4/S32DS/build_tools/gcc_v6.3/gcc-6.3-arm32-eabi/arm-none-eabi/newlib/lib/thumb/v7e-m/fpv4-sp/hard/crt0.o (memset)
C:/NXP/S32DS.3.4/S32DS/build_tools/gcc_v6.3/gcc-6.3-arm32-eabi/arm-none-eabi/newlib/lib/thumb/v7e-m/fpv4-sp/hard\libnosys.a(_exit.o)
                              C:/NXP/S32DS.3.4/S32DS/build_tools/gcc_v6.3/gcc-6.3-arm32-eabi/arm-none-eabi/newlib/lib/thumb/v7e-m/fpv4-sp/hard\libc_nano.a(lib_a-exit.o) (_exit)

Discarded input sections

 .text          0x00000000        0x0 c:/nxp/s32ds.3.4/s32ds/build_tools/gcc_v6.3/gcc-6.3-arm32-eabi/bin/../lib/gcc/arm-none-eabi/6.3.1/thumb/v7e-m/fpv4-sp/hard/crti.o
 .data          0x00000000        0x0 c:/nxp/s32ds.3.4/s32ds/build_tools/gcc_v6.3/gcc-6.3-arm32-eabi/bin/../lib/gcc/arm-none-eabi/6.3.1/thumb/v7e-m/fpv4-sp/hard/crti.o
 .bss           0x00000000        0x0 c:/nxp/s32ds.3.4/s32ds/build_tools/gcc_v6.3/gcc-6.3-arm32-eabi/bin/../lib/gcc/arm-none-eabi/6.3.1/thumb/v7e-m/fpv4-sp/hard/crti.o
 .text          0x00000000       0xa4 c:/nxp/s32ds.3.4/s32ds/build_tools/gcc_v6.3/gcc-6.3-arm32-eabi/bin/../lib/gcc/arm-none-eabi/6.3.1/thumb/v7e-m/fpv4-sp/hard/crtbegin.o
 .data          0x00000000        0x4 c:/nxp/s32ds.3.4/s32ds/build_tools/gcc_v6.3/gcc-6.3-arm32-eabi/bin/../lib/gcc/arm-none-eabi/6.3.1/thumb/v7e-m/fpv4-sp/hard/crtbegin.o
 .bss           0x00000000       0x1c c:/nxp/s32ds.3.4/s32ds/build_tools/gcc_v6.3/gcc-6.3-arm32-eabi/bin/../lib/gcc/arm-none-eabi/6.3.1/thumb/v7e-m/fpv4-sp/hard/crtbegin.o
 .init_array    0x00000000        0x4 c:/nxp/s32ds.3.4/s32ds/build_tools/gcc_v6.3/gcc-6.3-arm32-eabi/bin/../lib/gcc/arm-none-eabi/6.3.1/thumb/v7e-m/fpv4-sp/hard/crtbegin.o
 .fini_array    0x00000000        0x4 c:/nxp/s32ds.3.4/s32ds/build_tools/gcc_v6.3/gcc-6.3-arm32-eabi/bin/../lib/gcc/arm-none-eabi/6.3.1/thumb/v7e-m/fpv4-sp/hard/crtbegin.o
 .eh_frame      0x00000000        0x0 c:/nxp/s32ds.3.4/s32ds/build_tools/gcc_v6.3/gcc-6.3-arm32-eabi/bin/../lib/gcc/arm-none-eabi/6.3.1/thumb/v7e-m/fpv4-sp/hard/crtbegin.o
 .jcr           0x00000000        0x0 c:/nxp/s32ds.3.4/s32ds/build_tools/gcc_v6.3/gcc-6.3-arm32-eabi/bin/../lib/gcc/arm-none-eabi/6.3.1/thumb/v7e-m/fpv4-sp/hard/crtbegin.o
 .tm_clone_table
                0x00000000        0x0 c:/nxp/s32ds.3.4/s32ds/build_tools/gcc_v6.3/gcc-6.3-arm32-eabi/bin/../lib/gcc/arm-none-eabi/6.3.1/thumb/v7e-m/fpv4-sp/hard/crtbegin.o
 .comment       0x00000000       0xa1 c:/nxp/s32ds.3.4/s32ds/build_tools/gcc_v6.3/gcc-6.3-arm32-eabi/bin/../lib/gcc/arm-none-eabi/6.3.1/thumb/v7e-m/fpv4-sp/hard/crtbegin.o
 .ARM.attributes
                0x00000000       0x34 c:/nxp/s32ds.3.4/s32ds/build_tools/gcc_v6.3/gcc-6.3-arm32-eabi/bin/../lib/gcc/arm-none-eabi/6.3.1/thumb/v7e-m/fpv4-sp/hard/crtbegin.o
 .text          0x00000000       0x74 C:/NXP/S32DS.3.4/S32DS/build_tools/gcc_v6.3/gcc-6.3-arm32-eabi/arm-none-eabi/newlib/lib/thumb/v7e-m/fpv4-sp/hard/crt0.o
 .data          0x00000000        0x0 C:/NXP/S32DS.3.4/S32DS/build_tools/gcc_v6.3/gcc-6.3-arm32-eabi/arm-none-eabi/newlib/lib/thumb/v7e-m/fpv4-sp/hard/crt0.o
 .bss           0x00000000        0x0 C:/NXP/S32DS.3.4/S32DS/build_tools/gcc_v6.3/gcc-6.3-arm32-eabi/arm-none-eabi/newlib/lib/thumb/v7e-m/fpv4-sp/hard/crt0.o
 .ARM.extab     0x00000000        0x0 C:/NXP/S32DS.3.4/S32DS/build_tools/gcc_v6.3/gcc-6.3-arm32-eabi/arm-none-eabi/newlib/lib/thumb/v7e-m/fpv4-sp/hard/crt0.o
 .ARM.exidx     0x00000000        0x8 C:/NXP/S32DS.3.4/S32DS/build_tools/gcc_v6.3/gcc-6.3-arm32-eabi/arm-none-eabi/newlib/lib/thumb/v7e-m/fpv4-sp/hard/crt0.o
 .ARM.attributes
                0x00000000       0x20 C:/NXP/S32DS.3.4/S32DS/build_tools/gcc_v6.3/gcc-6.3-arm32-eabi/arm-none-eabi/newlib/lib/thumb/v7e-m/fpv4-sp/hard/crt0.o
 .data          0x00000000        0x0 ./Project_Settings/Startup_Code/startup_S32K144.o
[...]
Memory Configuration

Name             Origin             Length             Attributes
m_interrupts     0x00000000         0x00000400         xr
m_flash_config   0x00000400         0x00000010         xr
m_text           0x00000410         0x0007fbf0         xr
m_data           0x1fff8000         0x00008000         rw
m_data_2         0x20000000         0x00007000         rw
*default*        0x00000000         0xffffffff

Linker script and memory map

LOAD c:/nxp/s32ds.3.4/s32ds/build_tools/gcc_v6.3/gcc-6.3-arm32-eabi/bin/../lib/gcc/arm-none-eabi/6.3.1/thumb/v7e-m/fpv4-sp/hard/crti.o
LOAD c:/nxp/s32ds.3.4/s32ds/build_tools/gcc_v6.3/gcc-6.3-arm32-eabi/bin/../lib/gcc/arm-none-eabi/6.3.1/thumb/v7e-m/fpv4-sp/hard/crtbegin.o
LOAD C:/NXP/S32DS.3.4/S32DS/build_tools/gcc_v6.3/gcc-6.3-arm32-eabi/arm-none-eabi/newlib/lib/thumb/v7e-m/fpv4-sp/hard/crt0.o
LOAD ./Project_Settings/Startup_Code/startup_S32K144.o
LOAD ./SDK/platform/devices/S32K144/startup/system_S32K144.o
LOAD ./SDK/platform/devices/startup.o
LOAD ./SDK/platform/drivers/src/clock/S32K1xx/clock_S32K1xx.o
LOAD ./SDK/platform/drivers/src/csec/csec_driver.o
LOAD ./SDK/platform/drivers/src/csec/csec_hw_access.o
LOAD ./SDK/platform/drivers/src/edma/edma_driver.o
LOAD ./SDK/platform/drivers/src/edma/edma_hw_access.o
LOAD ./SDK/platform/drivers/src/edma/edma_irq.o
LOAD ./SDK/platform/drivers/src/flash/flash_driver.o
LOAD ./SDK/platform/drivers/src/interrupt/interrupt_manager.o
LOAD ./SDK/platform/drivers/src/lpspi/lpspi_hw_access.o
LOAD ./SDK/platform/drivers/src/lpspi/lpspi_irq.o
LOAD ./SDK/platform/drivers/src/lpspi/lpspi_master_driver.o
LOAD ./SDK/platform/drivers/src/lpspi/lpspi_shared_function.o
LOAD ./SDK/platform/drivers/src/lpspi/lpspi_slave_driver.o
LOAD ./SDK/platform/drivers/src/pins/pins_driver.o
LOAD ./SDK/platform/drivers/src/pins/pins_port_hw_access.o
LOAD ./SDK/rtos/osif/osif_baremetal.o
LOAD ./board/clock_config.o
LOAD ./board/peripherals_ST7789_Interface.o
LOAD ./board/peripherals_csec_config_1.o
LOAD ./board/peripherals_flash_1.o
LOAD ./board/peripherals_osif_1.o
LOAD ./board/pin_mux.o
LOAD ./src/CSEC_AES_ECB.o
LOAD ./src/csec_utils.o
START GROUP
LOAD c:/nxp/s32ds.3.4/s32ds/build_tools/gcc_v6.3/gcc-6.3-arm32-eabi/bin/../lib/gcc/arm-none-eabi/6.3.1/thumb/v7e-m/fpv4-sp/hard\libgcc.a
LOAD C:/NXP/S32DS.3.4/S32DS/build_tools/gcc_v6.3/gcc-6.3-arm32-eabi/arm-none-eabi/newlib/lib/thumb/v7e-m/fpv4-sp/hard\libc_nano.a
END GROUP
START GROUP
LOAD c:/nxp/s32ds.3.4/s32ds/build_tools/gcc_v6.3/gcc-6.3-arm32-eabi/bin/../lib/gcc/arm-none-eabi/6.3.1/thumb/v7e-m/fpv4-sp/hard\libgcc.a
LOAD C:/NXP/S32DS.3.4/S32DS/build_tools/gcc_v6.3/gcc-6.3-arm32-eabi/arm-none-eabi/newlib/lib/thumb/v7e-m/fpv4-sp/hard\libc_nano.a
LOAD C:/NXP/S32DS.3.4/S32DS/build_tools/gcc_v6.3/gcc-6.3-arm32-eabi/arm-none-eabi/newlib/lib/thumb/v7e-m/fpv4-sp/hard\libnosys.a
END GROUP
START GROUP
LOAD c:/nxp/s32ds.3.4/s32ds/build_tools/gcc_v6.3/gcc-6.3-arm32-eabi/bin/../lib/gcc/arm-none-eabi/6.3.1/thumb/v7e-m/fpv4-sp/hard\libgcc.a
LOAD C:/NXP/S32DS.3.4/S32DS/build_tools/gcc_v6.3/gcc-6.3-arm32-eabi/arm-none-eabi/newlib/lib/thumb/v7e-m/fpv4-sp/hard\libc_nano.a
LOAD C:/NXP/S32DS.3.4/S32DS/build_tools/gcc_v6.3/gcc-6.3-arm32-eabi/arm-none-eabi/newlib/lib/thumb/v7e-m/fpv4-sp/hard\libnosys.a
END GROUP
LOAD c:/nxp/s32ds.3.4/s32ds/build_tools/gcc_v6.3/gcc-6.3-arm32-eabi/bin/../lib/gcc/arm-none-eabi/6.3.1/thumb/v7e-m/fpv4-sp/hard/crtend.o
LOAD c:/nxp/s32ds.3.4/s32ds/build_tools/gcc_v6.3/gcc-6.3-arm32-eabi/bin/../lib/gcc/arm-none-eabi/6.3.1/thumb/v7e-m/fpv4-sp/hard/crtn.o
                0x00000400                HEAP_SIZE = DEFINED (__heap_size__)?__heap_size__:0x400
                0x00000400                STACK_SIZE = DEFINED (__stack_size__)?__stack_size__:0x400
                0x00000400                M_VECTOR_RAM_SIZE = DEFINED (__flash_vector_table__)?0x0:0x400

.interrupts     0x00000000      0x400
                0x00000000                __VECTOR_TABLE = .
                0x00000000                __interrupts_start__ = .
                0x00000000                . = ALIGN (0x4)
 *(.isr_vector)
 .isr_vector    0x00000000      0x400 ./Project_Settings/Startup_Code/startup_S32K144.o
                0x00000000                __isr_vector
                0x00000400                __interrupts_end__ = .
                0x00000400                . = ALIGN (0x4)

.flash_config   0x00000400       0x10
                0x00000400                . = ALIGN (0x4)
 *(.FlashConfig)
 .FlashConfig   0x00000400       0x10 ./Project_Settings/Startup_Code/startup_S32K144.o
                0x00000410                . = ALIGN (0x4)

.text           0x00000410     0x32cc
                0x00000410                . = ALIGN (0x4)
 *(.text)
 .text          0x00000410       0x4c ./Project_Settings/Startup_Code/startup_S32K144.o
                0x00000410                Reset_Handler
                0x00000458                DebugMon_Handler
                0x00000458                Reserved88_IRQHandler
                0x00000458                CAN0_ORed_IRQHandler
                0x00000458                HardFault_Handler
                0x00000458                Reserved86_IRQHandler
                0x00000458                Reserved103_IRQHandler
                0x00000458                FTM2_Ovf_Reload_IRQHandler
                0x00000458                Reserved50_IRQHandler
                0x00000458                FTFC_Fault_IRQHandler
                0x00000458                FTM0_Ch6_Ch7_IRQHandler
                0x00000458                Reserved114_IRQHandler
                0x00000458                PendSV_Handler
                0x00000458                NMI_Handler
                0x00000458                Reserved89_IRQHandler
                0x00000458                ERM_double_fault_IRQHandler
                0x00000458                Reserved59_IRQHandler
                0x00000458                LPIT0_Ch0_IRQHandler
                0x00000458                Reserved99_IRQHandler
                0x00000458                FTM3_Ch6_Ch7_IRQHandler
                0x00000458                CAN2_ORed_0_15_MB_IRQHandler
                0x00000458                LPIT0_Ch3_IRQHandler
                0x00000458                Reserved92_IRQHandler
                0x00000458                FTM0_Ch4_Ch5_IRQHandler
                0x00000458                CAN1_Error_IRQHandler
                0x00000458                FTM3_Ch0_Ch1_IRQHandler
                0x00000458                SWI_IRQHandler
                0x00000458                ADC0_IRQHandler
                0x00000458                FTM2_Ch4_Ch5_IRQHandler
                0x00000458                UsageFault_Handler
                0x00000458                FTM0_Ovf_Reload_IRQHandler
                0x00000458                DefaultISR
                0x00000458                Reserved58_IRQHandler
                0x00000458                CAN1_ORed_0_15_MB_IRQHandler
                0x00000458                FTM1_Ch2_Ch3_IRQHandler
                0x00000458                Reserved82_IRQHandler
                0x00000458                CAN0_ORed_16_31_MB_IRQHandler
                0x00000458                LPI2C0_Slave_IRQHandler
                0x00000458                Reserved71_IRQHandler
                0x00000458                PORTD_IRQHandler
                0x00000458                Reserved69_IRQHandler
                0x00000458                PORTB_IRQHandler
                0x00000458                Reserved70_IRQHandler
                0x00000458                ADC1_IRQHandler
                0x00000458                FTM2_Ch2_Ch3_IRQHandler
                0x00000458                Reserved53_IRQHandler
                0x00000458                RTC_IRQHandler
                0x00000458                PDB0_IRQHandler
                0x00000458                Reserved54_IRQHandler
                0x00000458                FTM2_Ch6_Ch7_IRQHandler
                0x00000458                FTM3_Ch2_Ch3_IRQHandler
                0x00000458                FTM2_Ch0_Ch1_IRQHandler
                0x00000458                LPUART1_RxTx_IRQHandler
                0x00000458                RTC_Seconds_IRQHandler
                0x00000458                CAN2_ORed_IRQHandler
                0x00000458                Reserved72_IRQHandler
                0x00000458                Reserved110_IRQHandler
                0x00000458                Reserved107_IRQHandler
                0x00000458                Read_Collision_IRQHandler
                0x00000458                CAN2_Error_IRQHandler
                0x00000458                FTM1_Ch6_Ch7_IRQHandler
                0x00000458                Reserved105_IRQHandler
                0x00000458                LPIT0_Ch1_IRQHandler
                0x00000458                FTM1_Ch4_Ch5_IRQHandler
                0x00000458                FTM3_Ovf_Reload_IRQHandler
                0x00000458                LPUART2_RxTx_IRQHandler
                0x00000458                WDOG_EWM_IRQHandler
                0x00000458                MemManage_Handler
                0x00000458                Reserved90_IRQHandler
                0x00000458                Reserved83_IRQHandler
                0x00000458                FTM0_Fault_IRQHandler
                0x00000458                Reserved48_IRQHandler
                0x00000458                SVC_Handler
                0x00000458                ERM_single_fault_IRQHandler
                0x00000458                FTM2_Fault_IRQHandler
                0x00000458                FTM0_Ch2_Ch3_IRQHandler
                0x00000458                FTM0_Ch0_Ch1_IRQHandler
                0x00000458                FTM3_Fault_IRQHandler
                0x00000458                RCM_IRQHandler
                0x00000458                Reserved100_IRQHandler
                0x00000458                Reserved91_IRQHandler
                0x00000458                CAN1_ORed_IRQHandler
                0x00000458                SCG_IRQHandler
                0x00000458                PDB1_IRQHandler
                0x00000458                Reserved81_IRQHandler
                0x00000458                Reserved46_IRQHandler
                0x00000458                Reserved45_IRQHandler
                0x00000458                CAN0_Error_IRQHandler
                0x00000458                Reserved112_IRQHandler
                0x00000458                LPI2C0_Master_IRQHandler
                0x00000458                FTM1_Fault_IRQHandler
                0x00000458                Reserved106_IRQHandler
                0x00000458                LVD_LVW_IRQHandler
                0x00000458                LPIT0_Ch2_IRQHandler
                0x00000458                PORTA_IRQHandler
                0x00000458                MCM_IRQHandler
                0x00000458                FTM3_Ch4_Ch5_IRQHandler
                0x00000458                CAN0_ORed_0_15_MB_IRQHandler
                0x00000458                PORTE_IRQHandler
                0x00000458                LPUART0_RxTx_IRQHandler
                0x00000458                LPTMR0_IRQHandler
                0x00000458                BusFault_Handler
                0x00000458                Reserved87_IRQHandler
                0x00000458                FTM1_Ovf_Reload_IRQHandler
                0x00000458                Reserved93_IRQHandler
                0x00000458                CAN0_Wake_Up_IRQHandler
                0x00000458                CMP0_IRQHandler
                0x00000458                Reserved52_IRQHandler
                0x00000458                PORTC_IRQHandler
                0x00000458                FTM1_Ch0_Ch1_IRQHandler
                0x00000458                FLEXIO_IRQHandler
                0x00000458                Reserved113_IRQHandler
 *(.text*)
 .text.SystemInit
                0x0000045c       0x3c ./SDK/platform/devices/S32K144/startup/system_S32K144.o
                0x0000045c                SystemInit
 .text.init_data_bss
                0x00000498       0xd8 ./SDK/platform/devices/startup.o
                0x00000498                init_data_bss
 .text.CLOCK_SYS_GetCurrentRunMode
                0x00000570       0x24 ./SDK/platform/drivers/src/clock/S32K1xx/clock_S32K1xx.o
 .text.CLOCK_SYS_GetSysOscFreq
                0x00000594       0x1c ./SDK/platform/drivers/src/clock/S32K1xx/clock_S32K1xx.o
 .text.CLOCK_SYS_ConfigureSOSC
                0x000005b0      0x12c ./SDK/platform/drivers/src/clock/S32K1xx/clock_S32K1xx.o
 .text.CLOCK_SYS_GetSircFreq
                0x000006dc       0x2c ./SDK/platform/drivers/src/clock/S32K1xx/clock_S32K1xx.o
 .text.CLOCK_SYS_ConfigureSIRC
                0x00000708       0xc4 ./SDK/platform/drivers/src/clock/S32K1xx/clock_S32K1xx.o
 .text.CLOCK_SYS_GetFircFreq
                0x000007cc       0x20 ./SDK/platform/drivers/src/clock/S32K1xx/clock_S32K1xx.o
 .text.CLOCK_SYS_ConfigureFIRC
                0x000007ec       0xb4 ./SDK/platform/drivers/src/clock/S32K1xx/clock_S32K1xx.o
 .text.CLOCK_SYS_GetSysPllFreq
                0x000008a0       0x44 ./SDK/platform/drivers/src/clock/S32K1xx/clock_S32K1xx.o
 .text.CLOCK_SYS_ConfigureSPLL
                0x000008e4      0x13c ./SDK/platform/drivers/src/clock/S32K1xx/clock_S32K1xx.o
 .text.CLOCK_SYS_SetSystemClockConfig
                0x00000a20      0x208 ./SDK/platform/drivers/src/clock/S32K1xx/clock_S32K1xx.o
 .text.CLOCK_SYS_TransitionSystemClock
                0x00000c28       0x54 ./SDK/platform/drivers/src/clock/S32K1xx/clock_S32K1xx.o
 .text.CLOCK_SYS_GetSystemClockFreq
                0x00000c7c       0x80 ./SDK/platform/drivers/src/clock/S32K1xx/clock_S32K1xx.o
 .text.CLOCK_SYS_GetScgClkOutFreq
                0x00000cfc       0x48 ./SDK/platform/drivers/src/clock/S32K1xx/clock_S32K1xx.o
 .text.CLOCK_SYS_GetSysAsyncFreq
                0x00000d44       0xc8 ./SDK/platform/drivers/src/clock/S32K1xx/clock_S32K1xx.o
 .text.CLOCK_SYS_GetSimRtcClkFreq
                0x00000e0c       0x50 ./SDK/platform/drivers/src/clock/S32K1xx/clock_S32K1xx.o
 .text.CLOCK_SYS_GetLpoFreq
                0x00000e5c       0x54 ./SDK/platform/drivers/src/clock/S32K1xx/clock_S32K1xx.o
 .text.CLOCK_SYS_GetSimClkOutFreq
                0x00000eb0       0xac ./SDK/platform/drivers/src/clock/S32K1xx/clock_S32K1xx.o
 .text.CLOCK_SYS_GetSimClockFreq
                0x00000f5c      0x1b0 ./SDK/platform/drivers/src/clock/S32K1xx/clock_S32K1xx.o
 .text.CLOCK_SYS_GetPeripheralClock
                0x0000110c       0xcc ./SDK/platform/drivers/src/clock/S32K1xx/clock_S32K1xx.o
 .text.CLOCK_DRV_Init
                0x000011d8      0x60c ./SDK/platform/drivers/src/clock/S32K1xx/clock_S32K1xx.o
                0x000011d8                CLOCK_DRV_Init
 .text.CLOCK_DRV_GetFreq
                0x000017e4      0x20c ./SDK/platform/drivers/src/clock/S32K1xx/clock_S32K1xx.o
                0x000017e4                CLOCK_DRV_GetFreq
 .text.CLOCK_SYS_Init
                0x000019f0       0x28 ./SDK/platform/drivers/src/clock/S32K1xx/clock_S32K1xx.o
                0x000019f0                CLOCK_SYS_Init
 .text.CLOCK_SYS_UpdateConfiguration
                0x00001a18      0x100 ./SDK/platform/drivers/src/clock/S32K1xx/clock_S32K1xx.o
                0x00001a18                CLOCK_SYS_UpdateConfiguration
 .text.CLOCK_SYS_GetFreq
                0x00001b18        0x8 ./SDK/platform/drivers/src/clock/S32K1xx/clock_S32K1xx.o
                0x00001b18                CLOCK_SYS_GetFreq
 .text.CSEC_ReadErrorBits
                0x00001b20       0x88 ./SDK/platform/drivers/src/csec/csec_driver.o
 .text.CSEC_DRV_InitState
                0x00001ba8       0x28 ./SDK/platform/drivers/src/csec/csec_driver.o
 .text.CSEC_DRV_StartEncDecECBCmd
                0x00001bd0       0x50 ./SDK/platform/drivers/src/csec/csec_driver.o
 .text.CSEC_DRV_StartEncDecCBCCmd
                0x00001c20       0x88 ./SDK/platform/drivers/src/csec/csec_driver.o
 .text.CSEC_DRV_StartGenMACCmd
                0x00001ca8       0x54 ./SDK/platform/drivers/src/csec/csec_driver.o
 .text.CSEC_DRV_StartVerifMACCmd
                0x00001cfc       0x8c ./SDK/platform/drivers/src/csec/csec_driver.o
 .text.CSEC_DRV_ContinueGenMACCmd
                0x00001d88       0xc8 ./SDK/platform/drivers/src/csec/csec_driver.o
 .text.CSEC_DRV_ContinueEncDecECBCmd
                0x00001e50       0xc4 ./SDK/platform/drivers/src/csec/csec_driver.o
 .text.CSEC_DRV_ContinueVerifMACCmd
                0x00001f14       0xd0 ./SDK/platform/drivers/src/csec/csec_driver.o
 .text.CSEC_DRV_ContinueEncDecCBCCmd
                0x00001fe4       0xe4 ./SDK/platform/drivers/src/csec/csec_driver.o
 .text.CSEC_DRV_Init
                0x000020c8       0x24 ./SDK/platform/drivers/src/csec/csec_driver.o
                0x000020c8                CSEC_DRV_Init
 .text.CSEC_DRV_LoadKey
                0x000020ec       0xac ./SDK/platform/drivers/src/csec/csec_driver.o
                0x000020ec                CSEC_DRV_LoadKey
 .text.CSEC_DRV_LoadPlainKey
                0x00002198       0x58 ./SDK/platform/drivers/src/csec/csec_driver.o
                0x00002198                CSEC_DRV_LoadPlainKey
 .text.FTFC_IRQHandler
                0x000021f0       0x78 ./SDK/platform/drivers/src/csec/csec_driver.o
                0x000021f0                FTFC_IRQHandler
 .text.CSEC_DRV_CancelCommand
                0x00002268       0x64 ./SDK/platform/drivers/src/csec/csec_driver.o
                0x00002268                CSEC_DRV_CancelCommand
 .text.CSEC_DRV_EncryptECB
                0x000022cc       0x84 ./SDK/platform/drivers/src/csec/csec_driver.o
                0x000022cc                CSEC_DRV_EncryptECB
 .text.CSEC_DRV_DecryptECB
                0x00002350       0x8c ./SDK/platform/drivers/src/csec/csec_driver.o
                0x00002350                CSEC_DRV_DecryptECB
 .text.CSEC_DRV_EncryptCBC
                0x000023dc       0x94 ./SDK/platform/drivers/src/csec/csec_driver.o
                0x000023dc                CSEC_DRV_EncryptCBC
 .text.CSEC_DRV_GenerateMAC
                0x00002470       0x8c ./SDK/platform/drivers/src/csec/csec_driver.o
                0x00002470                CSEC_DRV_GenerateMAC
 .text.CSEC_DRV_MPCompress
                0x000024fc       0xfc ./SDK/platform/drivers/src/csec/csec_driver.o
                0x000024fc                CSEC_DRV_MPCompress
 .text.CSEC_WriteCommandHalfWord
                0x000025f8       0x26 ./SDK/platform/drivers/src/csec/csec_hw_access.o
                0x000025f8                CSEC_WriteCommandHalfWord
 .text.CSEC_WriteCommandByte
                0x0000261e       0x3c ./SDK/platform/drivers/src/csec/csec_hw_access.o
                0x0000261e                CSEC_WriteCommandByte
 *fill*         0x0000265a        0x2 
 .text.CSEC_WriteCommandBytes
                0x0000265c       0x74 ./SDK/platform/drivers/src/csec/csec_hw_access.o
                0x0000265c                CSEC_WriteCommandBytes
 .text.CSEC_WriteCommandWords
                0x000026d0       0x34 ./SDK/platform/drivers/src/csec/csec_hw_access.o
                0x000026d0                CSEC_WriteCommandWords
 .text.CSEC_ReadCommandByte
                0x00002704       0x38 ./SDK/platform/drivers/src/csec/csec_hw_access.o
                0x00002704                CSEC_ReadCommandByte
 .text.CSEC_ReadCommandBytes
                0x0000273c       0x78 ./SDK/platform/drivers/src/csec/csec_hw_access.o
                0x0000273c                CSEC_ReadCommandBytes
 .text.EDMA_DRV_ClearIntStatus
                0x000027b4       0x20 ./SDK/platform/drivers/src/edma/edma_driver.o
 .text.EDMA_DRV_IRQHandler
                0x000027d4       0x20 ./SDK/platform/drivers/src/edma/edma_driver.o
                0x000027d4                EDMA_DRV_IRQHandler
 .text.EDMA_DRV_ErrorIRQHandler
                0x000027f4       0x40 ./SDK/platform/drivers/src/edma/edma_driver.o
                0x000027f4                EDMA_DRV_ErrorIRQHandler
 .text.EDMA_DRV_GetDmaRegBaseAddr
                0x00002834       0x10 ./SDK/platform/drivers/src/edma/edma_driver.o
                0x00002834                EDMA_DRV_GetDmaRegBaseAddr
 .text.EDMA_SetDmaRequestCmd
                0x00002844        0xa ./SDK/platform/drivers/src/edma/edma_hw_access.o
                0x00002844                EDMA_SetDmaRequestCmd
 .text.DMA0_IRQHandler
                0x0000284e        0xa ./SDK/platform/drivers/src/edma/edma_irq.o
                0x0000284e                DMA0_IRQHandler
 .text.DMA1_IRQHandler
                0x00002858        0xa ./SDK/platform/drivers/src/edma/edma_irq.o
                0x00002858                DMA1_IRQHandler
 .text.DMA2_IRQHandler
                0x00002862        0xa ./SDK/platform/drivers/src/edma/edma_irq.o
                0x00002862                DMA2_IRQHandler
 .text.DMA3_IRQHandler
                0x0000286c        0xa ./SDK/platform/drivers/src/edma/edma_irq.o
                0x0000286c                DMA3_IRQHandler
 .text.DMA4_IRQHandler
                0x00002876        0xa ./SDK/platform/drivers/src/edma/edma_irq.o
                0x00002876                DMA4_IRQHandler
 .text.DMA5_IRQHandler
                0x00002880        0xa ./SDK/platform/drivers/src/edma/edma_irq.o
                0x00002880                DMA5_IRQHandler
 .text.DMA6_IRQHandler
                0x0000288a        0xa ./SDK/platform/drivers/src/edma/edma_irq.o
                0x0000288a                DMA6_IRQHandler
 .text.DMA7_IRQHandler
                0x00002894        0xa ./SDK/platform/drivers/src/edma/edma_irq.o
                0x00002894                DMA7_IRQHandler
 .text.DMA8_IRQHandler
                0x0000289e        0xa ./SDK/platform/drivers/src/edma/edma_irq.o
                0x0000289e                DMA8_IRQHandler
 .text.DMA9_IRQHandler
                0x000028a8        0xa ./SDK/platform/drivers/src/edma/edma_irq.o
                0x000028a8                DMA9_IRQHandler
 .text.DMA10_IRQHandler
                0x000028b2        0xa ./SDK/platform/drivers/src/edma/edma_irq.o
                0x000028b2                DMA10_IRQHandler
 .text.DMA11_IRQHandler
                0x000028bc        0xa ./SDK/platform/drivers/src/edma/edma_irq.o
                0x000028bc                DMA11_IRQHandler
 .text.DMA12_IRQHandler
                0x000028c6        0xa ./SDK/platform/drivers/src/edma/edma_irq.o
                0x000028c6                DMA12_IRQHandler
 .text.DMA13_IRQHandler
                0x000028d0        0xa ./SDK/platform/drivers/src/edma/edma_irq.o
                0x000028d0                DMA13_IRQHandler
 .text.DMA14_IRQHandler
                0x000028da        0xa ./SDK/platform/drivers/src/edma/edma_irq.o
                0x000028da                DMA14_IRQHandler
 .text.DMA15_IRQHandler
                0x000028e4        0xa ./SDK/platform/drivers/src/edma/edma_irq.o
                0x000028e4                DMA15_IRQHandler
 .text.DMA_Error_IRQHandler
                0x000028ee       0x28 ./SDK/platform/drivers/src/edma/edma_irq.o
                0x000028ee                DMA_Error_IRQHandler
 *fill*         0x00002916        0x2 
 .text.FLASH_DRV_Init
                0x00002918       0xf0 ./SDK/platform/drivers/src/flash/flash_driver.o
                0x00002918                FLASH_DRV_Init
 .text.INT_SYS_EnableIRQ
                0x00002a08       0x28 ./SDK/platform/drivers/src/interrupt/interrupt_manager.o
                0x00002a08                INT_SYS_EnableIRQ
 .text.INT_SYS_EnableIRQGlobal
                0x00002a30       0x1c ./SDK/platform/drivers/src/interrupt/interrupt_manager.o
                0x00002a30                INT_SYS_EnableIRQGlobal
 .text.INT_SYS_DisableIRQGlobal
                0x00002a4c       0x10 ./SDK/platform/drivers/src/interrupt/interrupt_manager.o
                0x00002a4c                INT_SYS_DisableIRQGlobal
 .text.LPSPI_SetFlushFifoCmd
                0x00002a5c        0xe ./SDK/platform/drivers/src/lpspi/lpspi_hw_access.o
                0x00002a5c                LPSPI_SetFlushFifoCmd
 .text.LPSPI_ClearStatusFlag
                0x00002a6a       0x20 ./SDK/platform/drivers/src/lpspi/lpspi_hw_access.o
                0x00002a6a                LPSPI_ClearStatusFlag
 .text.LPSPI0_IRQHandler
                0x00002a8a        0xa ./SDK/platform/drivers/src/lpspi/lpspi_irq.o
                0x00002a8a                LPSPI0_IRQHandler
 .text.LPSPI1_IRQHandler
                0x00002a94        0xa ./SDK/platform/drivers/src/lpspi/lpspi_irq.o
                0x00002a94                LPSPI1_IRQHandler
 .text.LPSPI2_IRQHandler
                0x00002a9e        0xa ./SDK/platform/drivers/src/lpspi/lpspi_irq.o
                0x00002a9e                LPSPI2_IRQHandler
 .text.LPSPI_DRV_MasterCompleteTransfer
                0x00002aa8       0x78 ./SDK/platform/drivers/src/lpspi/lpspi_master_driver.o
 .text.LPSPI_DRV_MasterAbortTransfer
                0x00002b20       0x40 ./SDK/platform/drivers/src/lpspi/lpspi_master_driver.o
                0x00002b20                LPSPI_DRV_MasterAbortTransfer
 .text.LPSPI_DRV_MasterIRQHandler
                0x00002b60       0xc0 ./SDK/platform/drivers/src/lpspi/lpspi_master_driver.o
                0x00002b60                LPSPI_DRV_MasterIRQHandler
 .text.LPSPI_DRV_IRQHandler
                0x00002c20       0x28 ./SDK/platform/drivers/src/lpspi/lpspi_shared_function.o
                0x00002c20                LPSPI_DRV_IRQHandler
 .text.LPSPI_DRV_FillupTxBuffer
                0x00002c48       0xb4 ./SDK/platform/drivers/src/lpspi/lpspi_shared_function.o
                0x00002c48                LPSPI_DRV_FillupTxBuffer
 .text.LPSPI_DRV_ReadRXBuffer
                0x00002cfc       0x8c ./SDK/platform/drivers/src/lpspi/lpspi_shared_function.o
                0x00002cfc                LPSPI_DRV_ReadRXBuffer
 .text.LPSPI_DRV_DisableTEIEInterrupts
                0x00002d88       0x30 ./SDK/platform/drivers/src/lpspi/lpspi_shared_function.o
                0x00002d88                LPSPI_DRV_DisableTEIEInterrupts
 .text.LPSPI_DRV_SlaveAbortTransfer
                0x00002db8       0x80 ./SDK/platform/drivers/src/lpspi/lpspi_slave_driver.o
                0x00002db8                LPSPI_DRV_SlaveAbortTransfer
 .text.LPSPI_DRV_SlaveIRQHandler
                0x00002e38       0xd4 ./SDK/platform/drivers/src/lpspi/lpspi_slave_driver.o
                0x00002e38                LPSPI_DRV_SlaveIRQHandler
 .text.PINS_DRV_Init
                0x00002f0c       0x20 ./SDK/platform/drivers/src/pins/pins_driver.o
                0x00002f0c                PINS_DRV_Init
 .text.PINS_DRV_SetPins
                0x00002f2c        0x4 ./SDK/platform/drivers/src/pins/pins_driver.o
                0x00002f2c                PINS_DRV_SetPins
 .text.PINS_DRV_ClearPins
                0x00002f30        0x4 ./SDK/platform/drivers/src/pins/pins_driver.o
                0x00002f30                PINS_DRV_ClearPins
 .text.PINS_GetAdcInterleaveVal
                0x00002f34       0x6c ./SDK/platform/drivers/src/pins/pins_port_hw_access.o
 .text.PINS_Init
                0x00002fa0      0x138 ./SDK/platform/drivers/src/pins/pins_port_hw_access.o
                0x00002fa0                PINS_Init
 .text.SysTick_Handler
                0x000030d8       0x10 ./SDK/rtos/osif/osif_baremetal.o
                0x000030d8                SysTick_Handler
 .text.OSIF_TimeDelay
                0x000030e8       0x70 ./SDK/rtos/osif/osif_baremetal.o
                0x000030e8                OSIF_TimeDelay
 .text.OSIF_GetMilliseconds
                0x00003158        0xc ./SDK/rtos/osif/osif_baremetal.o
                0x00003158                OSIF_GetMilliseconds
 .text.OSIF_SemaPost
                0x00003164       0x2c ./SDK/rtos/osif/osif_baremetal.o
                0x00003164                OSIF_SemaPost
 .text.initFlashForCsecOperation
                0x00003190       0x2c ./src/CSEC_AES_ECB.o
                0x00003190                initFlashForCsecOperation
 .text.main     0x000031bc       0xf0 ./src/CSEC_AES_ECB.o
                0x000031bc                main
 .text.deriveKey
                0x000032ac       0x34 ./src/csec_utils.o
                0x000032ac                deriveKey
 .text.computeM1M2M3
                0x000032e0      0x110 ./src/csec_utils.o
                0x000032e0                computeM1M2M3
 .text.setAuthKey
                0x000033f0       0x64 ./src/csec_utils.o
                0x000033f0                setAuthKey
 .text.loadKey  0x00003454       0x60 ./src/csec_utils.o
                0x00003454                loadKey
 *(.rodata)
 .rodata        0x000034b4       0x20 ./src/CSEC_AES_ECB.o
 *(.rodata*)
 .rodata.clockNameMappings
                0x000034d4       0x9e ./SDK/platform/drivers/src/clock/S32K1xx/clock_S32K1xx.o
                0x000034d4                clockNameMappings
 *fill*         0x00003572        0x2 
 .rodata.maxSysClksInHSRUN.7663
                0x00003574       0x54 ./SDK/platform/drivers/src/clock/S32K1xx/clock_S32K1xx.o
 .rodata.maxSysClksInRUN.7662
                0x000035c8       0x54 ./SDK/platform/drivers/src/clock/S32K1xx/clock_S32K1xx.o
 .rodata.maxSysClksInVLPR.7661
                0x0000361c       0x54 ./SDK/platform/drivers/src/clock/S32K1xx/clock_S32K1xx.o
 .rodata.peripheralFeaturesList
                0x00003670       0x4f ./SDK/platform/drivers/src/clock/S32K1xx/clock_S32K1xx.o
                0x00003670                peripheralFeaturesList
 *fill*         0x000036bf        0x1 
 .rodata.flash1_InitConfig0
                0x000036c0       0x14 ./src/CSEC_AES_ECB.o
 *(.init)
 .init          0x000036d4        0x4 c:/nxp/s32ds.3.4/s32ds/build_tools/gcc_v6.3/gcc-6.3-arm32-eabi/bin/../lib/gcc/arm-none-eabi/6.3.1/thumb/v7e-m/fpv4-sp/hard/crti.o
                0x000036d4                _init
 *(.fini)
 .fini          0x000036d8        0x4 c:/nxp/s32ds.3.4/s32ds/build_tools/gcc_v6.3/gcc-6.3-arm32-eabi/bin/../lib/gcc/arm-none-eabi/6.3.1/thumb/v7e-m/fpv4-sp/hard/crti.o
                0x000036d8                _fini
 *(.eh_frame)
                0x000036dc                __cryto_encrypted__Start__ = .
 *(.cryto_encrypted)
                0x000036dc                __cryto_encrypted__end__ = .
                0x000036dc                . = ALIGN (0x4)

.glue_7         0x000036dc        0x0
 .glue_7        0x000036dc        0x0 linker stubs

.glue_7t        0x000036dc        0x0
 .glue_7t       0x000036dc        0x0 linker stubs

.vfp11_veneer   0x000036dc        0x0
 .vfp11_veneer  0x000036dc        0x0 linker stubs

.v4_bx          0x000036dc        0x0
 .v4_bx         0x000036dc        0x0 linker stubs

.iplt           0x000036dc        0x0
 .iplt          0x000036dc        0x0 c:/nxp/s32ds.3.4/s32ds/build_tools/gcc_v6.3/gcc-6.3-arm32-eabi/bin/../lib/gcc/arm-none-eabi/6.3.1/thumb/v7e-m/fpv4-sp/hard/crtbegin.o

.rel.dyn        0x000036dc        0x0
 .rel.iplt      0x000036dc        0x0 c:/nxp/s32ds.3.4/s32ds/build_tools/gcc_v6.3/gcc-6.3-arm32-eabi/bin/../lib/gcc/arm-none-eabi/6.3.1/thumb/v7e-m/fpv4-sp/hard/crtbegin.o

.ARM            0x000036dc        0x0
                0x000036dc                __exidx_start = .
 *(.ARM.exidx*)
                0x000036dc                __exidx_end = .
                0x000036dc                __etext = .
                0x000036dc                __DATA_ROM = .

.interrupts_ram
                0x1fff8000      0x400
                0x1fff8000                . = ALIGN (0x4)
                0x1fff8000                __VECTOR_RAM__ = .
                0x1fff8000                __RAM_START = .
                0x1fff8000                __interrupts_ram_start__ = .
 *(.m_interrupts_ram)
                0x1fff8400                . = (. + M_VECTOR_RAM_SIZE)
 *fill*         0x1fff8000      0x400 
                0x1fff8400                . = ALIGN (0x4)
                0x1fff8400                __interrupts_ram_end__ = .
                0x1fff8000                __VECTOR_RAM = DEFINED (__flash_vector_table__)?ORIGIN (m_interrupts):__VECTOR_RAM__
                0x00000400                __RAM_VECTOR_TABLE_SIZE = DEFINED (__flash_vector_table__)?0x0:(__interrupts_ram_end__ - __interrupts_ram_start__)

.data           0x1fff8400      0x2f8 load address 0x000036dc
                0x1fff8400                . = ALIGN (0x4)
                0x1fff8400                __DATA_RAM = .
                0x1fff8400                __data_start__ = .
 *(.data)
 *(.data*)
 .data.peripheralClockConfig.7390
                0x1fff8400       0xa0 ./SDK/platform/drivers/src/clock/S32K1xx/clock_S32K1xx.o
 .data.g_lpspiBase
                0x1fff84a0        0xc ./SDK/platform/drivers/src/lpspi/lpspi_shared_function.o
                0x1fff84a0                g_lpspiBase
 .data.first_init.6881
                0x1fff84ac        0x1 ./SDK/rtos/osif/osif_baremetal.o
 *fill*         0x1fff84ad        0x3 
 .data.clockMan1_InitConfig0
                0x1fff84b0       0x88 ./board/clock_config.o
                0x1fff84b0                clockMan1_InitConfig0
 .data.g_clockManConfigsArr
                0x1fff8538        0x4 ./board/clock_config.o
                0x1fff8538                g_clockManConfigsArr
 .data.peripheralClockConfig0
                0x1fff853c       0xa0 ./board/clock_config.o
                0x1fff853c                peripheralClockConfig0
 .data.g_pin_mux_InitConfigArr0
                0x1fff85dc       0xd8 ./board/pin_mux.o
                0x1fff85dc                g_pin_mux_InitConfigArr0
 .data.g_authId
                0x1fff86b4        0x1 ./src/csec_utils.o
                0x1fff86b4                g_authId
 *fill*         0x1fff86b5        0x3 
 .data.g_authIdKey
                0x1fff86b8       0x10 ./src/csec_utils.o
                0x1fff86b8                g_authIdKey
 .data.g_emptyKey
                0x1fff86c8       0x10 ./src/csec_utils.o
                0x1fff86c8                g_emptyKey
 .data.key_update_enc_c
                0x1fff86d8       0x10 ./src/csec_utils.o
                0x1fff86d8                key_update_enc_c
 .data.key_update_mac_c
                0x1fff86e8       0x10 ./src/csec_utils.o
                0x1fff86e8                key_update_mac_c
                0x1fff86f8                . = ALIGN (0x4)
                0x1fff86f8                __data_end__ = .
                0x000039d4                __DATA_END = (__DATA_ROM + (__data_end__ - __data_start__))
                0x000039d4                __CODE_ROM = __DATA_END

.igot.plt       0x1fff86f8        0x0 load address 0x000039d4
 .igot.plt      0x1fff86f8        0x0 c:/nxp/s32ds.3.4/s32ds/build_tools/gcc_v6.3/gcc-6.3-arm32-eabi/bin/../lib/gcc/arm-none-eabi/6.3.1/thumb/v7e-m/fpv4-sp/hard/crtbegin.o

.code           0x1fff86f8        0x0 load address 0x000039d4
                0x1fff86f8                . = ALIGN (0x4)
                0x1fff86f8                __CODE_RAM = .
                0x1fff86f8                __code_start__ = .
                0x1fff86f8                __code_ram_start__ = .
 *(.code_ram)
                0x1fff86f8                . = ALIGN (0x4)
                0x1fff86f8                __code_end__ = .
                0x1fff86f8                __code_ram_end__ = .
                0x000039d4                __CODE_END = (__CODE_ROM + (__code_end__ - __code_start__))
                0x000039d4                __CUSTOM_ROM = __CODE_END

.customSectionBlock
                0x20000000        0x4 load address 0x000039d4
                0x20000000                __customSection_start__ = .
 *(.customSection)
 .customSection
                0x20000000        0x4 ./src/CSEC_AES_ECB.o
                0x20000000                starttime
                0x20000004                __customSection_end__ = .
                0x000039d8                __CUSTOM_END = (__CUSTOM_ROM + (__customSection_end__ - __customSection_start__))
                0x000039d8                __rom_end = __CUSTOM_END

.bss            0x20000004       0x88 load address 0x000039d8
                0x20000004                . = ALIGN (0x4)
                0x20000004                __BSS_START = .
                0x20000004                __bss_start__ = .
 *(.bss)
 *(.bss*)
 .bss.g_RtcClkInFreq
                0x20000004        0x4 ./SDK/platform/drivers/src/clock/S32K1xx/clock_S32K1xx.o
                0x20000004                g_RtcClkInFreq
 .bss.g_TClkFreq
                0x20000008        0xc ./SDK/platform/drivers/src/clock/S32K1xx/clock_S32K1xx.o
                0x20000008                g_TClkFreq
 .bss.g_clockState
                0x20000014       0x10 ./SDK/platform/drivers/src/clock/S32K1xx/clock_S32K1xx.o
 .bss.g_xtal0ClkFreq
                0x20000024        0x4 ./SDK/platform/drivers/src/clock/S32K1xx/clock_S32K1xx.o
                0x20000024                g_xtal0ClkFreq
 .bss.g_csecStatePtr
                0x20000028        0x4 ./SDK/platform/drivers/src/csec/csec_driver.o
 .bss.s_virtEdmaState
                0x2000002c        0x4 ./SDK/platform/drivers/src/edma/edma_driver.o
 .bss.g_interruptDisableCount
                0x20000030        0x4 ./SDK/platform/drivers/src/interrupt/interrupt_manager.o
 .bss.g_lpspiStatePtr
                0x20000034        0xc ./SDK/platform/drivers/src/lpspi/lpspi_shared_function.o
                0x20000034                g_lpspiStatePtr
 .bss.s_osif_tick_cnt
                0x20000040        0x4 ./SDK/rtos/osif/osif_baremetal.o
 .bss.g_clockManCallbacksArr
                0x20000044        0x4 ./board/clock_config.o
                0x20000044                g_clockManCallbacksArr
 .bss.csecState
                0x20000048       0x40 ./board/peripherals_csec_config_1.o
                0x20000048                csecState
 .bss.exit_code
                0x20000088        0x4 ./src/CSEC_AES_ECB.o
                0x20000088                exit_code
 *(COMMON)
                0x2000008c                . = ALIGN (0x4)
                0x2000008c                __bss_end__ = .
                0x2000008c                __BSS_END = .

.heap           0x2000008c      0x404 load address 0x00003a60
                0x20000090                . = ALIGN (0x8)
 *fill*         0x2000008c        0x4 
                0x20000090                __end__ = .
                0x20000090                __heap_start__ = .
                [!provide]                PROVIDE (end, .)
                [!provide]                PROVIDE (_end, .)
                [!provide]                PROVIDE (__end, .)
                0x20000090                __HeapBase = .
                0x20000490                . = (. + HEAP_SIZE)
 *fill*         0x20000090      0x400 
                0x20000490                __HeapLimit = .
                0x20000490                __heap_limit = .
                0x20000490                __heap_end__ = .
                0x20007000                __StackTop = (ORIGIN (m_data_2) + LENGTH (m_data_2))
                0x20006c00                __StackLimit = (__StackTop - STACK_SIZE)
                0x20007000                PROVIDE (__stack, __StackTop)
                0x20007000                __RAM_END = __StackTop

.stack          0x20006c00      0x400 load address 0x0000a5d4
                0x20006c00                . = ALIGN (0x8)
                0x20006c00                __stack_start__ = .
                0x20007000                . = (. + STACK_SIZE)
 *fill*         0x20006c00      0x400 
                0x20007000                __stack_end__ = .

.ARM.attributes
                0x00000000       0x30
 *(.ARM.attributes)
 .ARM.attributes
                0x00000000       0x22 c:/nxp/s32ds.3.4/s32ds/build_tools/gcc_v6.3/gcc-6.3-arm32-eabi/bin/../lib/gcc/arm-none-eabi/6.3.1/thumb/v7e-m/fpv4-sp/hard/crti.o
 .ARM.attributes
                0x00000022       0x1f ./Project_Settings/Startup_Code/startup_S32K144.o
 .ARM.attributes
                0x00000041       0x39 ./SDK/platform/devices/S32K144/startup/system_S32K144.o
 .ARM.attributes
                0x0000007a       0x39 ./SDK/platform/devices/startup.o
 .ARM.attributes
                0x000000b3       0x39 ./SDK/platform/drivers/src/clock/S32K1xx/clock_S32K1xx.o
 .ARM.attributes
                0x000000ec       0x39 ./SDK/platform/drivers/src/csec/csec_driver.o
 .ARM.attributes
                0x00000125       0x39 ./SDK/platform/drivers/src/csec/csec_hw_access.o
 .ARM.attributes
                0x0000015e       0x39 ./SDK/platform/drivers/src/edma/edma_driver.o
 .ARM.attributes
                0x00000197       0x39 ./SDK/platform/drivers/src/edma/edma_hw_access.o
 .ARM.attributes
                0x000001d0       0x39 ./SDK/platform/drivers/src/edma/edma_irq.o
 .ARM.attributes
                0x00000209       0x39 ./SDK/platform/drivers/src/flash/flash_driver.o
 .ARM.attributes
                0x00000242       0x39 ./SDK/platform/drivers/src/interrupt/interrupt_manager.o
 .ARM.attributes
                0x0000027b       0x39 ./SDK/platform/drivers/src/lpspi/lpspi_hw_access.o
 .ARM.attributes
                0x000002b4       0x39 ./SDK/platform/drivers/src/lpspi/lpspi_irq.o
 .ARM.attributes
                0x000002ed       0x39 ./SDK/platform/drivers/src/lpspi/lpspi_master_driver.o
 .ARM.attributes
                0x00000326       0x39 ./SDK/platform/drivers/src/lpspi/lpspi_shared_function.o
 .ARM.attributes
                0x0000035f       0x39 ./SDK/platform/drivers/src/lpspi/lpspi_slave_driver.o
 .ARM.attributes
                0x00000398       0x39 ./SDK/platform/drivers/src/pins/pins_driver.o
 .ARM.attributes
                0x000003d1       0x39 ./SDK/platform/drivers/src/pins/pins_port_hw_access.o
 .ARM.attributes
                0x0000040a       0x39 ./SDK/rtos/osif/osif_baremetal.o
 .ARM.attributes
                0x00000443       0x39 ./board/clock_config.o
 .ARM.attributes
                0x0000047c       0x39 ./board/peripherals_csec_config_1.o
 .ARM.attributes
                0x000004b5       0x39 ./board/pin_mux.o
 .ARM.attributes
                0x000004ee       0x39 ./src/CSEC_AES_ECB.o
 .ARM.attributes
                0x00000527       0x39 ./src/csec_utils.o
                0x00000001                ASSERT ((__rom_end <= (ORIGIN (m_text) + LENGTH (m_text))), Region m_text overflowed!)
                0x00000001                ASSERT ((__StackLimit >= __HeapLimit), region m_data_2 overflowed with stack and heap)
OUTPUT(CSEc_AES_ENC_CBC_ECB_ST7789.elf elf32-littlearm)

.debug_line     0x00000000     0x851e
 .debug_line    0x00000000       0x82 ./Project_Settings/Startup_Code/startup_S32K144.o
 .debug_line    0x00000082      0x270 ./SDK/platform/devices/S32K144/startup/system_S32K144.o
 .debug_line    0x000002f2      0x16d ./SDK/platform/devices/startup.o
 .debug_line    0x0000045f     0x13f8 ./SDK/platform/drivers/src/clock/S32K1xx/clock_S32K1xx.o
 .debug_line    0x00001857      0xe7c ./SDK/platform/drivers/src/csec/csec_driver.o
 .debug_line    0x000026d3      0x3da ./SDK/platform/drivers/src/csec/csec_hw_access.o
 .debug_line    0x00002aad      0xf4b ./SDK/platform/drivers/src/edma/edma_driver.o
 .debug_line    0x000039f8      0x412 ./SDK/platform/drivers/src/edma/edma_hw_access.o
 .debug_line    0x00003e0a      0x2f4 ./SDK/platform/drivers/src/edma/edma_irq.o
 .debug_line    0x000040fe      0x99f ./SDK/platform/drivers/src/flash/flash_driver.o
 .debug_line    0x00004a9d      0x3d0 ./SDK/platform/drivers/src/interrupt/interrupt_manager.o
 .debug_line    0x00004e6d      0x466 ./SDK/platform/drivers/src/lpspi/lpspi_hw_access.o
 .debug_line    0x000052d3      0x2ff ./SDK/platform/drivers/src/lpspi/lpspi_irq.o
 .debug_line    0x000055d2      0x823 ./SDK/platform/drivers/src/lpspi/lpspi_master_driver.o
 .debug_line    0x00005df5      0x3dd ./SDK/platform/drivers/src/lpspi/lpspi_shared_function.o
 .debug_line    0x000061d2      0x6fe ./SDK/platform/drivers/src/lpspi/lpspi_slave_driver.o
 .debug_line    0x000068d0      0x50b ./SDK/platform/drivers/src/pins/pins_driver.o
 .debug_line    0x00006ddb      0x3ad ./SDK/platform/drivers/src/pins/pins_port_hw_access.o
 .debug_line    0x00007188      0x462 ./SDK/rtos/osif/osif_baremetal.o
 .debug_line    0x000075ea      0x251 ./board/clock_config.o
 .debug_line    0x0000783b      0x270 ./board/peripherals_csec_config_1.o
 .debug_line    0x00007aab      0x1be ./board/pin_mux.o
 .debug_line    0x00007c69      0x4b0 ./src/CSEC_AES_ECB.o
 .debug_line    0x00008119      0x405 ./src/csec_utils.o

.debug_info     0x00000000    0x2470b
 .debug_info    0x00000000       0x26 ./Project_Settings/Startup_Code/startup_S32K144.o
 .debug_info    0x00000026      0x521 ./SDK/platform/devices/S32K144/startup/system_S32K144.o
 .debug_info    0x00000547      0x2ad ./SDK/platform/devices/startup.o
 .debug_info    0x000007f4     0x639a ./SDK/platform/drivers/src/clock/S32K1xx/clock_S32K1xx.o
 .debug_info    0x00006b8e     0x3d8c ./SDK/platform/drivers/src/csec/csec_driver.o
 .debug_info    0x0000a91a      0xeed ./SDK/platform/drivers/src/csec/csec_hw_access.o
 .debug_info    0x0000b807     0x489e ./SDK/platform/drivers/src/edma/edma_driver.o
 .debug_info    0x000100a5      0xa52 ./SDK/platform/drivers/src/edma/edma_hw_access.o
 .debug_info    0x00010af7      0x6da ./SDK/platform/drivers/src/edma/edma_irq.o
 .debug_info    0x000111d1     0x1e96 ./SDK/platform/drivers/src/flash/flash_driver.o
 .debug_info    0x00013067      0xc99 ./SDK/platform/drivers/src/interrupt/interrupt_manager.o
 .debug_info    0x00013d00     0x13a6 ./SDK/platform/drivers/src/lpspi/lpspi_hw_access.o
 .debug_info    0x000150a6      0x788 ./SDK/platform/drivers/src/lpspi/lpspi_irq.o
 .debug_info    0x0001582e     0x2d3a ./SDK/platform/drivers/src/lpspi/lpspi_master_driver.o
 .debug_info    0x00018568      0xb93 ./SDK/platform/drivers/src/lpspi/lpspi_shared_function.o
 .debug_info    0x000190fb     0x260d ./SDK/platform/drivers/src/lpspi/lpspi_slave_driver.o
 .debug_info    0x0001b708     0x14b7 ./SDK/platform/drivers/src/pins/pins_driver.o
 .debug_info    0x0001cbbf      0x9a5 ./SDK/platform/drivers/src/pins/pins_port_hw_access.o
 .debug_info    0x0001d564      0xbce ./SDK/rtos/osif/osif_baremetal.o
 .debug_info    0x0001e132     0x12b5 ./board/clock_config.o
 .debug_info    0x0001f3e7      0xdad ./board/peripherals_csec_config_1.o
 .debug_info    0x00020194      0x405 ./board/pin_mux.o
 .debug_info    0x00020599     0x2ae9 ./src/CSEC_AES_ECB.o
 .debug_info    0x00023082     0x1689 ./src/csec_utils.o

.debug_abbrev   0x00000000     0x39d2
 .debug_abbrev  0x00000000       0x14 ./Project_Settings/Startup_Code/startup_S32K144.o
 .debug_abbrev  0x00000014      0x140 ./SDK/platform/devices/S32K144/startup/system_S32K144.o
 .debug_abbrev  0x00000154       0xe0 ./SDK/platform/devices/startup.o
 .debug_abbrev  0x00000234      0x411 ./SDK/platform/drivers/src/clock/S32K1xx/clock_S32K1xx.o
 .debug_abbrev  0x00000645      0x494 ./SDK/platform/drivers/src/csec/csec_driver.o
 .debug_abbrev  0x00000ad9      0x267 ./SDK/platform/drivers/src/csec/csec_hw_access.o
 .debug_abbrev  0x00000d40      0x411 ./SDK/platform/drivers/src/edma/edma_driver.o
 .debug_abbrev  0x00001151      0x23f ./SDK/platform/drivers/src/edma/edma_hw_access.o
 .debug_abbrev  0x00001390      0x1b8 ./SDK/platform/drivers/src/edma/edma_irq.o
 .debug_abbrev  0x00001548      0x2fb ./SDK/platform/drivers/src/flash/flash_driver.o
 .debug_abbrev  0x00001843      0x277 ./SDK/platform/drivers/src/interrupt/interrupt_manager.o
 .debug_abbrev  0x00001aba      0x2a7 ./SDK/platform/drivers/src/lpspi/lpspi_hw_access.o
 .debug_abbrev  0x00001d61      0x15d ./SDK/platform/drivers/src/lpspi/lpspi_irq.o
 .debug_abbrev  0x00001ebe      0x3e5 ./SDK/platform/drivers/src/lpspi/lpspi_master_driver.o
 .debug_abbrev  0x000022a3      0x277 ./SDK/platform/drivers/src/lpspi/lpspi_shared_function.o
 .debug_abbrev  0x0000251a      0x3ec ./SDK/platform/drivers/src/lpspi/lpspi_slave_driver.o
 .debug_abbrev  0x00002906      0x2f5 ./SDK/platform/drivers/src/pins/pins_driver.o
 .debug_abbrev  0x00002bfb      0x231 ./SDK/platform/drivers/src/pins/pins_port_hw_access.o
 .debug_abbrev  0x00002e2c      0x2de ./SDK/rtos/osif/osif_baremetal.o
 .debug_abbrev  0x0000310a      0x122 ./board/clock_config.o
 .debug_abbrev  0x0000322c      0x183 ./board/peripherals_csec_config_1.o
 .debug_abbrev  0x000033af       0xca ./board/pin_mux.o
 .debug_abbrev  0x00003479      0x29b ./src/CSEC_AES_ECB.o
 .debug_abbrev  0x00003714      0x2be ./src/csec_utils.o

.debug_aranges  0x00000000      0xb78
 .debug_aranges
                0x00000000       0x20 ./Project_Settings/Startup_Code/startup_S32K144.o
 .debug_aranges
                0x00000020       0x30 ./SDK/platform/devices/S32K144/startup/system_S32K144.o
 .debug_aranges
                0x00000050       0x20 ./SDK/platform/devices/startup.o
 .debug_aranges
                0x00000070      0x128 ./SDK/platform/drivers/src/clock/S32K1xx/clock_S32K1xx.o
 .debug_aranges
                0x00000198      0x170 ./SDK/platform/drivers/src/csec/csec_driver.o
 .debug_aranges
                0x00000308       0x50 ./SDK/platform/drivers/src/csec/csec_hw_access.o
 .debug_aranges
                0x00000358      0x140 ./SDK/platform/drivers/src/edma/edma_driver.o
 .debug_aranges
                0x00000498       0x88 ./SDK/platform/drivers/src/edma/edma_hw_access.o
 .debug_aranges
                0x00000520       0xa0 ./SDK/platform/drivers/src/edma/edma_irq.o
 .debug_aranges
                0x000005c0      0x130 ./SDK/platform/drivers/src/flash/flash_driver.o
 .debug_aranges
                0x000006f0       0x70 ./SDK/platform/drivers/src/interrupt/interrupt_manager.o
 .debug_aranges
                0x00000760       0x70 ./SDK/platform/drivers/src/lpspi/lpspi_hw_access.o
 .debug_aranges
                0x000007d0       0x30 ./SDK/platform/drivers/src/lpspi/lpspi_irq.o
 .debug_aranges
                0x00000800       0x90 ./SDK/platform/drivers/src/lpspi/lpspi_master_driver.o
 .debug_aranges
                0x00000890       0x38 ./SDK/platform/drivers/src/lpspi/lpspi_shared_function.o
 .debug_aranges
                0x000008c8       0x60 ./SDK/platform/drivers/src/lpspi/lpspi_slave_driver.o
 .debug_aranges
                0x00000928       0xe0 ./SDK/platform/drivers/src/pins/pins_driver.o
 .debug_aranges
                0x00000a08       0x40 ./SDK/platform/drivers/src/pins/pins_port_hw_access.o
 .debug_aranges
                0x00000a48       0x70 ./SDK/rtos/osif/osif_baremetal.o
 .debug_aranges
                0x00000ab8       0x18 ./board/clock_config.o
 .debug_aranges
                0x00000ad0       0x18 ./board/peripherals_csec_config_1.o
 .debug_aranges
                0x00000ae8       0x18 ./board/pin_mux.o
 .debug_aranges
                0x00000b00       0x28 ./src/CSEC_AES_ECB.o
 .debug_aranges
                0x00000b28       0x50 ./src/csec_utils.o

.debug_str      0x00000000     0x9411
 .debug_str     0x00000000       0x93 ./Project_Settings/Startup_Code/startup_S32K144.o
 .debug_str     0x00000093      0x3ba ./SDK/platform/devices/S32K144/startup/system_S32K144.o
                                0x47c (size before relaxing)
 .debug_str     0x0000044d      0x20c ./SDK/platform/devices/startup.o
                                0x46b (size before relaxing)
 .debug_str     0x00000659     0x3681 ./SDK/platform/drivers/src/clock/S32K1xx/clock_S32K1xx.o
                               0x3a61 (size before relaxing)
 .debug_str     0x00003cda     0x14d6 ./SDK/platform/drivers/src/csec/csec_driver.o
                               0x2060 (size before relaxing)
 .debug_str     0x000051b0       0x62 ./SDK/platform/drivers/src/csec/csec_hw_access.o
                                0xbe7 (size before relaxing)
 .debug_str     0x00005212     0x18f7 ./SDK/platform/drivers/src/edma/edma_driver.o
                               0x2ed6 (size before relaxing)
 .debug_str     0x00006b09       0x46 ./SDK/platform/drivers/src/edma/edma_hw_access.o
                                0x837 (size before relaxing)
 .debug_str     0x00006b4f      0x162 ./SDK/platform/drivers/src/edma/edma_irq.o
                                0x542 (size before relaxing)
 .debug_str     0x00006cb1      0x702 ./SDK/platform/drivers/src/flash/flash_driver.o
                               0x192c (size before relaxing)
 .debug_str     0x000073b3      0x18e ./SDK/platform/drivers/src/interrupt/interrupt_manager.o
                                0xbdf (size before relaxing)
 .debug_str     0x00007541      0x81e ./SDK/platform/drivers/src/lpspi/lpspi_hw_access.o
                               0x1d4a (size before relaxing)
 .debug_str     0x00007d5f       0x79 ./SDK/platform/drivers/src/lpspi/lpspi_irq.o
                                0xb49 (size before relaxing)
 .debug_str     0x00007dd8      0x489 ./SDK/platform/drivers/src/lpspi/lpspi_master_driver.o
                               0x2285 (size before relaxing)
 .debug_str     0x00008261       0xe4 ./SDK/platform/drivers/src/lpspi/lpspi_shared_function.o
                                0xd8d (size before relaxing)
 .debug_str     0x00008345      0x169 ./SDK/platform/drivers/src/lpspi/lpspi_slave_driver.o
                               0x20f1 (size before relaxing)
 .debug_str     0x000084ae      0x967 ./SDK/platform/drivers/src/pins/pins_driver.o
                               0x1491 (size before relaxing)
 .debug_str     0x00008e15      0x1a2 ./SDK/platform/drivers/src/pins/pins_port_hw_access.o
                                0x979 (size before relaxing)
 .debug_str     0x00008fb7      0x173 ./SDK/rtos/osif/osif_baremetal.o
                               0x112d (size before relaxing)
 .debug_str     0x0000912a       0x71 ./board/clock_config.o
                               0x2383 (size before relaxing)
 .debug_str     0x0000919b       0x2f ./board/peripherals_csec_config_1.o
                               0x12db (size before relaxing)
 .debug_str     0x000091ca       0x2c ./board/pin_mux.o
                                0x633 (size before relaxing)
 .debug_str     0x000091f6       0xfa ./src/CSEC_AES_ECB.o
                               0x3610 (size before relaxing)
 .debug_str     0x000092f0      0x121 ./src/csec_utils.o
                               0x12be (size before relaxing)

.debug_loc      0x00000000    0x12c72
 .debug_loc     0x00000000      0x10a ./SDK/platform/devices/S32K144/startup/system_S32K144.o
 .debug_loc     0x0000010a       0xec ./SDK/platform/devices/startup.o
 .debug_loc     0x000001f6     0x5347 ./SDK/platform/drivers/src/clock/S32K1xx/clock_S32K1xx.o
 .debug_loc     0x0000553d     0x297b ./SDK/platform/drivers/src/csec/csec_driver.o
 .debug_loc     0x00007eb8      0x570 ./SDK/platform/drivers/src/csec/csec_hw_access.o
 .debug_loc     0x00008428     0x336f ./SDK/platform/drivers/src/edma/edma_driver.o
 .debug_loc     0x0000b797      0x7b9 ./SDK/platform/drivers/src/edma/edma_hw_access.o
 .debug_loc     0x0000bf50       0x50 ./SDK/platform/drivers/src/edma/edma_irq.o
 .debug_loc     0x0000bfa0     0x221c ./SDK/platform/drivers/src/flash/flash_driver.o
 .debug_loc     0x0000e1bc      0x678 ./SDK/platform/drivers/src/interrupt/interrupt_manager.o
 .debug_loc     0x0000e834      0x821 ./SDK/platform/drivers/src/lpspi/lpspi_hw_access.o
 .debug_loc     0x0000f055     0x1306 ./SDK/platform/drivers/src/lpspi/lpspi_master_driver.o
 .debug_loc     0x0001035b      0x365 ./SDK/platform/drivers/src/lpspi/lpspi_shared_function.o
 .debug_loc     0x000106c0      0xcfc ./SDK/platform/drivers/src/lpspi/lpspi_slave_driver.o
 .debug_loc     0x000113bc      0x7c7 ./SDK/platform/drivers/src/pins/pins_driver.o
 .debug_loc     0x00011b83      0x639 ./SDK/platform/drivers/src/pins/pins_port_hw_access.o
 .debug_loc     0x000121bc      0x353 ./SDK/rtos/osif/osif_baremetal.o
 .debug_loc     0x0001250f       0x7d ./src/CSEC_AES_ECB.o
 .debug_loc     0x0001258c      0x6e6 ./src/csec_utils.o

.debug_ranges   0x00000000     0x1070
 .debug_ranges  0x00000000       0x20 ./SDK/platform/devices/S32K144/startup/system_S32K144.o
 .debug_ranges  0x00000020       0x10 ./SDK/platform/devices/startup.o
 .debug_ranges  0x00000030      0x450 ./SDK/platform/drivers/src/clock/S32K1xx/clock_S32K1xx.o
 .debug_ranges  0x00000480      0x2d0 ./SDK/platform/drivers/src/csec/csec_driver.o
 .debug_ranges  0x00000750       0x88 ./SDK/platform/drivers/src/csec/csec_hw_access.o
 .debug_ranges  0x000007d8      0x190 ./SDK/platform/drivers/src/edma/edma_driver.o
 .debug_ranges  0x00000968       0x90 ./SDK/platform/drivers/src/edma/edma_hw_access.o
 .debug_ranges  0x000009f8       0x90 ./SDK/platform/drivers/src/edma/edma_irq.o
 .debug_ranges  0x00000a88      0x1b8 ./SDK/platform/drivers/src/flash/flash_driver.o
 .debug_ranges  0x00000c40       0x98 ./SDK/platform/drivers/src/interrupt/interrupt_manager.o
 .debug_ranges  0x00000cd8       0x78 ./SDK/platform/drivers/src/lpspi/lpspi_hw_access.o
 .debug_ranges  0x00000d50       0x20 ./SDK/platform/drivers/src/lpspi/lpspi_irq.o
 .debug_ranges  0x00000d70       0x80 ./SDK/platform/drivers/src/lpspi/lpspi_master_driver.o
 .debug_ranges  0x00000df0       0x28 ./SDK/platform/drivers/src/lpspi/lpspi_shared_function.o
 .debug_ranges  0x00000e18       0x50 ./SDK/platform/drivers/src/lpspi/lpspi_slave_driver.o
 .debug_ranges  0x00000e68       0xd0 ./SDK/platform/drivers/src/pins/pins_driver.o
 .debug_ranges  0x00000f38       0x48 ./SDK/platform/drivers/src/pins/pins_port_hw_access.o
 .debug_ranges  0x00000f80       0x98 ./SDK/rtos/osif/osif_baremetal.o
 .debug_ranges  0x00001018       0x18 ./src/CSEC_AES_ECB.o
 .debug_ranges  0x00001030       0x40 ./src/csec_utils.o

.comment        0x00000000       0xa0
 .comment       0x00000000       0xa0 ./SDK/platform/devices/S32K144/startup/system_S32K144.o
                                 0xa1 (size before relaxing)
 .comment       0x000000a0       0xa1 ./SDK/platform/devices/startup.o
 .comment       0x000000a0       0xa1 ./SDK/platform/drivers/src/clock/S32K1xx/clock_S32K1xx.o
 .comment       0x000000a0       0xa1 ./SDK/platform/drivers/src/csec/csec_driver.o
 .comment       0x000000a0       0xa1 ./SDK/platform/drivers/src/csec/csec_hw_access.o
 .comment       0x000000a0       0xa1 ./SDK/platform/drivers/src/edma/edma_driver.o
 .comment       0x000000a0       0xa1 ./SDK/platform/drivers/src/edma/edma_hw_access.o
 .comment       0x000000a0       0xa1 ./SDK/platform/drivers/src/edma/edma_irq.o
 .comment       0x000000a0       0xa1 ./SDK/platform/drivers/src/flash/flash_driver.o
 .comment       0x000000a0       0xa1 ./SDK/platform/drivers/src/interrupt/interrupt_manager.o
 .comment       0x000000a0       0xa1 ./SDK/platform/drivers/src/lpspi/lpspi_hw_access.o
 .comment       0x000000a0       0xa1 ./SDK/platform/drivers/src/lpspi/lpspi_irq.o
 .comment       0x000000a0       0xa1 ./SDK/platform/drivers/src/lpspi/lpspi_master_driver.o
 .comment       0x000000a0       0xa1 ./SDK/platform/drivers/src/lpspi/lpspi_shared_function.o
 .comment       0x000000a0       0xa1 ./SDK/platform/drivers/src/lpspi/lpspi_slave_driver.o
 .comment       0x000000a0       0xa1 ./SDK/platform/drivers/src/pins/pins_driver.o
 .comment       0x000000a0       0xa1 ./SDK/platform/drivers/src/pins/pins_port_hw_access.o
 .comment       0x000000a0       0xa1 ./SDK/rtos/osif/osif_baremetal.o
 .comment       0x000000a0       0xa1 ./board/clock_config.o
 .comment       0x000000a0       0xa1 ./board/peripherals_csec_config_1.o
 .comment       0x000000a0       0xa1 ./board/pin_mux.o
 .comment       0x000000a0       0xa1 ./src/CSEC_AES_ECB.o
 .comment       0x000000a0       0xa1 ./src/csec_utils.o

.debug_frame    0x00000000     0x1e48
 .debug_frame   0x00000000       0x40 ./SDK/platform/devices/S32K144/startup/system_S32K144.o
 .debug_frame   0x00000040       0x2c ./SDK/platform/devices/startup.o
 .debug_frame   0x0000006c      0x3a4 ./SDK/platform/drivers/src/clock/S32K1xx/clock_S32K1xx.o
 .debug_frame   0x00000410      0x508 ./SDK/platform/drivers/src/csec/csec_driver.o
 .debug_frame   0x00000918       0xc0 ./SDK/platform/drivers/src/csec/csec_hw_access.o
 .debug_frame   0x000009d8      0x3a0 ./SDK/platform/drivers/src/edma/edma_driver.o
 .debug_frame   0x00000d78      0x140 ./SDK/platform/drivers/src/edma/edma_hw_access.o
 .debug_frame   0x00000eb8      0x1ac ./SDK/platform/drivers/src/edma/edma_irq.o
 .debug_frame   0x00001064      0x37c ./SDK/platform/drivers/src/flash/flash_driver.o
 .debug_frame   0x000013e0       0xd8 ./SDK/platform/drivers/src/interrupt/interrupt_manager.o
 .debug_frame   0x000014b8       0xf4 ./SDK/platform/drivers/src/lpspi/lpspi_hw_access.o
 .debug_frame   0x000015ac       0x58 ./SDK/platform/drivers/src/lpspi/lpspi_irq.o
 .debug_frame   0x00001604      0x1c0 ./SDK/platform/drivers/src/lpspi/lpspi_master_driver.o
 .debug_frame   0x000017c4       0x90 ./SDK/platform/drivers/src/lpspi/lpspi_shared_function.o
 .debug_frame   0x00001854      0x118 ./SDK/platform/drivers/src/lpspi/lpspi_slave_driver.o
 .debug_frame   0x0000196c      0x1e4 ./SDK/platform/drivers/src/pins/pins_driver.o
 .debug_frame   0x00001b50       0xa0 ./SDK/platform/drivers/src/pins/pins_port_hw_access.o
 .debug_frame   0x00001bf0       0xf4 ./SDK/rtos/osif/osif_baremetal.o
 .debug_frame   0x00001ce4       0x50 ./src/CSEC_AES_ECB.o
 .debug_frame   0x00001d34      0x114 ./src/csec_utils.o
