Archive member included to satisfy reference by file (symbol)

D:/NXP/S32DS.3.4/S32DS/build_tools/gcc_b1620/gcc-6.3-arm32-eabi/arm-none-eabi/newlib/lib/thumb/v7e-m/fpv4-sp/hard\libc_nano.a(lib_a-exit.o)
                              D:/NXP/S32DS.3.4/S32DS/build_tools/gcc_b1620/gcc-6.3-arm32-eabi/arm-none-eabi/newlib/lib/thumb/v7e-m/fpv4-sp/hard/crt0.o (exit)
D:/NXP/S32DS.3.4/S32DS/build_tools/gcc_b1620/gcc-6.3-arm32-eabi/arm-none-eabi/newlib/lib/thumb/v7e-m/fpv4-sp/hard\libc_nano.a(lib_a-impure.o)
                              D:/NXP/S32DS.3.4/S32DS/build_tools/gcc_b1620/gcc-6.3-arm32-eabi/arm-none-eabi/newlib/lib/thumb/v7e-m/fpv4-sp/hard\libc_nano.a(lib_a-exit.o) (_global_impure_ptr)
D:/NXP/S32DS.3.4/S32DS/build_tools/gcc_b1620/gcc-6.3-arm32-eabi/arm-none-eabi/newlib/lib/thumb/v7e-m/fpv4-sp/hard\libc_nano.a(lib_a-init.o)
                              D:/NXP/S32DS.3.4/S32DS/build_tools/gcc_b1620/gcc-6.3-arm32-eabi/arm-none-eabi/newlib/lib/thumb/v7e-m/fpv4-sp/hard/crt0.o (__libc_init_array)
D:/NXP/S32DS.3.4/S32DS/build_tools/gcc_b1620/gcc-6.3-arm32-eabi/arm-none-eabi/newlib/lib/thumb/v7e-m/fpv4-sp/hard\libc_nano.a(lib_a-memset.o)
                              D:/NXP/S32DS.3.4/S32DS/build_tools/gcc_b1620/gcc-6.3-arm32-eabi/arm-none-eabi/newlib/lib/thumb/v7e-m/fpv4-sp/hard/crt0.o (memset)
D:/NXP/S32DS.3.4/S32DS/build_tools/gcc_b1620/gcc-6.3-arm32-eabi/arm-none-eabi/newlib/lib/thumb/v7e-m/fpv4-sp/hard\libnosys.a(_exit.o)
                              D:/NXP/S32DS.3.4/S32DS/build_tools/gcc_b1620/gcc-6.3-arm32-eabi/arm-none-eabi/newlib/lib/thumb/v7e-m/fpv4-sp/hard\libc_nano.a(lib_a-exit.o) (_exit)

Allocating common symbols
Common symbol       size              file

g_xtal0ClkFreq      0x4               ./SDK/platform/drivers/src/clock/S32K1xx/clock_S32K1xx.o
g_RtcClkInFreq      0x4               ./SDK/platform/drivers/src/clock/S32K1xx/clock_S32K1xx.o
g_TClkFreq          0xc               ./SDK/platform/drivers/src/clock/S32K1xx/clock_S32K1xx.o
rxBuff              0x2               ./src/main.o
error               0x2               ./src/main.o
interrupt_lpuart_state
                    0x34              ./board/peripherals_interrupt_lpuart.o

Discarded input sections

 .text          0x00000000        0x0 d:/nxp/s32ds.3.4/s32ds/build_tools/gcc_v6.3/gcc-6.3-arm32-eabi/bin/../lib/gcc/arm-none-eabi/6.3.1/thumb/v7e-m/fpv4-sp/hard/crti.o
 .data          0x00000000        0x0 d:/nxp/s32ds.3.4/s32ds/build_tools/gcc_v6.3/gcc-6.3-arm32-eabi/bin/../lib/gcc/arm-none-eabi/6.3.1/thumb/v7e-m/fpv4-sp/hard/crti.o
 .bss           0x00000000        0x0 d:/nxp/s32ds.3.4/s32ds/build_tools/gcc_v6.3/gcc-6.3-arm32-eabi/bin/../lib/gcc/arm-none-eabi/6.3.1/thumb/v7e-m/fpv4-sp/hard/crti.o
 .text          0x00000000       0xa4 d:/nxp/s32ds.3.4/s32ds/build_tools/gcc_v6.3/gcc-6.3-arm32-eabi/bin/../lib/gcc/arm-none-eabi/6.3.1/thumb/v7e-m/fpv4-sp/hard/crtbegin.o
 .data          0x00000000        0x4 d:/nxp/s32ds.3.4/s32ds/build_tools/gcc_v6.3/gcc-6.3-arm32-eabi/bin/../lib/gcc/arm-none-eabi/6.3.1/thumb/v7e-m/fpv4-sp/hard/crtbegin.o
 .bss           0x00000000       0x1c d:/nxp/s32ds.3.4/s32ds/build_tools/gcc_v6.3/gcc-6.3-arm32-eabi/bin/../lib/gcc/arm-none-eabi/6.3.1/thumb/v7e-m/fpv4-sp/hard/crtbegin.o
 .init_array    0x00000000        0x4 d:/nxp/s32ds.3.4/s32ds/build_tools/gcc_v6.3/gcc-6.3-arm32-eabi/bin/../lib/gcc/arm-none-eabi/6.3.1/thumb/v7e-m/fpv4-sp/hard/crtbegin.o
 .fini_array    0x00000000        0x4 d:/nxp/s32ds.3.4/s32ds/build_tools/gcc_v6.3/gcc-6.3-arm32-eabi/bin/../lib/gcc/arm-none-eabi/6.3.1/thumb/v7e-m/fpv4-sp/hard/crtbegin.o
 .eh_frame      0x00000000        0x0 d:/nxp/s32ds.3.4/s32ds/build_tools/gcc_v6.3/gcc-6.3-arm32-eabi/bin/../lib/gcc/arm-none-eabi/6.3.1/thumb/v7e-m/fpv4-sp/hard/crtbegin.o
 .jcr           0x00000000        0x0 d:/nxp/s32ds.3.4/s32ds/build_tools/gcc_v6.3/gcc-6.3-arm32-eabi/bin/../lib/gcc/arm-none-eabi/6.3.1/thumb/v7e-m/fpv4-sp/hard/crtbegin.o
 .tm_clone_table
                0x00000000        0x0 d:/nxp/s32ds.3.4/s32ds/build_tools/gcc_v6.3/gcc-6.3-arm32-eabi/bin/../lib/gcc/arm-none-eabi/6.3.1/thumb/v7e-m/fpv4-sp/hard/crtbegin.o
 .comment       0x00000000       0xa1 d:/nxp/s32ds.3.4/s32ds/build_tools/gcc_v6.3/gcc-6.3-arm32-eabi/bin/../lib/gcc/arm-none-eabi/6.3.1/thumb/v7e-m/fpv4-sp/hard/crtbegin.o
 .ARM.attributes
                0x00000000       0x34 d:/nxp/s32ds.3.4/s32ds/build_tools/gcc_v6.3/gcc-6.3-arm32-eabi/bin/../lib/gcc/arm-none-eabi/6.3.1/thumb/v7e-m/fpv4-sp/hard/crtbegin.o
 .text          0x00000000       0x7c D:/NXP/S32DS.3.4/S32DS/build_tools/gcc_b1620/gcc-6.3-arm32-eabi/arm-none-eabi/newlib/lib/thumb/v7e-m/fpv4-sp/hard/crt0.o
 .data          0x00000000        0x0 D:/NXP/S32DS.3.4/S32DS/build_tools/gcc_b1620/gcc-6.3-arm32-eabi/arm-none-eabi/newlib/lib/thumb/v7e-m/fpv4-sp/hard/crt0.o
 .bss           0x00000000        0x0 D:/NXP/S32DS.3.4/S32DS/build_tools/gcc_b1620/gcc-6.3-arm32-eabi/arm-none-eabi/newlib/lib/thumb/v7e-m/fpv4-sp/hard/crt0.o
[...]
Memory Configuration

Name             Origin             Length             Attributes
m_interrupts     0x00000000         0x00000400         xr
m_flash_config   0x00000400         0x00000010         xr
m_text           0x00000410         0x0007fbf0         xr
m_data           0x1fff8000         0x00008000         rw
m_data_2         0x20000000         0x00007000         rw
*default*        0x00000000         0xffffffff

Linker script and memory map

LOAD d:/nxp/s32ds.3.4/s32ds/build_tools/gcc_v6.3/gcc-6.3-arm32-eabi/bin/../lib/gcc/arm-none-eabi/6.3.1/thumb/v7e-m/fpv4-sp/hard/crti.o
LOAD d:/nxp/s32ds.3.4/s32ds/build_tools/gcc_v6.3/gcc-6.3-arm32-eabi/bin/../lib/gcc/arm-none-eabi/6.3.1/thumb/v7e-m/fpv4-sp/hard/crtbegin.o
LOAD D:/NXP/S32DS.3.4/S32DS/build_tools/gcc_b1620/gcc-6.3-arm32-eabi/arm-none-eabi/newlib/lib/thumb/v7e-m/fpv4-sp/hard/crt0.o
LOAD ./Project_Settings/Startup_Code/startup_S32K144.o
LOAD ./SDK/platform/devices/S32K144/startup/system_S32K144.o
LOAD ./SDK/platform/devices/startup.o
LOAD ./SDK/platform/drivers/src/clock/S32K1xx/clock_S32K1xx.o
LOAD ./SDK/platform/drivers/src/edma/edma_driver.o
LOAD ./SDK/platform/drivers/src/edma/edma_hw_access.o
LOAD ./SDK/platform/drivers/src/edma/edma_irq.o
LOAD ./SDK/platform/drivers/src/ftm/ftm_common.o
LOAD ./SDK/platform/drivers/src/ftm/ftm_hw_access.o
LOAD ./SDK/platform/drivers/src/ftm/ftm_pwm_driver.o
LOAD ./SDK/platform/drivers/src/interrupt/interrupt_manager.o
LOAD ./SDK/platform/drivers/src/lpuart/lpuart_driver.o
LOAD ./SDK/platform/drivers/src/lpuart/lpuart_hw_access.o
LOAD ./SDK/platform/drivers/src/lpuart/lpuart_irq.o
LOAD ./SDK/platform/drivers/src/pins/pins_driver.o
LOAD ./SDK/platform/drivers/src/pins/pins_port_hw_access.o
LOAD ./SDK/rtos/osif/osif_baremetal.o
LOAD ./board/clock_config.o
LOAD ./board/peripherals_flexTimer_pwm_0.o
LOAD ./board/peripherals_interrupt_lpuart.o
LOAD ./board/pin_mux.o
LOAD ./src/main.o
START GROUP
LOAD d:/nxp/s32ds.3.4/s32ds/build_tools/gcc_v6.3/gcc-6.3-arm32-eabi/bin/../lib/gcc/arm-none-eabi/6.3.1/thumb/v7e-m/fpv4-sp/hard\libgcc.a
LOAD D:/NXP/S32DS.3.4/S32DS/build_tools/gcc_b1620/gcc-6.3-arm32-eabi/arm-none-eabi/newlib/lib/thumb/v7e-m/fpv4-sp/hard\libc_nano.a
END GROUP
START GROUP
LOAD d:/nxp/s32ds.3.4/s32ds/build_tools/gcc_v6.3/gcc-6.3-arm32-eabi/bin/../lib/gcc/arm-none-eabi/6.3.1/thumb/v7e-m/fpv4-sp/hard\libgcc.a
LOAD D:/NXP/S32DS.3.4/S32DS/build_tools/gcc_b1620/gcc-6.3-arm32-eabi/arm-none-eabi/newlib/lib/thumb/v7e-m/fpv4-sp/hard\libc_nano.a
LOAD D:/NXP/S32DS.3.4/S32DS/build_tools/gcc_b1620/gcc-6.3-arm32-eabi/arm-none-eabi/newlib/lib/thumb/v7e-m/fpv4-sp/hard\libnosys.a
END GROUP
START GROUP
LOAD d:/nxp/s32ds.3.4/s32ds/build_tools/gcc_v6.3/gcc-6.3-arm32-eabi/bin/../lib/gcc/arm-none-eabi/6.3.1/thumb/v7e-m/fpv4-sp/hard\libgcc.a
LOAD D:/NXP/S32DS.3.4/S32DS/build_tools/gcc_b1620/gcc-6.3-arm32-eabi/arm-none-eabi/newlib/lib/thumb/v7e-m/fpv4-sp/hard\libc_nano.a
LOAD D:/NXP/S32DS.3.4/S32DS/build_tools/gcc_b1620/gcc-6.3-arm32-eabi/arm-none-eabi/newlib/lib/thumb/v7e-m/fpv4-sp/hard\libnosys.a
END GROUP
LOAD d:/nxp/s32ds.3.4/s32ds/build_tools/gcc_v6.3/gcc-6.3-arm32-eabi/bin/../lib/gcc/arm-none-eabi/6.3.1/thumb/v7e-m/fpv4-sp/hard/crtend.o
LOAD d:/nxp/s32ds.3.4/s32ds/build_tools/gcc_v6.3/gcc-6.3-arm32-eabi/bin/../lib/gcc/arm-none-eabi/6.3.1/thumb/v7e-m/fpv4-sp/hard/crtn.o
                0x00000400                HEAP_SIZE = DEFINED (__heap_size__)?__heap_size__:0x400
                0x00000400                STACK_SIZE = DEFINED (__stack_size__)?__stack_size__:0x400
                0x00000400                M_VECTOR_RAM_SIZE = DEFINED (__flash_vector_table__)?0x0:0x400

.interrupts     0x00000000      0x400
                0x00000000                __VECTOR_TABLE = .
                0x00000000                __interrupts_start__ = .
                0x00000000                . = ALIGN (0x4)
 *(.isr_vector)
 .isr_vector    0x00000000      0x400 ./Project_Settings/Startup_Code/startup_S32K144.o
                0x00000000                __isr_vector
                0x00000400                __interrupts_end__ = .
                0x00000400                . = ALIGN (0x4)

.flash_config   0x00000400       0x10
                0x00000400                . = ALIGN (0x4)
 *(.FlashConfig)
 .FlashConfig   0x00000400       0x10 ./Project_Settings/Startup_Code/startup_S32K144.o
                0x00000410                . = ALIGN (0x4)

.text           0x00000410     0x3e44
                0x00000410                . = ALIGN (0x4)
 *(.text)
 .text          0x00000410       0x6c ./Project_Settings/Startup_Code/startup_S32K144.o
                0x00000410                Reset_Handler
                0x00000478                DebugMon_Handler
                0x00000478                Reserved88_IRQHandler
                0x00000478                CAN0_ORed_IRQHandler
                0x00000478                HardFault_Handler
                0x00000478                Reserved86_IRQHandler
                0x00000478                Reserved103_IRQHandler
                0x00000478                FTM2_Ovf_Reload_IRQHandler
                0x00000478                Reserved50_IRQHandler
                0x00000478                FTFC_Fault_IRQHandler
                0x00000478                FTM0_Ch6_Ch7_IRQHandler
                0x00000478                Reserved114_IRQHandler
                0x00000478                PendSV_Handler
                0x00000478                NMI_Handler
                0x00000478                Reserved89_IRQHandler
                0x00000478                ERM_double_fault_IRQHandler
                0x00000478                Reserved59_IRQHandler
                0x00000478                LPIT0_Ch0_IRQHandler
                0x00000478                Reserved99_IRQHandler
                0x00000478                FTM3_Ch6_Ch7_IRQHandler
                0x00000478                CAN2_ORed_0_15_MB_IRQHandler
                0x00000478                LPIT0_Ch3_IRQHandler
                0x00000478                Reserved92_IRQHandler
                0x00000478                FTM0_Ch4_Ch5_IRQHandler
                0x00000478                CAN1_Error_IRQHandler
                0x00000478                FTM3_Ch0_Ch1_IRQHandler
                0x00000478                SWI_IRQHandler
                0x00000478                ADC0_IRQHandler
                0x00000478                FTM2_Ch4_Ch5_IRQHandler
                0x00000478                UsageFault_Handler
                0x00000478                FTM0_Ovf_Reload_IRQHandler
                0x00000478                DefaultISR
                0x00000478                Reserved58_IRQHandler
                0x00000478                CAN1_ORed_0_15_MB_IRQHandler
                0x00000478                FTM1_Ch2_Ch3_IRQHandler
                0x00000478                Reserved82_IRQHandler
                0x00000478                CAN0_ORed_16_31_MB_IRQHandler
                0x00000478                LPI2C0_Slave_IRQHandler
                0x00000478                Reserved71_IRQHandler
                0x00000478                PORTD_IRQHandler
                0x00000478                Reserved69_IRQHandler
                0x00000478                PORTB_IRQHandler
                0x00000478                Reserved70_IRQHandler
                0x00000478                ADC1_IRQHandler
                0x00000478                FTM2_Ch2_Ch3_IRQHandler
                0x00000478                Reserved53_IRQHandler
                0x00000478                RTC_IRQHandler
                0x00000478                PDB0_IRQHandler
                0x00000478                Reserved54_IRQHandler
                0x00000478                FTM2_Ch6_Ch7_IRQHandler
                0x00000478                FTM3_Ch2_Ch3_IRQHandler
                0x00000478                FTM2_Ch0_Ch1_IRQHandler
                0x00000478                LPSPI1_IRQHandler
                0x00000478                LPUART1_RxTx_IRQHandler
                0x00000478                RTC_Seconds_IRQHandler
                0x00000478                CAN2_ORed_IRQHandler
                0x00000478                Reserved72_IRQHandler
                0x00000478                Reserved110_IRQHandler
                0x00000478                Reserved107_IRQHandler
                0x00000478                Read_Collision_IRQHandler
                0x00000478                CAN2_Error_IRQHandler
                0x00000478                FTFC_IRQHandler
                0x00000478                FTM1_Ch6_Ch7_IRQHandler
                0x00000478                Reserved105_IRQHandler
                0x00000478                LPIT0_Ch1_IRQHandler
                0x00000478                FTM1_Ch4_Ch5_IRQHandler
                0x00000478                FTM3_Ovf_Reload_IRQHandler
                0x00000478                LPUART2_RxTx_IRQHandler
                0x00000478                LPSPI0_IRQHandler
                0x00000478                WDOG_EWM_IRQHandler
                0x00000478                MemManage_Handler
                0x00000478                Reserved90_IRQHandler
                0x00000478                Reserved83_IRQHandler
                0x00000478                FTM0_Fault_IRQHandler
                0x00000478                Reserved48_IRQHandler
                0x00000478                SVC_Handler
                0x00000478                ERM_single_fault_IRQHandler
                0x00000478                FTM2_Fault_IRQHandler
                0x00000478                FTM0_Ch2_Ch3_IRQHandler
                0x00000478                FTM0_Ch0_Ch1_IRQHandler
                0x00000478                FTM3_Fault_IRQHandler
                0x00000478                RCM_IRQHandler
                0x00000478                Reserved100_IRQHandler
                0x00000478                Reserved91_IRQHandler
                0x00000478                CAN1_ORed_IRQHandler
                0x00000478                SCG_IRQHandler
                0x00000478                PDB1_IRQHandler
                0x00000478                Reserved81_IRQHandler
                0x00000478                Reserved46_IRQHandler
                0x00000478                Reserved45_IRQHandler
                0x00000478                CAN0_Error_IRQHandler
                0x00000478                Reserved112_IRQHandler
                0x00000478                LPI2C0_Master_IRQHandler
                0x00000478                FTM1_Fault_IRQHandler
                0x00000478                Reserved106_IRQHandler
                0x00000478                LVD_LVW_IRQHandler
                0x00000478                LPIT0_Ch2_IRQHandler
                0x00000478                PORTA_IRQHandler
                0x00000478                MCM_IRQHandler
                0x00000478                LPSPI2_IRQHandler
                0x00000478                FTM3_Ch4_Ch5_IRQHandler
                0x00000478                CAN0_ORed_0_15_MB_IRQHandler
                0x00000478                PORTE_IRQHandler
                0x00000478                LPUART0_RxTx_IRQHandler
                0x00000478                LPTMR0_IRQHandler
                0x00000478                BusFault_Handler
                0x00000478                Reserved87_IRQHandler
                0x00000478                FTM1_Ovf_Reload_IRQHandler
                0x00000478                Reserved93_IRQHandler
                0x00000478                CAN0_Wake_Up_IRQHandler
                0x00000478                CMP0_IRQHandler
                0x00000478                Reserved52_IRQHandler
                0x00000478                PORTC_IRQHandler
                0x00000478                FTM1_Ch0_Ch1_IRQHandler
                0x00000478                FLEXIO_IRQHandler
                0x00000478                Reserved113_IRQHandler
 *(.text*)
 .text.SystemInit
                0x0000047c       0x3c ./SDK/platform/devices/S32K144/startup/system_S32K144.o
                0x0000047c                SystemInit
 .text.init_data_bss
                0x000004b8       0xd8 ./SDK/platform/devices/startup.o
                0x000004b8                init_data_bss
 .text.CLOCK_SYS_GetCurrentRunMode
                0x00000590       0x24 ./SDK/platform/drivers/src/clock/S32K1xx/clock_S32K1xx.o
 .text.CLOCK_SYS_GetSysOscFreq
                0x000005b4       0x1c ./SDK/platform/drivers/src/clock/S32K1xx/clock_S32K1xx.o
 .text.CLOCK_SYS_ConfigureSOSC
                0x000005d0      0x12c ./SDK/platform/drivers/src/clock/S32K1xx/clock_S32K1xx.o
 .text.CLOCK_SYS_GetSircFreq
                0x000006fc       0x2c ./SDK/platform/drivers/src/clock/S32K1xx/clock_S32K1xx.o
 .text.CLOCK_SYS_ConfigureSIRC
                0x00000728       0xc4 ./SDK/platform/drivers/src/clock/S32K1xx/clock_S32K1xx.o
 .text.CLOCK_SYS_GetFircFreq
                0x000007ec       0x20 ./SDK/platform/drivers/src/clock/S32K1xx/clock_S32K1xx.o
 .text.CLOCK_SYS_ConfigureFIRC
                0x0000080c       0xb4 ./SDK/platform/drivers/src/clock/S32K1xx/clock_S32K1xx.o
 .text.CLOCK_SYS_GetSysPllFreq
                0x000008c0       0x44 ./SDK/platform/drivers/src/clock/S32K1xx/clock_S32K1xx.o
 .text.CLOCK_SYS_ConfigureSPLL
                0x00000904      0x13c ./SDK/platform/drivers/src/clock/S32K1xx/clock_S32K1xx.o
 .text.CLOCK_SYS_SetSystemClockConfig
                0x00000a40      0x204 ./SDK/platform/drivers/src/clock/S32K1xx/clock_S32K1xx.o
 .text.CLOCK_SYS_TransitionSystemClock
                0x00000c44       0x54 ./SDK/platform/drivers/src/clock/S32K1xx/clock_S32K1xx.o
 .text.CLOCK_SYS_GetSystemClockFreq
                0x00000c98       0x80 ./SDK/platform/drivers/src/clock/S32K1xx/clock_S32K1xx.o
 .text.CLOCK_SYS_GetScgClkOutFreq
                0x00000d18       0x44 ./SDK/platform/drivers/src/clock/S32K1xx/clock_S32K1xx.o
 .text.CLOCK_SYS_GetSysAsyncFreq
                0x00000d5c       0xc0 ./SDK/platform/drivers/src/clock/S32K1xx/clock_S32K1xx.o
 .text.CLOCK_SYS_GetSimRtcClkFreq
                0x00000e1c       0x50 ./SDK/platform/drivers/src/clock/S32K1xx/clock_S32K1xx.o
 .text.CLOCK_SYS_GetLpoFreq
                0x00000e6c       0x54 ./SDK/platform/drivers/src/clock/S32K1xx/clock_S32K1xx.o
 .text.CLOCK_SYS_GetSimClkOutFreq
                0x00000ec0       0x98 ./SDK/platform/drivers/src/clock/S32K1xx/clock_S32K1xx.o
 .text.CLOCK_SYS_GetSimClockFreq
                0x00000f58      0x1a4 ./SDK/platform/drivers/src/clock/S32K1xx/clock_S32K1xx.o
 .text.CLOCK_SYS_GetPeripheralClock
                0x000010fc       0xc8 ./SDK/platform/drivers/src/clock/S32K1xx/clock_S32K1xx.o
 .text.CLOCK_DRV_Init
                0x000011c4      0x60c ./SDK/platform/drivers/src/clock/S32K1xx/clock_S32K1xx.o
                0x000011c4                CLOCK_DRV_Init
 .text.CLOCK_DRV_GetFreq
                0x000017d0      0x1dc ./SDK/platform/drivers/src/clock/S32K1xx/clock_S32K1xx.o
                0x000017d0                CLOCK_DRV_GetFreq
 .text.CLOCK_SYS_GetFreq
                0x000019ac        0x8 ./SDK/platform/drivers/src/clock/S32K1xx/clock_S32K1xx.o
                0x000019ac                CLOCK_SYS_GetFreq
 .text.EDMA_DRV_ClearIntStatus
                0x000019b4       0x20 ./SDK/platform/drivers/src/edma/edma_driver.o
 .text.EDMA_DRV_IRQHandler
                0x000019d4       0x20 ./SDK/platform/drivers/src/edma/edma_driver.o
                0x000019d4                EDMA_DRV_IRQHandler
 .text.EDMA_DRV_ErrorIRQHandler
                0x000019f4       0x40 ./SDK/platform/drivers/src/edma/edma_driver.o
                0x000019f4                EDMA_DRV_ErrorIRQHandler
 .text.EDMA_DRV_StopChannel
                0x00001a34       0x38 ./SDK/platform/drivers/src/edma/edma_driver.o
                0x00001a34                EDMA_DRV_StopChannel
 .text.EDMA_DRV_GetDmaRegBaseAddr
                0x00001a6c       0x10 ./SDK/platform/drivers/src/edma/edma_driver.o
                0x00001a6c                EDMA_DRV_GetDmaRegBaseAddr
 .text.EDMA_SetDmaRequestCmd
                0x00001a7c        0xa ./SDK/platform/drivers/src/edma/edma_hw_access.o
                0x00001a7c                EDMA_SetDmaRequestCmd
 .text.DMA0_IRQHandler
                0x00001a86        0xa ./SDK/platform/drivers/src/edma/edma_irq.o
                0x00001a86                DMA0_IRQHandler
 .text.DMA1_IRQHandler
                0x00001a90        0xa ./SDK/platform/drivers/src/edma/edma_irq.o
                0x00001a90                DMA1_IRQHandler
 .text.DMA2_IRQHandler
                0x00001a9a        0xa ./SDK/platform/drivers/src/edma/edma_irq.o
                0x00001a9a                DMA2_IRQHandler
 .text.DMA3_IRQHandler
                0x00001aa4        0xa ./SDK/platform/drivers/src/edma/edma_irq.o
                0x00001aa4                DMA3_IRQHandler
 .text.DMA4_IRQHandler
                0x00001aae        0xa ./SDK/platform/drivers/src/edma/edma_irq.o
                0x00001aae                DMA4_IRQHandler
 .text.DMA5_IRQHandler
                0x00001ab8        0xa ./SDK/platform/drivers/src/edma/edma_irq.o
                0x00001ab8                DMA5_IRQHandler
 .text.DMA6_IRQHandler
                0x00001ac2        0xa ./SDK/platform/drivers/src/edma/edma_irq.o
                0x00001ac2                DMA6_IRQHandler
 .text.DMA7_IRQHandler
                0x00001acc        0xa ./SDK/platform/drivers/src/edma/edma_irq.o
                0x00001acc                DMA7_IRQHandler
 .text.DMA8_IRQHandler
                0x00001ad6        0xa ./SDK/platform/drivers/src/edma/edma_irq.o
                0x00001ad6                DMA8_IRQHandler
 .text.DMA9_IRQHandler
                0x00001ae0        0xa ./SDK/platform/drivers/src/edma/edma_irq.o
                0x00001ae0                DMA9_IRQHandler
 .text.DMA10_IRQHandler
                0x00001aea        0xa ./SDK/platform/drivers/src/edma/edma_irq.o
                0x00001aea                DMA10_IRQHandler
 .text.DMA11_IRQHandler
                0x00001af4        0xa ./SDK/platform/drivers/src/edma/edma_irq.o
                0x00001af4                DMA11_IRQHandler
 .text.DMA12_IRQHandler
                0x00001afe        0xa ./SDK/platform/drivers/src/edma/edma_irq.o
                0x00001afe                DMA12_IRQHandler
 .text.DMA13_IRQHandler
                0x00001b08        0xa ./SDK/platform/drivers/src/edma/edma_irq.o
                0x00001b08                DMA13_IRQHandler
 .text.DMA14_IRQHandler
                0x00001b12        0xa ./SDK/platform/drivers/src/edma/edma_irq.o
                0x00001b12                DMA14_IRQHandler
 .text.DMA15_IRQHandler
                0x00001b1c        0xa ./SDK/platform/drivers/src/edma/edma_irq.o
                0x00001b1c                DMA15_IRQHandler
 .text.DMA_Error_IRQHandler
                0x00001b26       0x28 ./SDK/platform/drivers/src/edma/edma_irq.o
                0x00001b26                DMA_Error_IRQHandler
 *fill*         0x00001b4e        0x2 
 .text.FTM_DRV_SetSync
                0x00001b50      0x1c8 ./SDK/platform/drivers/src/ftm/ftm_common.o
                0x00001b50                FTM_DRV_SetSync
 .text.FTM_DRV_GetFrequency
                0x00001d18       0x7c ./SDK/platform/drivers/src/ftm/ftm_common.o
                0x00001d18                FTM_DRV_GetFrequency
 .text.FTM_DRV_Init
                0x00001d94      0x108 ./SDK/platform/drivers/src/ftm/ftm_common.o
                0x00001d94                FTM_DRV_Init
 .text.FTM_DRV_ConvertFreqToPeriodTicks
                0x00001e9c       0x24 ./SDK/platform/drivers/src/ftm/ftm_common.o
                0x00001e9c                FTM_DRV_ConvertFreqToPeriodTicks
 .text.FTM_DRV_InitModule
                0x00001ec0       0x18 ./SDK/platform/drivers/src/ftm/ftm_hw_access.o
                0x00001ec0                FTM_DRV_InitModule
 .text.FTM_DRV_Reset
                0x00001ed8       0x66 ./SDK/platform/drivers/src/ftm/ftm_hw_access.o
                0x00001ed8                FTM_DRV_Reset
 .text.FTM_DRV_SetChnTriggerCmd
                0x00001f3e       0x36 ./SDK/platform/drivers/src/ftm/ftm_hw_access.o
                0x00001f3e                FTM_DRV_SetChnTriggerCmd
 .text.FTM_DRV_UpdatePwmChannel
                0x00001f74      0x184 ./SDK/platform/drivers/src/ftm/ftm_pwm_driver.o
                0x00001f74                FTM_DRV_UpdatePwmChannel
 .text.FTM_DRV_InitPwm
                0x000020f8      0x838 ./SDK/platform/drivers/src/ftm/ftm_pwm_driver.o
                0x000020f8                FTM_DRV_InitPwm
 .text.INT_SYS_InstallHandler
                0x00002930       0x60 ./SDK/platform/drivers/src/interrupt/interrupt_manager.o
                0x00002930                INT_SYS_InstallHandler
 .text.INT_SYS_EnableIRQ
                0x00002990       0x28 ./SDK/platform/drivers/src/interrupt/interrupt_manager.o
                0x00002990                INT_SYS_EnableIRQ
 .text.INT_SYS_DisableIRQ
                0x000029b8       0x2c ./SDK/platform/drivers/src/interrupt/interrupt_manager.o
                0x000029b8                INT_SYS_DisableIRQ
 .text.INT_SYS_EnableIRQGlobal
                0x000029e4       0x1c ./SDK/platform/drivers/src/interrupt/interrupt_manager.o
                0x000029e4                INT_SYS_EnableIRQGlobal
 .text.INT_SYS_DisableIRQGlobal
                0x00002a00       0x10 ./SDK/platform/drivers/src/interrupt/interrupt_manager.o
                0x00002a00                INT_SYS_DisableIRQGlobal
 .text.LPUART_DRV_CompleteSendDataUsingInt
                0x00002a10       0x6c ./SDK/platform/drivers/src/lpuart/lpuart_driver.o
 .text.LPUART_DRV_StopTxDma
                0x00002a7c       0x74 ./SDK/platform/drivers/src/lpuart/lpuart_driver.o
 .text.LPUART_DRV_PutData
                0x00002af0       0x44 ./SDK/platform/drivers/src/lpuart/lpuart_driver.o
 .text.LPUART_DRV_CompleteReceiveDataUsingInt
                0x00002b34       0x6c ./SDK/platform/drivers/src/lpuart/lpuart_driver.o
 .text.LPUART_DRV_StopRxDma
                0x00002ba0       0x74 ./SDK/platform/drivers/src/lpuart/lpuart_driver.o
 .text.LPUART_DRV_GetData
                0x00002c14       0x60 ./SDK/platform/drivers/src/lpuart/lpuart_driver.o
 .text.LPUART_DRV_SendDataPolling
                0x00002c74       0xc4 ./SDK/platform/drivers/src/lpuart/lpuart_driver.o
                0x00002c74                LPUART_DRV_SendDataPolling
 .text.LPUART_DRV_ReceiveDataPolling
                0x00002d38      0x1b8 ./SDK/platform/drivers/src/lpuart/lpuart_driver.o
                0x00002d38                LPUART_DRV_ReceiveDataPolling
 .text.LPUART_DRV_SetBaudRate
                0x00002ef0      0x10c ./SDK/platform/drivers/src/lpuart/lpuart_driver.o
                0x00002ef0                LPUART_DRV_SetBaudRate
 .text.LPUART_DRV_Init
                0x00002ffc      0x138 ./SDK/platform/drivers/src/lpuart/lpuart_driver.o
                0x00002ffc                LPUART_DRV_Init
 .text.LPUART_DRV_IRQHandler
                0x00003134      0x274 ./SDK/platform/drivers/src/lpuart/lpuart_driver.o
                0x00003134                LPUART_DRV_IRQHandler
 .text.LPUART_Init
                0x000033a8       0x24 ./SDK/platform/drivers/src/lpuart/lpuart_hw_access.o
                0x000033a8                LPUART_Init
 .text.LPUART_SetBitCountPerChar
                0x000033cc       0x30 ./SDK/platform/drivers/src/lpuart/lpuart_hw_access.o
                0x000033cc                LPUART_SetBitCountPerChar
 .text.LPUART_SetParityMode
                0x000033fc       0x1e ./SDK/platform/drivers/src/lpuart/lpuart_hw_access.o
                0x000033fc                LPUART_SetParityMode
 .text.LPUART_Putchar9
                0x0000341a       0x16 ./SDK/platform/drivers/src/lpuart/lpuart_hw_access.o
                0x0000341a                LPUART_Putchar9
 .text.LPUART_Putchar10
                0x00003430       0x22 ./SDK/platform/drivers/src/lpuart/lpuart_hw_access.o
                0x00003430                LPUART_Putchar10
 .text.LPUART_Getchar9
                0x00003452       0x1e ./SDK/platform/drivers/src/lpuart/lpuart_hw_access.o
                0x00003452                LPUART_Getchar9
 .text.LPUART_Getchar10
                0x00003470       0x26 ./SDK/platform/drivers/src/lpuart/lpuart_hw_access.o
                0x00003470                LPUART_Getchar10
 .text.LPUART_SetIntMode
                0x00003496       0x70 ./SDK/platform/drivers/src/lpuart/lpuart_hw_access.o
                0x00003496                LPUART_SetIntMode
 .text.LPUART_GetIntMode
                0x00003506       0x4a ./SDK/platform/drivers/src/lpuart/lpuart_hw_access.o
                0x00003506                LPUART_GetIntMode
 .text.LPUART_GetStatusFlag
                0x00003550       0x48 ./SDK/platform/drivers/src/lpuart/lpuart_hw_access.o
                0x00003550                LPUART_GetStatusFlag
 .text.LPUART_ClearStatusFlag
                0x00003598      0x130 ./SDK/platform/drivers/src/lpuart/lpuart_hw_access.o
                0x00003598                LPUART_ClearStatusFlag
 .text.LPUART_SetErrorInterrupts
                0x000036c8       0x40 ./SDK/platform/drivers/src/lpuart/lpuart_hw_access.o
                0x000036c8                LPUART_SetErrorInterrupts
 .text.LPUART0_IrqHandler
                0x00003708        0xa ./SDK/platform/drivers/src/lpuart/lpuart_irq.o
                0x00003708                LPUART0_IrqHandler
 .text.LPUART1_IrqHandler
                0x00003712        0xa ./SDK/platform/drivers/src/lpuart/lpuart_irq.o
                0x00003712                LPUART1_IrqHandler
 .text.LPUART2_IrqHandler
                0x0000371c        0xa ./SDK/platform/drivers/src/lpuart/lpuart_irq.o
                0x0000371c                LPUART2_IrqHandler
 .text.PINS_DRV_Init
                0x00003726       0x20 ./SDK/platform/drivers/src/pins/pins_driver.o
                0x00003726                PINS_DRV_Init
 .text.PINS_DRV_SetPins
                0x00003746        0x4 ./SDK/platform/drivers/src/pins/pins_driver.o
                0x00003746                PINS_DRV_SetPins
 .text.PINS_DRV_TogglePins
                0x0000374a        0x4 ./SDK/platform/drivers/src/pins/pins_driver.o
                0x0000374a                PINS_DRV_TogglePins
 *fill*         0x0000374e        0x2 
 .text.PINS_GetAdcInterleaveVal
                0x00003750       0x70 ./SDK/platform/drivers/src/pins/pins_port_hw_access.o
 .text.PINS_Init
                0x000037c0      0x138 ./SDK/platform/drivers/src/pins/pins_port_hw_access.o
                0x000037c0                PINS_Init
 .text.SysTick_Handler
                0x000038f8       0x10 ./SDK/rtos/osif/osif_baremetal.o
                0x000038f8                SysTick_Handler
 .text.OSIF_TimeDelay
                0x00003908       0x70 ./SDK/rtos/osif/osif_baremetal.o
                0x00003908                OSIF_TimeDelay
 .text.OSIF_SemaPost
                0x00003978       0x2c ./SDK/rtos/osif/osif_baremetal.o
                0x00003978                OSIF_SemaPost
 .text.OSIF_SemaCreate
                0x000039a4       0x1a ./SDK/rtos/osif/osif_baremetal.o
                0x000039a4                OSIF_SemaCreate
 *fill*         0x000039be        0x2 
 .text.increaseGreen
                0x000039c0       0x40 ./src/main.o
                0x000039c0                increaseGreen
 .text.increaseRed
                0x00003a00       0x40 ./src/main.o
                0x00003a00                increaseRed
 .text.increaseBlue
                0x00003a40       0x40 ./src/main.o
                0x00003a40                increaseBlue
 .text.decreaseGreen
                0x00003a80       0x40 ./src/main.o
                0x00003a80                decreaseGreen
 .text.decreaseRed
                0x00003ac0       0x40 ./src/main.o
                0x00003ac0                decreaseRed
 .text.decreaseBlue
                0x00003b00       0x40 ./src/main.o
                0x00003b00                decreaseBlue
 .text.arrayToInt
                0x00003b40       0x24 ./src/main.o
                0x00003b40                arrayToInt
 .text.main     0x00003b64      0x248 ./src/main.o
                0x00003b64                main
 *(.rodata)
 *(.rodata*)
 .rodata.clockNameMappings
                0x00003dac       0x9e ./SDK/platform/drivers/src/clock/S32K1xx/clock_S32K1xx.o
                0x00003dac                clockNameMappings
 *fill*         0x00003e4a        0x2 
 .rodata.maxSysClksInHSRUN.7663
                0x00003e4c       0x54 ./SDK/platform/drivers/src/clock/S32K1xx/clock_S32K1xx.o
 .rodata.maxSysClksInRUN.7662
                0x00003ea0       0x54 ./SDK/platform/drivers/src/clock/S32K1xx/clock_S32K1xx.o
 .rodata.maxSysClksInVLPR.7661
                0x00003ef4       0x54 ./SDK/platform/drivers/src/clock/S32K1xx/clock_S32K1xx.o
 .rodata.peripheralFeaturesList
                0x00003f48       0x4f ./SDK/platform/drivers/src/clock/S32K1xx/clock_S32K1xx.o
                0x00003f48                peripheralFeaturesList
 *fill*         0x00003f97        0x1 
 .rodata.g_ftmBase
                0x00003f98       0x10 ./SDK/platform/drivers/src/ftm/ftm_common.o
                0x00003f98                g_ftmBase
 .rodata.g_ftmExtClockSel
                0x00003fa8        0x4 ./SDK/platform/drivers/src/ftm/ftm_common.o
 .rodata.g_ftmOverflowIrqId
                0x00003fac        0x4 ./SDK/platform/drivers/src/ftm/ftm_common.o
                0x00003fac                g_ftmOverflowIrqId
 .rodata.s_lpuartBase
                0x00003fb0        0xc ./SDK/platform/drivers/src/lpuart/lpuart_driver.o
 .rodata.s_lpuartClkNames
                0x00003fbc        0x3 ./SDK/platform/drivers/src/lpuart/lpuart_driver.o
 *fill*         0x00003fbf        0x1 
 .rodata.s_lpuartRxTxIrqId
                0x00003fc0        0x3 ./SDK/platform/drivers/src/lpuart/lpuart_driver.o
 *fill*         0x00003fc3        0x1 
 .rodata.interrupt_lpuart_InitConfig
                0x00003fc4        0xc ./board/peripherals_interrupt_lpuart.o
                0x00003fc4                interrupt_lpuart_InitConfig
 .rodata.main.str1.4
                0x00003fd0      0x27c ./src/main.o
 *(.init)
 .init          0x0000424c        0x4 d:/nxp/s32ds.3.4/s32ds/build_tools/gcc_v6.3/gcc-6.3-arm32-eabi/bin/../lib/gcc/arm-none-eabi/6.3.1/thumb/v7e-m/fpv4-sp/hard/crti.o
                0x0000424c                _init
 *(.fini)
 .fini          0x00004250        0x4 d:/nxp/s32ds.3.4/s32ds/build_tools/gcc_v6.3/gcc-6.3-arm32-eabi/bin/../lib/gcc/arm-none-eabi/6.3.1/thumb/v7e-m/fpv4-sp/hard/crti.o
                0x00004250                _fini
 *(.eh_frame)
                0x00004254                . = ALIGN (0x4)

.glue_7         0x00004254        0x0
 .glue_7        0x00004254        0x0 linker stubs

.glue_7t        0x00004254        0x0
 .glue_7t       0x00004254        0x0 linker stubs

.vfp11_veneer   0x00004254        0x0
 .vfp11_veneer  0x00004254        0x0 linker stubs

.v4_bx          0x00004254        0x0
 .v4_bx         0x00004254        0x0 linker stubs

.iplt           0x00004254        0x0
 .iplt          0x00004254        0x0 d:/nxp/s32ds.3.4/s32ds/build_tools/gcc_v6.3/gcc-6.3-arm32-eabi/bin/../lib/gcc/arm-none-eabi/6.3.1/thumb/v7e-m/fpv4-sp/hard/crtbegin.o

.rel.dyn        0x00004254        0x0
 .rel.iplt      0x00004254        0x0 d:/nxp/s32ds.3.4/s32ds/build_tools/gcc_v6.3/gcc-6.3-arm32-eabi/bin/../lib/gcc/arm-none-eabi/6.3.1/thumb/v7e-m/fpv4-sp/hard/crtbegin.o

.ARM            0x00004254        0x0
                0x00004254                __exidx_start = .
 *(.ARM.exidx*)
                0x00004254                __exidx_end = .
                0x00004254                __etext = .
                0x00004254                __DATA_ROM = .

.interrupts_ram
                0x1fff8000      0x400
                0x1fff8000                . = ALIGN (0x4)
                0x1fff8000                __VECTOR_RAM__ = .
                0x1fff8000                __RAM_START = .
                0x1fff8000                __interrupts_ram_start__ = .
 *(.m_interrupts_ram)
                0x1fff8400                . = (. + M_VECTOR_RAM_SIZE)
 *fill*         0x1fff8000      0x400 
                0x1fff8400                . = ALIGN (0x4)
                0x1fff8400                __interrupts_ram_end__ = .
                0x1fff8000                __VECTOR_RAM = DEFINED (__flash_vector_table__)?ORIGIN (m_interrupts):__VECTOR_RAM__
                0x00000400                __RAM_VECTOR_TABLE_SIZE = DEFINED (__flash_vector_table__)?0x0:(__interrupts_ram_end__ - __interrupts_ram_start__)

.data           0x1fff8400      0x29c load address 0x00004254
                0x1fff8400                . = ALIGN (0x4)
                0x1fff8400                __DATA_RAM = .
                0x1fff8400                __data_start__ = .
 *(.data)
 *(.data*)
 .data.peripheralClockConfig.7390
                0x1fff8400       0xa0 ./SDK/platform/drivers/src/clock/S32K1xx/clock_S32K1xx.o
 .data.g_lpuartIsr
                0x1fff84a0        0xc ./SDK/platform/drivers/src/lpuart/lpuart_irq.o
                0x1fff84a0                g_lpuartIsr
 .data.first_init.6881
                0x1fff84ac        0x1 ./SDK/rtos/osif/osif_baremetal.o
 *fill*         0x1fff84ad        0x3 
 .data.clockMan1_InitConfig0
                0x1fff84b0       0x88 ./board/clock_config.o
                0x1fff84b0                clockMan1_InitConfig0
 .data.peripheralClockConfig0
                0x1fff8538       0xa0 ./board/clock_config.o
                0x1fff8538                peripheralClockConfig0
 .data.flexTimer_pwm_0_IndependentChannelsConfig
                0x1fff85d8       0x1e ./board/peripherals_flexTimer_pwm_0.o
                0x1fff85d8                flexTimer_pwm_0_IndependentChannelsConfig
 *fill*         0x1fff85f6        0x2 
 .data.flexTimer_pwm_0_InitConfig
                0x1fff85f8       0x12 ./board/peripherals_flexTimer_pwm_0.o
                0x1fff85f8                flexTimer_pwm_0_InitConfig
 *fill*         0x1fff860a        0x2 
 .data.flexTimer_pwm_0_PwmConfig
                0x1fff860c       0x18 ./board/peripherals_flexTimer_pwm_0.o
                0x1fff860c                flexTimer_pwm_0_PwmConfig
 .data.g_pin_mux_InitConfigArr0
                0x1fff8624       0x78 ./board/pin_mux.o
                0x1fff8624                g_pin_mux_InitConfigArr0
                0x1fff869c                . = ALIGN (0x4)
                0x1fff869c                __data_end__ = .
                0x000044f0                __DATA_END = (__DATA_ROM + (__data_end__ - __data_start__))
                0x000044f0                __CODE_ROM = __DATA_END

.igot.plt       0x1fff869c        0x0 load address 0x000044f0
 .igot.plt      0x1fff869c        0x0 d:/nxp/s32ds.3.4/s32ds/build_tools/gcc_v6.3/gcc-6.3-arm32-eabi/bin/../lib/gcc/arm-none-eabi/6.3.1/thumb/v7e-m/fpv4-sp/hard/crtbegin.o

.code           0x1fff869c        0x0 load address 0x000044f0
                0x1fff869c                . = ALIGN (0x4)
                0x1fff869c                __CODE_RAM = .
                0x1fff869c                __code_start__ = .
                0x1fff869c                __code_ram_start__ = .
 *(.code_ram)
                0x1fff869c                . = ALIGN (0x4)
                0x1fff869c                __code_end__ = .
                0x1fff869c                __code_ram_end__ = .
                0x000044f0                __CODE_END = (__CODE_ROM + (__code_end__ - __code_start__))
                0x000044f0                __CUSTOM_ROM = __CODE_END

.customSectionBlock
                0x20000000        0x0 load address 0x000044f0
                0x20000000                __customSection_start__ = .
 *(.customSection)
                0x20000000                __customSection_end__ = .
                0x000044f0                __CUSTOM_END = (__CUSTOM_ROM + (__customSection_end__ - __customSection_start__))
                0x000044f0                __rom_end = __CUSTOM_END

.bss            0x20000000       0x88
                0x20000000                . = ALIGN (0x4)
                0x20000000                __BSS_START = .
                0x20000000                __bss_start__ = .
 *(.bss)
 *(.bss*)
 .bss.s_virtEdmaState
                0x20000000        0x4 ./SDK/platform/drivers/src/edma/edma_driver.o
 .bss.ftmStatePtr
                0x20000004       0x10 ./SDK/platform/drivers/src/ftm/ftm_common.o
                0x20000004                ftmStatePtr
 .bss.g_interruptDisableCount
                0x20000014        0x4 ./SDK/platform/drivers/src/interrupt/interrupt_manager.o
 .bss.s_lpuartStatePtr
                0x20000018        0xc ./SDK/platform/drivers/src/lpuart/lpuart_driver.o
 .bss.s_osif_tick_cnt
                0x20000024        0x4 ./SDK/rtos/osif/osif_baremetal.o
 .bss.flexTimer_pwm_0_FaultConfig
                0x20000028       0x10 ./board/peripherals_flexTimer_pwm_0.o
                0x20000028                flexTimer_pwm_0_FaultConfig
 .bss.dutyCycle
                0x20000038        0x4 ./src/main.o
                0x20000038                dutyCycle
 *(COMMON)
 COMMON         0x2000003c       0x14 ./SDK/platform/drivers/src/clock/S32K1xx/clock_S32K1xx.o
                0x2000003c                g_xtal0ClkFreq
                0x20000040                g_RtcClkInFreq
                0x20000044                g_TClkFreq
 COMMON         0x20000050       0x34 ./board/peripherals_interrupt_lpuart.o
                0x20000050                interrupt_lpuart_state
 COMMON         0x20000084        0x4 ./src/main.o
                0x20000084                rxBuff
                0x20000086                error
                0x20000088                . = ALIGN (0x4)
                0x20000088                __bss_end__ = .
                0x20000088                __BSS_END = .

.heap           0x20000088      0x400
                0x20000088                . = ALIGN (0x8)
                0x20000088                __end__ = .
                0x20000088                __heap_start__ = .
                [!provide]                PROVIDE (end, .)
                [!provide]                PROVIDE (_end, .)
                [!provide]                PROVIDE (__end, .)
                0x20000088                __HeapBase = .
                0x20000488                . = (. + HEAP_SIZE)
 *fill*         0x20000088      0x400 
                0x20000488                __HeapLimit = .
                0x20000488                __heap_limit = .
                0x20000488                __heap_end__ = .
                0x20007000                __StackTop = (ORIGIN (m_data_2) + LENGTH (m_data_2))
                0x20006c00                __StackLimit = (__StackTop - STACK_SIZE)
                0x20007000                PROVIDE (__stack, __StackTop)
                0x20007000                __RAM_END = __StackTop

.stack          0x20006c00      0x400
                0x20006c00                . = ALIGN (0x8)
                0x20006c00                __stack_start__ = .
                0x20007000                . = (. + STACK_SIZE)
 *fill*         0x20006c00      0x400 
                0x20007000                __stack_end__ = .

.ARM.attributes
                0x00000000       0x30
 *(.ARM.attributes)
 .ARM.attributes
                0x00000000       0x22 d:/nxp/s32ds.3.4/s32ds/build_tools/gcc_v6.3/gcc-6.3-arm32-eabi/bin/../lib/gcc/arm-none-eabi/6.3.1/thumb/v7e-m/fpv4-sp/hard/crti.o
 .ARM.attributes
                0x00000022       0x1f ./Project_Settings/Startup_Code/startup_S32K144.o
 .ARM.attributes
                0x00000041       0x39 ./SDK/platform/devices/S32K144/startup/system_S32K144.o
 .ARM.attributes
                0x0000007a       0x39 ./SDK/platform/devices/startup.o
 .ARM.attributes
                0x000000b3       0x39 ./SDK/platform/drivers/src/clock/S32K1xx/clock_S32K1xx.o
 .ARM.attributes
                0x000000ec       0x39 ./SDK/platform/drivers/src/edma/edma_driver.o
 .ARM.attributes
                0x00000125       0x39 ./SDK/platform/drivers/src/edma/edma_hw_access.o
 .ARM.attributes
                0x0000015e       0x39 ./SDK/platform/drivers/src/edma/edma_irq.o
 .ARM.attributes
                0x00000197       0x39 ./SDK/platform/drivers/src/ftm/ftm_common.o
 .ARM.attributes
                0x000001d0       0x39 ./SDK/platform/drivers/src/ftm/ftm_hw_access.o
 .ARM.attributes
                0x00000209       0x39 ./SDK/platform/drivers/src/ftm/ftm_pwm_driver.o
 .ARM.attributes
                0x00000242       0x39 ./SDK/platform/drivers/src/interrupt/interrupt_manager.o
 .ARM.attributes
                0x0000027b       0x39 ./SDK/platform/drivers/src/lpuart/lpuart_driver.o
 .ARM.attributes
                0x000002b4       0x39 ./SDK/platform/drivers/src/lpuart/lpuart_hw_access.o
 .ARM.attributes
                0x000002ed       0x39 ./SDK/platform/drivers/src/lpuart/lpuart_irq.o
 .ARM.attributes
                0x00000326       0x39 ./SDK/platform/drivers/src/pins/pins_driver.o
 .ARM.attributes
                0x0000035f       0x39 ./SDK/platform/drivers/src/pins/pins_port_hw_access.o
 .ARM.attributes
                0x00000398       0x39 ./SDK/rtos/osif/osif_baremetal.o
 .ARM.attributes
                0x000003d1       0x39 ./board/clock_config.o
 .ARM.attributes
                0x0000040a       0x39 ./board/peripherals_flexTimer_pwm_0.o
 .ARM.attributes
                0x00000443       0x39 ./board/peripherals_interrupt_lpuart.o
 .ARM.attributes
                0x0000047c       0x39 ./board/pin_mux.o
 .ARM.attributes
                0x000004b5       0x39 ./src/main.o
                0x00000001                ASSERT ((__rom_end <= (ORIGIN (m_text) + LENGTH (m_text))), Region m_text overflowed!)
                0x00000001                ASSERT ((__StackLimit >= __HeapLimit), region m_data_2 overflowed with stack and heap)
OUTPUT(UART_PWM_Combined.elf elf32-littlearm)

.debug_line     0x00000000     0x9fd0
 .debug_line    0x00000000       0xcc ./Project_Settings/Startup_Code/startup_S32K144.o
 .debug_line    0x000000cc      0x423 ./SDK/platform/devices/S32K144/startup/system_S32K144.o
 .debug_line    0x000004ef      0x3b1 ./SDK/platform/devices/startup.o
 .debug_line    0x000008a0     0x150d ./SDK/platform/drivers/src/clock/S32K1xx/clock_S32K1xx.o
 .debug_line    0x00001dad     0x10cd ./SDK/platform/drivers/src/edma/edma_driver.o
 .debug_line    0x00002e7a      0x5b4 ./SDK/platform/drivers/src/edma/edma_hw_access.o
 .debug_line    0x0000342e      0x51b ./SDK/platform/drivers/src/edma/edma_irq.o
 .debug_line    0x00003949      0xb04 ./SDK/platform/drivers/src/ftm/ftm_common.o
 .debug_line    0x0000444d      0x57b ./SDK/platform/drivers/src/ftm/ftm_hw_access.o
 .debug_line    0x000049c8      0xc23 ./SDK/platform/drivers/src/ftm/ftm_pwm_driver.o
 .debug_line    0x000055eb      0x5aa ./SDK/platform/drivers/src/interrupt/interrupt_manager.o
 .debug_line    0x00005b95      0xe7c ./SDK/platform/drivers/src/lpuart/lpuart_driver.o
 .debug_line    0x00006a11      0x61c ./SDK/platform/drivers/src/lpuart/lpuart_hw_access.o
 .debug_line    0x0000702d      0x428 ./SDK/platform/drivers/src/lpuart/lpuart_irq.o
 .debug_line    0x00007455      0x6f1 ./SDK/platform/drivers/src/pins/pins_driver.o
 .debug_line    0x00007b46      0x5b0 ./SDK/platform/drivers/src/pins/pins_port_hw_access.o
 .debug_line    0x000080f6      0x61e ./SDK/rtos/osif/osif_baremetal.o
 .debug_line    0x00008714      0x451 ./board/clock_config.o
 .debug_line    0x00008b65      0x402 ./board/peripherals_flexTimer_pwm_0.o
 .debug_line    0x00008f67      0x484 ./board/peripherals_interrupt_lpuart.o
 .debug_line    0x000093eb      0x3ea ./board/pin_mux.o
 .debug_line    0x000097d5      0x7fb ./src/main.o

.debug_info     0x00000000    0x208e9
 .debug_info    0x00000000       0x26 ./Project_Settings/Startup_Code/startup_S32K144.o
 .debug_info    0x00000026      0x521 ./SDK/platform/devices/S32K144/startup/system_S32K144.o
 .debug_info    0x00000547      0x2ad ./SDK/platform/devices/startup.o
 .debug_info    0x000007f4     0x6393 ./SDK/platform/drivers/src/clock/S32K1xx/clock_S32K1xx.o
 .debug_info    0x00006b87     0x48a2 ./SDK/platform/drivers/src/edma/edma_driver.o
 .debug_info    0x0000b429      0xa56 ./SDK/platform/drivers/src/edma/edma_hw_access.o
 .debug_info    0x0000be7f      0x6de ./SDK/platform/drivers/src/edma/edma_irq.o
 .debug_info    0x0000c55d     0x306b ./SDK/platform/drivers/src/ftm/ftm_common.o
 .debug_info    0x0000f5c8      0x9db ./SDK/platform/drivers/src/ftm/ftm_hw_access.o
 .debug_info    0x0000ffa3     0x32b3 ./SDK/platform/drivers/src/ftm/ftm_pwm_driver.o
 .debug_info    0x00013256      0xc99 ./SDK/platform/drivers/src/interrupt/interrupt_manager.o
 .debug_info    0x00013eef     0x3759 ./SDK/platform/drivers/src/lpuart/lpuart_driver.o
 .debug_info    0x00017648      0x9bf ./SDK/platform/drivers/src/lpuart/lpuart_hw_access.o
 .debug_info    0x00018007      0x12b ./SDK/platform/drivers/src/lpuart/lpuart_irq.o
 .debug_info    0x00018132     0x14e7 ./SDK/platform/drivers/src/pins/pins_driver.o
 .debug_info    0x00019619      0x9d5 ./SDK/platform/drivers/src/pins/pins_port_hw_access.o
 .debug_info    0x00019fee      0xbd2 ./SDK/rtos/osif/osif_baremetal.o
 .debug_info    0x0001abc0     0x12b9 ./board/clock_config.o
 .debug_info    0x0001be79      0xcca ./board/peripherals_flexTimer_pwm_0.o
 .debug_info    0x0001cb43      0x5cd ./board/peripherals_interrupt_lpuart.o
 .debug_info    0x0001d110      0x439 ./board/pin_mux.o
 .debug_info    0x0001d549     0x33a0 ./src/main.o

.debug_abbrev   0x00000000     0x2e22
 .debug_abbrev  0x00000000       0x14 ./Project_Settings/Startup_Code/startup_S32K144.o
 .debug_abbrev  0x00000014      0x141 ./SDK/platform/devices/S32K144/startup/system_S32K144.o
 .debug_abbrev  0x00000155       0xe1 ./SDK/platform/devices/startup.o
 .debug_abbrev  0x00000236      0x409 ./SDK/platform/drivers/src/clock/S32K1xx/clock_S32K1xx.o
 .debug_abbrev  0x0000063f      0x414 ./SDK/platform/drivers/src/edma/edma_driver.o
 .debug_abbrev  0x00000a53      0x242 ./SDK/platform/drivers/src/edma/edma_hw_access.o
 .debug_abbrev  0x00000c95      0x1bb ./SDK/platform/drivers/src/edma/edma_irq.o
 .debug_abbrev  0x00000e50      0x377 ./SDK/platform/drivers/src/ftm/ftm_common.o
 .debug_abbrev  0x000011c7      0x1cc ./SDK/platform/drivers/src/ftm/ftm_hw_access.o
 .debug_abbrev  0x00001393      0x310 ./SDK/platform/drivers/src/ftm/ftm_pwm_driver.o
 .debug_abbrev  0x000016a3      0x278 ./SDK/platform/drivers/src/interrupt/interrupt_manager.o
 .debug_abbrev  0x0000191b      0x3ad ./SDK/platform/drivers/src/lpuart/lpuart_driver.o
 .debug_abbrev  0x00001cc8      0x1ef ./SDK/platform/drivers/src/lpuart/lpuart_hw_access.o
 .debug_abbrev  0x00001eb7       0xbc ./SDK/platform/drivers/src/lpuart/lpuart_irq.o
 .debug_abbrev  0x00001f73      0x2f6 ./SDK/platform/drivers/src/pins/pins_driver.o
 .debug_abbrev  0x00002269      0x232 ./SDK/platform/drivers/src/pins/pins_port_hw_access.o
 .debug_abbrev  0x0000249b      0x2e1 ./SDK/rtos/osif/osif_baremetal.o
 .debug_abbrev  0x0000277c      0x125 ./board/clock_config.o
 .debug_abbrev  0x000028a1      0x129 ./board/peripherals_flexTimer_pwm_0.o
 .debug_abbrev  0x000029ca       0xbf ./board/peripherals_interrupt_lpuart.o
 .debug_abbrev  0x00002a89       0xcd ./board/pin_mux.o
 .debug_abbrev  0x00002b56      0x2cc ./src/main.o

.debug_aranges  0x00000000      0x9c8
 .debug_aranges
                0x00000000       0x20 ./Project_Settings/Startup_Code/startup_S32K144.o
 .debug_aranges
                0x00000020       0x30 ./SDK/platform/devices/S32K144/startup/system_S32K144.o
 .debug_aranges
                0x00000050       0x20 ./SDK/platform/devices/startup.o
 .debug_aranges
                0x00000070      0x128 ./SDK/platform/drivers/src/clock/S32K1xx/clock_S32K1xx.o
 .debug_aranges
                0x00000198      0x140 ./SDK/platform/drivers/src/edma/edma_driver.o
 .debug_aranges
                0x000002d8       0x88 ./SDK/platform/drivers/src/edma/edma_hw_access.o
 .debug_aranges
                0x00000360       0xa0 ./SDK/platform/drivers/src/edma/edma_irq.o
 .debug_aranges
                0x00000400       0xc8 ./SDK/platform/drivers/src/ftm/ftm_common.o
 .debug_aranges
                0x000004c8       0x38 ./SDK/platform/drivers/src/ftm/ftm_hw_access.o
 .debug_aranges
                0x00000500       0x50 ./SDK/platform/drivers/src/ftm/ftm_pwm_driver.o
 .debug_aranges
                0x00000550       0x70 ./SDK/platform/drivers/src/interrupt/interrupt_manager.o
 .debug_aranges
                0x000005c0      0x118 ./SDK/platform/drivers/src/lpuart/lpuart_driver.o
 .debug_aranges
                0x000006d8       0x78 ./SDK/platform/drivers/src/lpuart/lpuart_hw_access.o
 .debug_aranges
                0x00000750       0x30 ./SDK/platform/drivers/src/lpuart/lpuart_irq.o
 .debug_aranges
                0x00000780       0xe0 ./SDK/platform/drivers/src/pins/pins_driver.o
 .debug_aranges
                0x00000860       0x40 ./SDK/platform/drivers/src/pins/pins_port_hw_access.o
 .debug_aranges
                0x000008a0       0x70 ./SDK/rtos/osif/osif_baremetal.o
 .debug_aranges
                0x00000910       0x18 ./board/clock_config.o
 .debug_aranges
                0x00000928       0x18 ./board/peripherals_flexTimer_pwm_0.o
 .debug_aranges
                0x00000940       0x18 ./board/peripherals_interrupt_lpuart.o
 .debug_aranges
                0x00000958       0x18 ./board/pin_mux.o
 .debug_aranges
                0x00000970       0x58 ./src/main.o

.debug_str      0x00000000    0x77d08
 .debug_str     0x00000000       0xbc ./Project_Settings/Startup_Code/startup_S32K144.o
 .debug_str     0x000000bc    0x69392 ./SDK/platform/devices/S32K144/startup/system_S32K144.o
                              0x6951d (size before relaxing)
 .debug_str     0x0006944e      0x399 ./SDK/platform/devices/startup.o
                              0x6968f (size before relaxing)
 .debug_str     0x000697e7     0x418a ./SDK/platform/drivers/src/clock/S32K1xx/clock_S32K1xx.o
                              0x6d82c (size before relaxing)
 .debug_str     0x0006d971     0x1f35 ./SDK/platform/drivers/src/edma/edma_driver.o
                              0x6c46b (size before relaxing)
 .debug_str     0x0006f8a6       0x46 ./SDK/platform/drivers/src/edma/edma_hw_access.o
                              0x69bfc (size before relaxing)
 .debug_str     0x0006f8ec      0x162 ./SDK/platform/drivers/src/edma/edma_irq.o
                              0x69907 (size before relaxing)
 .debug_str     0x0006fa4e     0x19d1 ./SDK/platform/drivers/src/ftm/ftm_common.o
                              0x6c514 (size before relaxing)
 .debug_str     0x0007141f       0xa7 ./SDK/platform/drivers/src/ftm/ftm_hw_access.o
                              0x6ab16 (size before relaxing)
 .debug_str     0x000714c6      0xa2a ./SDK/platform/drivers/src/ftm/ftm_pwm_driver.o
                              0x6be43 (size before relaxing)
 .debug_str     0x00071ef0      0x1c0 ./SDK/platform/drivers/src/interrupt/interrupt_manager.o
                              0x69e18 (size before relaxing)
 .debug_str     0x000720b0      0xee7 ./SDK/platform/drivers/src/lpuart/lpuart_driver.o
                              0x6bc2a (size before relaxing)
 .debug_str     0x00072f97       0xc4 ./SDK/platform/drivers/src/lpuart/lpuart_hw_access.o
                              0x6a5ab (size before relaxing)
 .debug_str     0x0007305b       0x69 ./SDK/platform/drivers/src/lpuart/lpuart_irq.o
                              0x69316 (size before relaxing)
 .debug_str     0x000730c4      0xa9c ./SDK/platform/drivers/src/pins/pins_driver.o
                              0x6a8b1 (size before relaxing)
 .debug_str     0x00073b60      0x1cf ./SDK/platform/drivers/src/pins/pins_port_hw_access.o
                              0x69d99 (size before relaxing)
 .debug_str     0x00073d2f      0x1b7 ./SDK/rtos/osif/osif_baremetal.o
                              0x6a668 (size before relaxing)
 .debug_str     0x00073ee6       0xda ./board/clock_config.o
                              0x6b5c7 (size before relaxing)
 .debug_str     0x00073fc0       0xcd ./board/peripherals_flexTimer_pwm_0.o
                              0x6af25 (size before relaxing)
 .debug_str     0x0007408d       0x87 ./board/peripherals_interrupt_lpuart.o
                              0x6a243 (size before relaxing)
 .debug_str     0x00074114       0x53 ./board/pin_mux.o
                              0x69a5a (size before relaxing)
 .debug_str     0x00074167     0x3ba1 ./src/main.o
                              0x71331 (size before relaxing)

.debug_loc      0x00000000    0x11df2
 .debug_loc     0x00000000       0xeb ./SDK/platform/devices/S32K144/startup/system_S32K144.o
 .debug_loc     0x000000eb       0xec ./SDK/platform/devices/startup.o
 .debug_loc     0x000001d7     0x505b ./SDK/platform/drivers/src/clock/S32K1xx/clock_S32K1xx.o
 .debug_loc     0x00005232     0x336f ./SDK/platform/drivers/src/edma/edma_driver.o
 .debug_loc     0x000085a1      0x7b9 ./SDK/platform/drivers/src/edma/edma_hw_access.o
 .debug_loc     0x00008d5a       0x50 ./SDK/platform/drivers/src/edma/edma_irq.o
 .debug_loc     0x00008daa     0x1d84 ./SDK/platform/drivers/src/ftm/ftm_common.o
 .debug_loc     0x0000ab2e      0x24f ./SDK/platform/drivers/src/ftm/ftm_hw_access.o
 .debug_loc     0x0000ad7d     0x2a03 ./SDK/platform/drivers/src/ftm/ftm_pwm_driver.o
 .debug_loc     0x0000d780      0x678 ./SDK/platform/drivers/src/interrupt/interrupt_manager.o
 .debug_loc     0x0000ddf8     0x2558 ./SDK/platform/drivers/src/lpuart/lpuart_driver.o
 .debug_loc     0x00010350      0x75e ./SDK/platform/drivers/src/lpuart/lpuart_hw_access.o
 .debug_loc     0x00010aae      0x7c7 ./SDK/platform/drivers/src/pins/pins_driver.o
 .debug_loc     0x00011275      0x639 ./SDK/platform/drivers/src/pins/pins_port_hw_access.o
 .debug_loc     0x000118ae      0x353 ./SDK/rtos/osif/osif_baremetal.o
 .debug_loc     0x00011c01      0x1f1 ./src/main.o

.debug_ranges   0x00000000     0x1508
 .debug_ranges  0x00000000       0x20 ./SDK/platform/devices/S32K144/startup/system_S32K144.o
 .debug_ranges  0x00000020       0x10 ./SDK/platform/devices/startup.o
 .debug_ranges  0x00000030      0x468 ./SDK/platform/drivers/src/clock/S32K1xx/clock_S32K1xx.o
 .debug_ranges  0x00000498      0x190 ./SDK/platform/drivers/src/edma/edma_driver.o
 .debug_ranges  0x00000628       0x90 ./SDK/platform/drivers/src/edma/edma_hw_access.o
 .debug_ranges  0x000006b8       0x90 ./SDK/platform/drivers/src/edma/edma_irq.o
 .debug_ranges  0x00000748      0x230 ./SDK/platform/drivers/src/ftm/ftm_common.o
 .debug_ranges  0x00000978       0x28 ./SDK/platform/drivers/src/ftm/ftm_hw_access.o
 .debug_ranges  0x000009a0      0x640 ./SDK/platform/drivers/src/ftm/ftm_pwm_driver.o
 .debug_ranges  0x00000fe0       0x98 ./SDK/platform/drivers/src/interrupt/interrupt_manager.o
 .debug_ranges  0x00001078      0x210 ./SDK/platform/drivers/src/lpuart/lpuart_driver.o
 .debug_ranges  0x00001288       0x68 ./SDK/platform/drivers/src/lpuart/lpuart_hw_access.o
 .debug_ranges  0x000012f0       0x20 ./SDK/platform/drivers/src/lpuart/lpuart_irq.o
 .debug_ranges  0x00001310       0xd0 ./SDK/platform/drivers/src/pins/pins_driver.o
 .debug_ranges  0x000013e0       0x48 ./SDK/platform/drivers/src/pins/pins_port_hw_access.o
 .debug_ranges  0x00001428       0x98 ./SDK/rtos/osif/osif_baremetal.o
 .debug_ranges  0x000014c0       0x48 ./src/main.o

.debug_macro    0x00000000    0x30935
 .debug_macro   0x00000000       0xb6 ./SDK/platform/devices/S32K144/startup/system_S32K144.o
 .debug_macro   0x000000b6      0x8d4 ./SDK/platform/devices/S32K144/startup/system_S32K144.o
 .debug_macro   0x0000098a       0x10 ./SDK/platform/devices/S32K144/startup/system_S32K144.o
 .debug_macro   0x0000099a       0x79 ./SDK/platform/devices/S32K144/startup/system_S32K144.o
 .debug_macro   0x00000a13       0x19 ./SDK/platform/devices/S32K144/startup/system_S32K144.o
 .debug_macro   0x00000a2c       0x22 ./SDK/platform/devices/S32K144/startup/system_S32K144.o
 .debug_macro   0x00000a4e       0x4f ./SDK/platform/devices/S32K144/startup/system_S32K144.o
 .debug_macro   0x00000a9d       0x51 ./SDK/platform/devices/S32K144/startup/system_S32K144.o
 .debug_macro   0x00000aee       0xef ./SDK/platform/devices/S32K144/startup/system_S32K144.o
 .debug_macro   0x00000bdd       0x6a ./SDK/platform/devices/S32K144/startup/system_S32K144.o
 .debug_macro   0x00000c47      0x1df ./SDK/platform/devices/S32K144/startup/system_S32K144.o
 .debug_macro   0x00000e26     0xee9e ./SDK/platform/devices/S32K144/startup/system_S32K144.o
 .debug_macro   0x0000fcc4      0xbbd ./SDK/platform/devices/S32K144/startup/system_S32K144.o
 .debug_macro   0x00010881       0x22 ./SDK/platform/devices/S32K144/startup/system_S32K144.o
 .debug_macro   0x000108a3       0x28 ./SDK/platform/devices/S32K144/startup/system_S32K144.o
 .debug_macro   0x000108cb       0xb6 ./SDK/platform/devices/startup.o
 .debug_macro   0x00010981     0xeeb3 ./SDK/platform/devices/startup.o
 .debug_macro   0x0001f834       0x40 ./SDK/platform/devices/startup.o
 .debug_macro   0x0001f874      0x2b0 ./SDK/platform/drivers/src/clock/S32K1xx/clock_S32K1xx.o
 .debug_macro   0x0001fb24      0x16d ./SDK/platform/drivers/src/clock/S32K1xx/clock_S32K1xx.o
 .debug_macro   0x0001fc91       0x16 ./SDK/platform/drivers/src/clock/S32K1xx/clock_S32K1xx.o
 .debug_macro   0x0001fca7       0x8a ./SDK/platform/drivers/src/clock/S32K1xx/clock_S32K1xx.o
 .debug_macro   0x0001fd31       0xf7 ./SDK/platform/drivers/src/edma/edma_driver.o
 .debug_macro   0x0001fe28       0x10 ./SDK/platform/drivers/src/edma/edma_driver.o
 .debug_macro   0x0001fe38       0x16 ./SDK/platform/drivers/src/edma/edma_driver.o
 .debug_macro   0x0001fe4e       0xcc ./SDK/platform/drivers/src/edma/edma_hw_access.o
 .debug_macro   0x0001ff1a       0xd0 ./SDK/platform/drivers/src/edma/edma_irq.o
 .debug_macro   0x0001ffea      0x10e ./SDK/platform/drivers/src/ftm/ftm_common.o
 .debug_macro   0x000200f8       0xbe ./SDK/platform/drivers/src/ftm/ftm_common.o
 .debug_macro   0x000201b6      0x107 ./SDK/platform/drivers/src/ftm/ftm_hw_access.o
 .debug_macro   0x000202bd      0x121 ./SDK/platform/drivers/src/ftm/ftm_pwm_driver.o
 .debug_macro   0x000203de       0x10 ./SDK/platform/drivers/src/ftm/ftm_pwm_driver.o
 .debug_macro   0x000203ee       0xca ./SDK/platform/drivers/src/interrupt/interrupt_manager.o
 .debug_macro   0x000204b8      0x12d ./SDK/platform/drivers/src/lpuart/lpuart_driver.o
 .debug_macro   0x000205e5       0x10 ./SDK/platform/drivers/src/lpuart/lpuart_driver.o
 .debug_macro   0x000205f5       0x34 ./SDK/platform/drivers/src/lpuart/lpuart_driver.o
 .debug_macro   0x00020629      0x109 ./SDK/platform/drivers/src/lpuart/lpuart_hw_access.o
 .debug_macro   0x00020732       0xc1 ./SDK/platform/drivers/src/lpuart/lpuart_irq.o
 .debug_macro   0x000207f3       0xde ./SDK/platform/drivers/src/pins/pins_driver.o
 .debug_macro   0x000208d1       0xde ./SDK/platform/drivers/src/pins/pins_port_hw_access.o
 .debug_macro   0x000209af       0xfb ./SDK/rtos/osif/osif_baremetal.o
 .debug_macro   0x00020aaa       0xd9 ./board/clock_config.o
 .debug_macro   0x00020b83       0x16 ./board/clock_config.o
 .debug_macro   0x00020b99       0xf8 ./board/peripherals_flexTimer_pwm_0.o
 .debug_macro   0x00020c91      0x10a ./board/peripherals_interrupt_lpuart.o
 .debug_macro   0x00020d9b       0xda ./board/pin_mux.o
 .debug_macro   0x00020e75      0x2bb ./src/main.o
 .debug_macro   0x00021130       0x19 ./src/main.o
 .debug_macro   0x00021149     0xee9e ./src/main.o
 .debug_macro   0x0002ffe7       0x52 ./src/main.o
 .debug_macro   0x00030039       0x3c ./src/main.o
 .debug_macro   0x00030075       0x9c ./src/main.o
 .debug_macro   0x00030111       0x52 ./src/main.o
 .debug_macro   0x00030163       0x1f ./src/main.o
 .debug_macro   0x00030182       0x43 ./src/main.o
 .debug_macro   0x000301c5       0x20 ./src/main.o
 .debug_macro   0x000301e5      0x1a3 ./src/main.o
 .debug_macro   0x00030388      0x330 ./src/main.o
 .debug_macro   0x000306b8       0x10 ./src/main.o
 .debug_macro   0x000306c8       0x35 ./src/main.o
 .debug_macro   0x000306fd       0x1c ./src/main.o
 .debug_macro   0x00030719       0x10 ./src/main.o
 .debug_macro   0x00030729       0x10 ./src/main.o
 .debug_macro   0x00030739       0xb6 ./src/main.o
 .debug_macro   0x000307ef       0x16 ./src/main.o
 .debug_macro   0x00030805      0x130 ./src/main.o

.comment        0x00000000       0xa0
 .comment       0x00000000       0xa0 ./SDK/platform/devices/S32K144/startup/system_S32K144.o
                                 0xa1 (size before relaxing)
 .comment       0x000000a0       0xa1 ./SDK/platform/devices/startup.o
 .comment       0x000000a0       0xa1 ./SDK/platform/drivers/src/clock/S32K1xx/clock_S32K1xx.o
 .comment       0x000000a0       0xa1 ./SDK/platform/drivers/src/edma/edma_driver.o
 .comment       0x000000a0       0xa1 ./SDK/platform/drivers/src/edma/edma_hw_access.o
 .comment       0x000000a0       0xa1 ./SDK/platform/drivers/src/edma/edma_irq.o
 .comment       0x000000a0       0xa1 ./SDK/platform/drivers/src/ftm/ftm_common.o
 .comment       0x000000a0       0xa1 ./SDK/platform/drivers/src/ftm/ftm_hw_access.o
 .comment       0x000000a0       0xa1 ./SDK/platform/drivers/src/ftm/ftm_pwm_driver.o
 .comment       0x000000a0       0xa1 ./SDK/platform/drivers/src/interrupt/interrupt_manager.o
 .comment       0x000000a0       0xa1 ./SDK/platform/drivers/src/lpuart/lpuart_driver.o
 .comment       0x000000a0       0xa1 ./SDK/platform/drivers/src/lpuart/lpuart_hw_access.o
 .comment       0x000000a0       0xa1 ./SDK/platform/drivers/src/lpuart/lpuart_irq.o
 .comment       0x000000a0       0xa1 ./SDK/platform/drivers/src/pins/pins_driver.o
 .comment       0x000000a0       0xa1 ./SDK/platform/drivers/src/pins/pins_port_hw_access.o
 .comment       0x000000a0       0xa1 ./SDK/rtos/osif/osif_baremetal.o
 .comment       0x000000a0       0xa1 ./board/clock_config.o
 .comment       0x000000a0       0xa1 ./board/peripherals_flexTimer_pwm_0.o
 .comment       0x000000a0       0xa1 ./board/peripherals_interrupt_lpuart.o
 .comment       0x000000a0       0xa1 ./board/pin_mux.o
 .comment       0x000000a0       0xa1 ./src/main.o

.debug_frame    0x00000000     0x185c
 .debug_frame   0x00000000       0x40 ./SDK/platform/devices/S32K144/startup/system_S32K144.o
 .debug_frame   0x00000040       0x2c ./SDK/platform/devices/startup.o
 .debug_frame   0x0000006c      0x3a4 ./SDK/platform/drivers/src/clock/S32K1xx/clock_S32K1xx.o
 .debug_frame   0x00000410      0x3a0 ./SDK/platform/drivers/src/edma/edma_driver.o
 .debug_frame   0x000007b0      0x140 ./SDK/platform/drivers/src/edma/edma_hw_access.o
 .debug_frame   0x000008f0      0x1ac ./SDK/platform/drivers/src/edma/edma_irq.o
 .debug_frame   0x00000a9c      0x204 ./SDK/platform/drivers/src/ftm/ftm_common.o
 .debug_frame   0x00000ca0       0x5c ./SDK/platform/drivers/src/ftm/ftm_hw_access.o
 .debug_frame   0x00000cfc       0xf0 ./SDK/platform/drivers/src/ftm/ftm_pwm_driver.o
 .debug_frame   0x00000dec       0xd8 ./SDK/platform/drivers/src/interrupt/interrupt_manager.o
 .debug_frame   0x00000ec4      0x3ac ./SDK/platform/drivers/src/lpuart/lpuart_driver.o
 .debug_frame   0x00001270      0x100 ./SDK/platform/drivers/src/lpuart/lpuart_hw_access.o
 .debug_frame   0x00001370       0x58 ./SDK/platform/drivers/src/lpuart/lpuart_irq.o
 .debug_frame   0x000013c8      0x1e4 ./SDK/platform/drivers/src/pins/pins_driver.o
 .debug_frame   0x000015ac       0xa0 ./SDK/platform/drivers/src/pins/pins_port_hw_access.o
 .debug_frame   0x0000164c       0xf4 ./SDK/rtos/osif/osif_baremetal.o
 .debug_frame   0x00001740      0x11c ./src/main.o
