Archive member included to satisfy reference by file (symbol)

c:/nxp/s32ds.3.4/s32ds/build_tools/gcc_v6.3/gcc-6.3-arm32-eabi/bin/../lib/gcc/arm-none-eabi/6.3.1/thumb/v7e-m/fpv4-sp/hard\libgcc.a(_aeabi_uldivmod.o)
                              ./SDK/rtos/osif/osif_freertos.o (__aeabi_uldivmod)
c:/nxp/s32ds.3.4/s32ds/build_tools/gcc_v6.3/gcc-6.3-arm32-eabi/bin/../lib/gcc/arm-none-eabi/6.3.1/thumb/v7e-m/fpv4-sp/hard\libgcc.a(_udivmoddi4.o)
                              c:/nxp/s32ds.3.4/s32ds/build_tools/gcc_v6.3/gcc-6.3-arm32-eabi/bin/../lib/gcc/arm-none-eabi/6.3.1/thumb/v7e-m/fpv4-sp/hard\libgcc.a(_aeabi_uldivmod.o) (__udivmoddi4)
c:/nxp/s32ds.3.4/s32ds/build_tools/gcc_v6.3/gcc-6.3-arm32-eabi/bin/../lib/gcc/arm-none-eabi/6.3.1/thumb/v7e-m/fpv4-sp/hard\libgcc.a(_dvmd_tls.o)
                              c:/nxp/s32ds.3.4/s32ds/build_tools/gcc_v6.3/gcc-6.3-arm32-eabi/bin/../lib/gcc/arm-none-eabi/6.3.1/thumb/v7e-m/fpv4-sp/hard\libgcc.a(_aeabi_uldivmod.o) (__aeabi_ldiv0)
C:/NXP/S32DS.3.4/S32DS/build_tools/gcc_b1620/gcc-6.3-arm32-eabi/arm-none-eabi/newlib/lib/thumb/v7e-m/fpv4-sp/hard\libc_nano.a(lib_a-exit.o)
                              C:/NXP/S32DS.3.4/S32DS/build_tools/gcc_b1620/gcc-6.3-arm32-eabi/arm-none-eabi/newlib/lib/thumb/v7e-m/fpv4-sp/hard/crt0.o (exit)
C:/NXP/S32DS.3.4/S32DS/build_tools/gcc_b1620/gcc-6.3-arm32-eabi/arm-none-eabi/newlib/lib/thumb/v7e-m/fpv4-sp/hard\libc_nano.a(lib_a-impure.o)
                              C:/NXP/S32DS.3.4/S32DS/build_tools/gcc_b1620/gcc-6.3-arm32-eabi/arm-none-eabi/newlib/lib/thumb/v7e-m/fpv4-sp/hard\libc_nano.a(lib_a-exit.o) (_global_impure_ptr)
C:/NXP/S32DS.3.4/S32DS/build_tools/gcc_b1620/gcc-6.3-arm32-eabi/arm-none-eabi/newlib/lib/thumb/v7e-m/fpv4-sp/hard\libc_nano.a(lib_a-init.o)
                              C:/NXP/S32DS.3.4/S32DS/build_tools/gcc_b1620/gcc-6.3-arm32-eabi/arm-none-eabi/newlib/lib/thumb/v7e-m/fpv4-sp/hard/crt0.o (__libc_init_array)
C:/NXP/S32DS.3.4/S32DS/build_tools/gcc_b1620/gcc-6.3-arm32-eabi/arm-none-eabi/newlib/lib/thumb/v7e-m/fpv4-sp/hard\libc_nano.a(lib_a-memcpy-stub.o)
                              ./SDK/rtos/FreeRTOS/Source/queue.o (memcpy)
C:/NXP/S32DS.3.4/S32DS/build_tools/gcc_b1620/gcc-6.3-arm32-eabi/arm-none-eabi/newlib/lib/thumb/v7e-m/fpv4-sp/hard\libc_nano.a(lib_a-memset.o)
                              C:/NXP/S32DS.3.4/S32DS/build_tools/gcc_b1620/gcc-6.3-arm32-eabi/arm-none-eabi/newlib/lib/thumb/v7e-m/fpv4-sp/hard/crt0.o (memset)
C:/NXP/S32DS.3.4/S32DS/build_tools/gcc_b1620/gcc-6.3-arm32-eabi/arm-none-eabi/newlib/lib/thumb/v7e-m/fpv4-sp/hard\libc_nano.a(lib_a-sprintf.o)
                              ./SDK/rtos/FreeRTOS/Source/tasks.o (sprintf)
C:/NXP/S32DS.3.4/S32DS/build_tools/gcc_b1620/gcc-6.3-arm32-eabi/arm-none-eabi/newlib/lib/thumb/v7e-m/fpv4-sp/hard\libc_nano.a(lib_a-strcpy.o)
                              ./SDK/rtos/FreeRTOS/Source/tasks.o (strcpy)
C:/NXP/S32DS.3.4/S32DS/build_tools/gcc_b1620/gcc-6.3-arm32-eabi/arm-none-eabi/newlib/lib/thumb/v7e-m/fpv4-sp/hard\libc_nano.a(lib_a-strlen.o)
                              ./SDK/rtos/FreeRTOS/Source/tasks.o (strlen)
C:/NXP/S32DS.3.4/S32DS/build_tools/gcc_b1620/gcc-6.3-arm32-eabi/arm-none-eabi/newlib/lib/thumb/v7e-m/fpv4-sp/hard\libc_nano.a(lib_a-nano-svfprintf.o)
                              C:/NXP/S32DS.3.4/S32DS/build_tools/gcc_b1620/gcc-6.3-arm32-eabi/arm-none-eabi/newlib/lib/thumb/v7e-m/fpv4-sp/hard\libc_nano.a(lib_a-sprintf.o) (_svfprintf_r)
C:/NXP/S32DS.3.4/S32DS/build_tools/gcc_b1620/gcc-6.3-arm32-eabi/arm-none-eabi/newlib/lib/thumb/v7e-m/fpv4-sp/hard\libc_nano.a(lib_a-nano-vfprintf_i.o)
                              C:/NXP/S32DS.3.4/S32DS/build_tools/gcc_b1620/gcc-6.3-arm32-eabi/arm-none-eabi/newlib/lib/thumb/v7e-m/fpv4-sp/hard\libc_nano.a(lib_a-nano-svfprintf.o) (_printf_i)
C:/NXP/S32DS.3.4/S32DS/build_tools/gcc_b1620/gcc-6.3-arm32-eabi/arm-none-eabi/newlib/lib/thumb/v7e-m/fpv4-sp/hard\libc_nano.a(lib_a-memchr.o)
                              C:/NXP/S32DS.3.4/S32DS/build_tools/gcc_b1620/gcc-6.3-arm32-eabi/arm-none-eabi/newlib/lib/thumb/v7e-m/fpv4-sp/hard\libc_nano.a(lib_a-nano-svfprintf.o) (memchr)
C:/NXP/S32DS.3.4/S32DS/build_tools/gcc_b1620/gcc-6.3-arm32-eabi/arm-none-eabi/newlib/lib/thumb/v7e-m/fpv4-sp/hard\libc_nano.a(lib_a-memmove.o)
                              C:/NXP/S32DS.3.4/S32DS/build_tools/gcc_b1620/gcc-6.3-arm32-eabi/arm-none-eabi/newlib/lib/thumb/v7e-m/fpv4-sp/hard\libc_nano.a(lib_a-nano-svfprintf.o) (memmove)
C:/NXP/S32DS.3.4/S32DS/build_tools/gcc_b1620/gcc-6.3-arm32-eabi/arm-none-eabi/newlib/lib/thumb/v7e-m/fpv4-sp/hard\libc_nano.a(lib_a-nano-freer.o)
                              C:/NXP/S32DS.3.4/S32DS/build_tools/gcc_b1620/gcc-6.3-arm32-eabi/arm-none-eabi/newlib/lib/thumb/v7e-m/fpv4-sp/hard\libc_nano.a(lib_a-nano-svfprintf.o) (_free_r)
C:/NXP/S32DS.3.4/S32DS/build_tools/gcc_b1620/gcc-6.3-arm32-eabi/arm-none-eabi/newlib/lib/thumb/v7e-m/fpv4-sp/hard\libc_nano.a(lib_a-nano-mallocr.o)
[...]
Memory Configuration

Name             Origin             Length             Attributes
m_interrupts     0x00000000         0x00000400         xr
m_flash_config   0x00000400         0x00000010         xr
m_text           0x00000410         0x0007fbf0         xr
m_data           0x1fff8000         0x00008000         rw
m_data_2         0x20000000         0x00007000         rw
*default*        0x00000000         0xffffffff

Linker script and memory map

LOAD c:/nxp/s32ds.3.4/s32ds/build_tools/gcc_v6.3/gcc-6.3-arm32-eabi/bin/../lib/gcc/arm-none-eabi/6.3.1/thumb/v7e-m/fpv4-sp/hard/crti.o
LOAD c:/nxp/s32ds.3.4/s32ds/build_tools/gcc_v6.3/gcc-6.3-arm32-eabi/bin/../lib/gcc/arm-none-eabi/6.3.1/thumb/v7e-m/fpv4-sp/hard/crtbegin.o
LOAD C:/NXP/S32DS.3.4/S32DS/build_tools/gcc_b1620/gcc-6.3-arm32-eabi/arm-none-eabi/newlib/lib/thumb/v7e-m/fpv4-sp/hard/crt0.o
LOAD ./Project_Settings/Startup_Code/startup_S32K144.o
LOAD ./SDK/platform/devices/S32K144/startup/system_S32K144.o
LOAD ./SDK/platform/devices/startup.o
LOAD ./SDK/platform/drivers/src/clock/S32K1xx/clock_S32K1xx.o
LOAD ./SDK/platform/drivers/src/edma/edma_driver.o
LOAD ./SDK/platform/drivers/src/edma/edma_hw_access.o
LOAD ./SDK/platform/drivers/src/edma/edma_irq.o
LOAD ./SDK/platform/drivers/src/flexcan/flexcan_driver.o
LOAD ./SDK/platform/drivers/src/flexcan/flexcan_hw_access.o
LOAD ./SDK/platform/drivers/src/flexcan/flexcan_irq.o
LOAD ./SDK/platform/drivers/src/interrupt/interrupt_manager.o
LOAD ./SDK/platform/drivers/src/pins/pins_driver.o
LOAD ./SDK/platform/drivers/src/pins/pins_port_hw_access.o
LOAD ./SDK/rtos/FreeRTOS/Source/croutine.o
LOAD ./SDK/rtos/FreeRTOS/Source/event_groups.o
LOAD ./SDK/rtos/FreeRTOS/Source/list.o
LOAD ./SDK/rtos/FreeRTOS/Source/queue.o
LOAD ./SDK/rtos/FreeRTOS/Source/stream_buffer.o
LOAD ./SDK/rtos/FreeRTOS/Source/tasks.o
LOAD ./SDK/rtos/FreeRTOS/Source/timers.o
LOAD ./SDK/rtos/FreeRTOS/Source/portable/GCC/ARM_CM4F/port.o
LOAD ./SDK/rtos/FreeRTOS/Source/portable/MemMang/heap_1.o
LOAD ./SDK/rtos/osif/osif_freertos.o
LOAD ./board/clock_config.o
LOAD ./board/peripherals_flexcan_config_1.o
LOAD ./board/peripherals_freertos_1.o
LOAD ./board/pin_mux.o
LOAD ./src/main.o
LOAD ./src/rtos.o
START GROUP
LOAD c:/nxp/s32ds.3.4/s32ds/build_tools/gcc_v6.3/gcc-6.3-arm32-eabi/bin/../lib/gcc/arm-none-eabi/6.3.1/thumb/v7e-m/fpv4-sp/hard\libgcc.a
LOAD C:/NXP/S32DS.3.4/S32DS/build_tools/gcc_b1620/gcc-6.3-arm32-eabi/arm-none-eabi/newlib/lib/thumb/v7e-m/fpv4-sp/hard\libc_nano.a
END GROUP
START GROUP
LOAD c:/nxp/s32ds.3.4/s32ds/build_tools/gcc_v6.3/gcc-6.3-arm32-eabi/bin/../lib/gcc/arm-none-eabi/6.3.1/thumb/v7e-m/fpv4-sp/hard\libgcc.a
LOAD C:/NXP/S32DS.3.4/S32DS/build_tools/gcc_b1620/gcc-6.3-arm32-eabi/arm-none-eabi/newlib/lib/thumb/v7e-m/fpv4-sp/hard\libc_nano.a
LOAD C:/NXP/S32DS.3.4/S32DS/build_tools/gcc_b1620/gcc-6.3-arm32-eabi/arm-none-eabi/newlib/lib/thumb/v7e-m/fpv4-sp/hard\libnosys.a
END GROUP
START GROUP
LOAD c:/nxp/s32ds.3.4/s32ds/build_tools/gcc_v6.3/gcc-6.3-arm32-eabi/bin/../lib/gcc/arm-none-eabi/6.3.1/thumb/v7e-m/fpv4-sp/hard\libgcc.a
LOAD C:/NXP/S32DS.3.4/S32DS/build_tools/gcc_b1620/gcc-6.3-arm32-eabi/arm-none-eabi/newlib/lib/thumb/v7e-m/fpv4-sp/hard\libc_nano.a
LOAD C:/NXP/S32DS.3.4/S32DS/build_tools/gcc_b1620/gcc-6.3-arm32-eabi/arm-none-eabi/newlib/lib/thumb/v7e-m/fpv4-sp/hard\libnosys.a
END GROUP
LOAD c:/nxp/s32ds.3.4/s32ds/build_tools/gcc_v6.3/gcc-6.3-arm32-eabi/bin/../lib/gcc/arm-none-eabi/6.3.1/thumb/v7e-m/fpv4-sp/hard/crtend.o
LOAD c:/nxp/s32ds.3.4/s32ds/build_tools/gcc_v6.3/gcc-6.3-arm32-eabi/bin/../lib/gcc/arm-none-eabi/6.3.1/thumb/v7e-m/fpv4-sp/hard/crtn.o
                0x00000400                HEAP_SIZE = DEFINED (__heap_size__)?__heap_size__:0x400
                0x00000400                STACK_SIZE = DEFINED (__stack_size__)?__stack_size__:0x400
                0x00000400                M_VECTOR_RAM_SIZE = DEFINED (__flash_vector_table__)?0x0:0x400

.interrupts     0x00000000      0x400
                0x00000000                __VECTOR_TABLE = .
                0x00000000                __interrupts_start__ = .
                0x00000000                . = ALIGN (0x4)
 *(.isr_vector)
 .isr_vector    0x00000000      0x400 ./Project_Settings/Startup_Code/startup_S32K144.o
                0x00000000                __isr_vector
                0x00000400                __interrupts_end__ = .
                0x00000400                . = ALIGN (0x4)

.flash_config   0x00000400       0x10
                0x00000400                . = ALIGN (0x4)
 *(.FlashConfig)
 .FlashConfig   0x00000400       0x10 ./Project_Settings/Startup_Code/startup_S32K144.o
                0x00000410                . = ALIGN (0x4)

.text           0x00000410     0x7d60
                0x00000410                . = ALIGN (0x4)
 *(.text)
 .text          0x00000410       0x6c ./Project_Settings/Startup_Code/startup_S32K144.o
                0x00000410                Reset_Handler
                0x00000478                DebugMon_Handler
                0x00000478                Reserved88_IRQHandler
                0x00000478                HardFault_Handler
                0x00000478                Reserved86_IRQHandler
                0x00000478                Reserved103_IRQHandler
                0x00000478                FTM2_Ovf_Reload_IRQHandler
                0x00000478                Reserved50_IRQHandler
                0x00000478                FTFC_Fault_IRQHandler
                0x00000478                FTM0_Ch6_Ch7_IRQHandler
                0x00000478                Reserved114_IRQHandler
                0x00000478                NMI_Handler
                0x00000478                Reserved89_IRQHandler
                0x00000478                ERM_double_fault_IRQHandler
                0x00000478                Reserved59_IRQHandler
                0x00000478                LPIT0_Ch0_IRQHandler
                0x00000478                Reserved99_IRQHandler
                0x00000478                FTM3_Ch6_Ch7_IRQHandler
                0x00000478                LPIT0_Ch3_IRQHandler
                0x00000478                Reserved92_IRQHandler
                0x00000478                FTM0_Ch4_Ch5_IRQHandler
                0x00000478                FTM3_Ch0_Ch1_IRQHandler
                0x00000478                SWI_IRQHandler
                0x00000478                ADC0_IRQHandler
                0x00000478                FTM2_Ch4_Ch5_IRQHandler
                0x00000478                UsageFault_Handler
                0x00000478                FTM0_Ovf_Reload_IRQHandler
                0x00000478                DefaultISR
                0x00000478                Reserved58_IRQHandler
                0x00000478                FTM1_Ch2_Ch3_IRQHandler
                0x00000478                Reserved82_IRQHandler
                0x00000478                LPI2C0_Slave_IRQHandler
                0x00000478                Reserved71_IRQHandler
                0x00000478                PORTD_IRQHandler
                0x00000478                Reserved69_IRQHandler
                0x00000478                PORTB_IRQHandler
                0x00000478                Reserved70_IRQHandler
                0x00000478                ADC1_IRQHandler
                0x00000478                FTM2_Ch2_Ch3_IRQHandler
                0x00000478                Reserved53_IRQHandler
                0x00000478                RTC_IRQHandler
                0x00000478                PDB0_IRQHandler
                0x00000478                Reserved54_IRQHandler
                0x00000478                FTM2_Ch6_Ch7_IRQHandler
                0x00000478                FTM3_Ch2_Ch3_IRQHandler
                0x00000478                FTM2_Ch0_Ch1_IRQHandler
                0x00000478                LPSPI1_IRQHandler
                0x00000478                LPUART1_RxTx_IRQHandler
                0x00000478                RTC_Seconds_IRQHandler
                0x00000478                Reserved72_IRQHandler
                0x00000478                Reserved110_IRQHandler
                0x00000478                Reserved107_IRQHandler
                0x00000478                Read_Collision_IRQHandler
                0x00000478                FTFC_IRQHandler
                0x00000478                FTM1_Ch6_Ch7_IRQHandler
                0x00000478                Reserved105_IRQHandler
                0x00000478                LPIT0_Ch1_IRQHandler
                0x00000478                FTM1_Ch4_Ch5_IRQHandler
                0x00000478                FTM3_Ovf_Reload_IRQHandler
                0x00000478                LPUART2_RxTx_IRQHandler
                0x00000478                LPSPI0_IRQHandler
                0x00000478                WDOG_EWM_IRQHandler
                0x00000478                MemManage_Handler
                0x00000478                Reserved90_IRQHandler
                0x00000478                Reserved83_IRQHandler
                0x00000478                FTM0_Fault_IRQHandler
                0x00000478                Reserved48_IRQHandler
                0x00000478                ERM_single_fault_IRQHandler
                0x00000478                FTM2_Fault_IRQHandler
                0x00000478                FTM0_Ch2_Ch3_IRQHandler
                0x00000478                FTM0_Ch0_Ch1_IRQHandler
                0x00000478                FTM3_Fault_IRQHandler
                0x00000478                RCM_IRQHandler
                0x00000478                Reserved100_IRQHandler
                0x00000478                Reserved91_IRQHandler
                0x00000478                SCG_IRQHandler
                0x00000478                PDB1_IRQHandler
                0x00000478                Reserved81_IRQHandler
                0x00000478                Reserved46_IRQHandler
                0x00000478                Reserved45_IRQHandler
                0x00000478                Reserved112_IRQHandler
                0x00000478                LPI2C0_Master_IRQHandler
                0x00000478                FTM1_Fault_IRQHandler
                0x00000478                Reserved106_IRQHandler
                0x00000478                LVD_LVW_IRQHandler
                0x00000478                LPIT0_Ch2_IRQHandler
                0x00000478                PORTA_IRQHandler
                0x00000478                MCM_IRQHandler
                0x00000478                LPSPI2_IRQHandler
                0x00000478                FTM3_Ch4_Ch5_IRQHandler
                0x00000478                PORTE_IRQHandler
                0x00000478                LPUART0_RxTx_IRQHandler
                0x00000478                LPTMR0_IRQHandler
                0x00000478                BusFault_Handler
                0x00000478                Reserved87_IRQHandler
                0x00000478                FTM1_Ovf_Reload_IRQHandler
                0x00000478                Reserved93_IRQHandler
                0x00000478                CMP0_IRQHandler
                0x00000478                Reserved52_IRQHandler
                0x00000478                PORTC_IRQHandler
                0x00000478                FTM1_Ch0_Ch1_IRQHandler
                0x00000478                FLEXIO_IRQHandler
                0x00000478                Reserved113_IRQHandler
 *(.text*)
 .text.SystemInit
                0x0000047c       0x58 ./SDK/platform/devices/S32K144/startup/system_S32K144.o
                0x0000047c                SystemInit
 .text.init_data_bss
                0x000004d4      0x12c ./SDK/platform/devices/startup.o
                0x000004d4                init_data_bss
 .text.DevAssert
                0x00000600       0x22 ./SDK/platform/drivers/src/clock/S32K1xx/clock_S32K1xx.o
 .text.SIM_SetLpoClocks
                0x00000622       0x72 ./SDK/platform/drivers/src/clock/S32K1xx/clock_S32K1xx.o
 .text.SIM_SetEimClockGate
                0x00000694       0x3e ./SDK/platform/drivers/src/clock/S32K1xx/clock_S32K1xx.o
 .text.SIM_SetErmClockGate
                0x000006d2       0x3e ./SDK/platform/drivers/src/clock/S32K1xx/clock_S32K1xx.o
 .text.SIM_SetDmaClockGate
                0x00000710       0x3e ./SDK/platform/drivers/src/clock/S32K1xx/clock_S32K1xx.o
 .text.SIM_SetMpuClockGate
                0x0000074e       0x3e ./SDK/platform/drivers/src/clock/S32K1xx/clock_S32K1xx.o
 .text.SIM_SetMscmClockGate
                0x0000078c       0x3e ./SDK/platform/drivers/src/clock/S32K1xx/clock_S32K1xx.o
 *fill*         0x000007ca        0x2 
 .text.SIM_SetExtPinSourceFtm
                0x000007cc       0xa0 ./SDK/platform/drivers/src/clock/S32K1xx/clock_S32K1xx.o
 .text.SIM_SetClockout
                0x0000086c       0x70 ./SDK/platform/drivers/src/clock/S32K1xx/clock_S32K1xx.o
 .text.SIM_SetTraceClockSource
                0x000008dc       0x38 ./SDK/platform/drivers/src/clock/S32K1xx/clock_S32K1xx.o
 .text.SIM_ClearTraceClockConfig
                0x00000914       0x1e ./SDK/platform/drivers/src/clock/S32K1xx/clock_S32K1xx.o
 .text.SIM_SetTraceClockConfig
                0x00000932       0x40 ./SDK/platform/drivers/src/clock/S32K1xx/clock_S32K1xx.o
 .text.SCG_GetCurrentSystemClockSource
                0x00000972       0x1e ./SDK/platform/drivers/src/clock/S32K1xx/clock_S32K1xx.o
 .text.SCG_SetRunClockControl
                0x00000990       0x44 ./SDK/platform/drivers/src/clock/S32K1xx/clock_S32K1xx.o
 .text.SCG_SetVlprClockControl
                0x000009d4       0x44 ./SDK/platform/drivers/src/clock/S32K1xx/clock_S32K1xx.o
 .text.SCG_SetHsrunClockControl
                0x00000a18       0x44 ./SDK/platform/drivers/src/clock/S32K1xx/clock_S32K1xx.o
 .text.SCG_SetFircAsyncConfig
                0x00000a5c       0x32 ./SDK/platform/drivers/src/clock/S32K1xx/clock_S32K1xx.o
 .text.SCG_SetSircAsyncConfig
                0x00000a8e       0x32 ./SDK/platform/drivers/src/clock/S32K1xx/clock_S32K1xx.o
 .text.SCG_SetSoscAsyncConfig
                0x00000ac0       0x32 ./SDK/platform/drivers/src/clock/S32K1xx/clock_S32K1xx.o
 .text.SCG_SetSpllAsyncConfig
                0x00000af2       0x32 ./SDK/platform/drivers/src/clock/S32K1xx/clock_S32K1xx.o
 .text.SCG_SetClockoutSourceSel
                0x00000b24       0x38 ./SDK/platform/drivers/src/clock/S32K1xx/clock_S32K1xx.o
 .text.SCG_GetSircSystemClockMode
                0x00000b5c       0x32 ./SDK/platform/drivers/src/clock/S32K1xx/clock_S32K1xx.o
 .text.SCG_GetSircStatus
                0x00000b8e       0x28 ./SDK/platform/drivers/src/clock/S32K1xx/clock_S32K1xx.o
 .text.SCG_GetSircRange
                0x00000bb6       0x1e ./SDK/platform/drivers/src/clock/S32K1xx/clock_S32K1xx.o
 .text.SCG_ClearSircLock
                0x00000bd4       0x24 ./SDK/platform/drivers/src/clock/S32K1xx/clock_S32K1xx.o
 .text.SCG_ClearSircControl
                0x00000bf8       0x1c ./SDK/platform/drivers/src/clock/S32K1xx/clock_S32K1xx.o
 .text.SCG_SetSircConfiguration
                0x00000c14       0x24 ./SDK/platform/drivers/src/clock/S32K1xx/clock_S32K1xx.o
 .text.SCG_SetSircControl
                0x00000c38       0x5a ./SDK/platform/drivers/src/clock/S32K1xx/clock_S32K1xx.o
 .text.SCG_GetFircSystemClockMode
                0x00000c92       0x32 ./SDK/platform/drivers/src/clock/S32K1xx/clock_S32K1xx.o
 .text.SCG_GetFircStatus
                0x00000cc4       0x28 ./SDK/platform/drivers/src/clock/S32K1xx/clock_S32K1xx.o
 .text.SCG_GetFircRange
                0x00000cec       0x1e ./SDK/platform/drivers/src/clock/S32K1xx/clock_S32K1xx.o
 .text.SCG_ClearFircLock
                0x00000d0a       0x24 ./SDK/platform/drivers/src/clock/S32K1xx/clock_S32K1xx.o
 .text.SCG_ClearFircControl
                0x00000d2e       0x1e ./SDK/platform/drivers/src/clock/S32K1xx/clock_S32K1xx.o
 .text.SCG_SetFircConfiguration
                0x00000d4c       0x24 ./SDK/platform/drivers/src/clock/S32K1xx/clock_S32K1xx.o
 .text.SCG_SetFircControl
                0x00000d70       0x42 ./SDK/platform/drivers/src/clock/S32K1xx/clock_S32K1xx.o
 .text.SCG_GetSoscSystemClockMode
                0x00000db2       0x32 ./SDK/platform/drivers/src/clock/S32K1xx/clock_S32K1xx.o
 .text.SCG_GetSoscStatus
                0x00000de4       0x28 ./SDK/platform/drivers/src/clock/S32K1xx/clock_S32K1xx.o
 .text.SCG_ClearSoscLock
                0x00000e0c       0x24 ./SDK/platform/drivers/src/clock/S32K1xx/clock_S32K1xx.o
 .text.SCG_ClearSoscControl
                0x00000e30       0x1e ./SDK/platform/drivers/src/clock/S32K1xx/clock_S32K1xx.o
 .text.SCG_SetSoscConfiguration
                0x00000e4e       0x3c ./SDK/platform/drivers/src/clock/S32K1xx/clock_S32K1xx.o
 .text.SCG_SetSoscControl
                0x00000e8a       0x5e ./SDK/platform/drivers/src/clock/S32K1xx/clock_S32K1xx.o
 .text.SCG_GetSpllSystemClockMode
                0x00000ee8       0x32 ./SDK/platform/drivers/src/clock/S32K1xx/clock_S32K1xx.o
 .text.SCG_GetSpllStatus
                0x00000f1a       0x28 ./SDK/platform/drivers/src/clock/S32K1xx/clock_S32K1xx.o
 .text.SCG_GetSpllPredivider
                0x00000f42       0x20 ./SDK/platform/drivers/src/clock/S32K1xx/clock_S32K1xx.o
 .text.SCG_GetSpllMultiplier
                0x00000f62       0x20 ./SDK/platform/drivers/src/clock/S32K1xx/clock_S32K1xx.o
 .text.SCG_ClearSpllLock
                0x00000f82       0x24 ./SDK/platform/drivers/src/clock/S32K1xx/clock_S32K1xx.o
 .text.SCG_ClearSpllControl
                0x00000fa6       0x1e ./SDK/platform/drivers/src/clock/S32K1xx/clock_S32K1xx.o
 .text.SCG_SetSpllConfiguration
                0x00000fc4       0x50 ./SDK/platform/drivers/src/clock/S32K1xx/clock_S32K1xx.o
 .text.SCG_SetSpllControl
                0x00001014       0x5e ./SDK/platform/drivers/src/clock/S32K1xx/clock_S32K1xx.o
 *fill*         0x00001072        0x2 
 .text.PCC_SetPeripheralClockControl
                0x00001074       0x60 ./SDK/platform/drivers/src/clock/S32K1xx/clock_S32K1xx.o
 .text.PCC_SetClockMode
                0x000010d4       0x70 ./SDK/platform/drivers/src/clock/S32K1xx/clock_S32K1xx.o
 .text.PMC_SetLpoMode
                0x00001144       0x3e ./SDK/platform/drivers/src/clock/S32K1xx/clock_S32K1xx.o
 .text.PMC_SetLpoTrimValue
                0x00001182       0x6c ./SDK/platform/drivers/src/clock/S32K1xx/clock_S32K1xx.o
 .text.SMC_GetCurrentRunningMode
                0x000011ee       0x1a ./SDK/platform/drivers/src/clock/S32K1xx/clock_S32K1xx.o
 .text.CLOCK_DRV_Init
                0x00001208       0x84 ./SDK/platform/drivers/src/clock/S32K1xx/clock_S32K1xx.o
                0x00001208                CLOCK_DRV_Init
 .text.CLOCK_SYS_SetScgConfiguration
                0x0000128c       0xcc ./SDK/platform/drivers/src/clock/S32K1xx/clock_S32K1xx.o
 .text.CLOCK_SYS_SetPccConfiguration
                0x00001358       0xc8 ./SDK/platform/drivers/src/clock/S32K1xx/clock_S32K1xx.o
 .text.CLOCK_SYS_SetSimConfiguration
                0x00001420      0x160 ./SDK/platform/drivers/src/clock/S32K1xx/clock_S32K1xx.o
 .text.CLOCK_SYS_SetPmcConfiguration
                0x00001580       0x48 ./SDK/platform/drivers/src/clock/S32K1xx/clock_S32K1xx.o
 .text.CLOCK_SYS_GetDefaultConfiguration
                0x000015c8      0x274 ./SDK/platform/drivers/src/clock/S32K1xx/clock_S32K1xx.o
 .text.CLOCK_SYS_GetCurrentRunMode
                0x0000183c       0x44 ./SDK/platform/drivers/src/clock/S32K1xx/clock_S32K1xx.o
 .text.CLOCK_SYS_TransitionSystemClock
                0x00001880       0x98 ./SDK/platform/drivers/src/clock/S32K1xx/clock_S32K1xx.o
 .text.CLOCK_SYS_ConfigureSIRC
                0x00001918       0xc8 ./SDK/platform/drivers/src/clock/S32K1xx/clock_S32K1xx.o
 .text.CLOCK_SYS_ConfigureFIRC
                0x000019e0       0xc4 ./SDK/platform/drivers/src/clock/S32K1xx/clock_S32K1xx.o
 .text.CLOCK_SYS_ConfigureSOSC
                0x00001aa4      0x12c ./SDK/platform/drivers/src/clock/S32K1xx/clock_S32K1xx.o
 .text.CLOCK_SYS_ConfigureSPLL
                0x00001bd0      0x158 ./SDK/platform/drivers/src/clock/S32K1xx/clock_S32K1xx.o
 .text.CLOCK_SYS_ConfigureTemporarySystemClock
                0x00001d28       0x68 ./SDK/platform/drivers/src/clock/S32K1xx/clock_S32K1xx.o
 .text.CLOCK_SYS_ConfigureModulesFromScg
                0x00001d90      0x1cc ./SDK/platform/drivers/src/clock/S32K1xx/clock_S32K1xx.o
 .text.CLOCK_SYS_GetSrcFreq
                0x00001f5c       0x64 ./SDK/platform/drivers/src/clock/S32K1xx/clock_S32K1xx.o
 .text.CLOCK_SYS_SetSystemClockConfig
                0x00001fc0      0x284 ./SDK/platform/drivers/src/clock/S32K1xx/clock_S32K1xx.o
 .text.CLOCK_SYS_GetSysOscFreq
                0x00002244       0x30 ./SDK/platform/drivers/src/clock/S32K1xx/clock_S32K1xx.o
 .text.CLOCK_SYS_GetSircFreq
                0x00002274       0x38 ./SDK/platform/drivers/src/clock/S32K1xx/clock_S32K1xx.o
 .text.CLOCK_SYS_GetFircFreq
                0x000022ac       0x3c ./SDK/platform/drivers/src/clock/S32K1xx/clock_S32K1xx.o
 .text.CLOCK_SYS_GetSysPllFreq
                0x000022e8       0x64 ./SDK/platform/drivers/src/clock/S32K1xx/clock_S32K1xx.o
 .text.CLOCK_SYS_Init
                0x0000234c       0x64 ./SDK/platform/drivers/src/clock/S32K1xx/clock_S32K1xx.o
                0x0000234c                CLOCK_SYS_Init
 .text.CLOCK_SYS_UpdateConfiguration
                0x000023b0      0x1b0 ./SDK/platform/drivers/src/clock/S32K1xx/clock_S32K1xx.o
                0x000023b0                CLOCK_SYS_UpdateConfiguration
 .text.CLOCK_SYS_SetConfiguration
                0x00002560       0x18 ./SDK/platform/drivers/src/clock/S32K1xx/clock_S32K1xx.o
                0x00002560                CLOCK_SYS_SetConfiguration
 .text.DevAssert
                0x00002578       0x22 ./SDK/platform/drivers/src/edma/edma_driver.o
 .text.EDMA_ClearErrorIntStatusFlag
                0x0000259a       0x2c ./SDK/platform/drivers/src/edma/edma_driver.o
 .text.EDMA_ClearDoneStatusFlag
                0x000025c6       0x2c ./SDK/platform/drivers/src/edma/edma_driver.o
 .text.EDMA_ClearIntStatusFlag
                0x000025f2       0x2c ./SDK/platform/drivers/src/edma/edma_driver.o
 *fill*         0x0000261e        0x2 
 .text.EDMA_DRV_ClearIntStatus
                0x00002620       0x3c ./SDK/platform/drivers/src/edma/edma_driver.o
 .text.EDMA_DRV_IRQHandler
                0x0000265c       0x4c ./SDK/platform/drivers/src/edma/edma_driver.o
                0x0000265c                EDMA_DRV_IRQHandler
 .text.EDMA_DRV_ErrorIRQHandler
                0x000026a8       0x7c ./SDK/platform/drivers/src/edma/edma_driver.o
                0x000026a8                EDMA_DRV_ErrorIRQHandler
 .text.EDMA_DRV_StopChannel
                0x00002724       0x7c ./SDK/platform/drivers/src/edma/edma_driver.o
                0x00002724                EDMA_DRV_StopChannel
 .text.EDMA_DRV_GetDmaRegBaseAddr
                0x000027a0       0x28 ./SDK/platform/drivers/src/edma/edma_driver.o
                0x000027a0                EDMA_DRV_GetDmaRegBaseAddr
 .text.EDMA_SetDmaRequestCmd
                0x000027c8       0x30 ./SDK/platform/drivers/src/edma/edma_hw_access.o
                0x000027c8                EDMA_SetDmaRequestCmd
 .text.EDMA_GetErrorIntStatusFlag
                0x000027f8       0x18 ./SDK/platform/drivers/src/edma/edma_irq.o
 .text.DMA0_IRQHandler
                0x00002810        0xe ./SDK/platform/drivers/src/edma/edma_irq.o
                0x00002810                DMA0_IRQHandler
 .text.DMA1_IRQHandler
                0x0000281e        0xe ./SDK/platform/drivers/src/edma/edma_irq.o
                0x0000281e                DMA1_IRQHandler
 .text.DMA2_IRQHandler
                0x0000282c        0xe ./SDK/platform/drivers/src/edma/edma_irq.o
                0x0000282c                DMA2_IRQHandler
 .text.DMA3_IRQHandler
                0x0000283a        0xe ./SDK/platform/drivers/src/edma/edma_irq.o
                0x0000283a                DMA3_IRQHandler
 .text.DMA4_IRQHandler
                0x00002848        0xe ./SDK/platform/drivers/src/edma/edma_irq.o
                0x00002848                DMA4_IRQHandler
 .text.DMA5_IRQHandler
                0x00002856        0xe ./SDK/platform/drivers/src/edma/edma_irq.o
                0x00002856                DMA5_IRQHandler
 .text.DMA6_IRQHandler
                0x00002864        0xe ./SDK/platform/drivers/src/edma/edma_irq.o
                0x00002864                DMA6_IRQHandler
 .text.DMA7_IRQHandler
                0x00002872        0xe ./SDK/platform/drivers/src/edma/edma_irq.o
                0x00002872                DMA7_IRQHandler
 .text.DMA8_IRQHandler
                0x00002880        0xe ./SDK/platform/drivers/src/edma/edma_irq.o
                0x00002880                DMA8_IRQHandler
 .text.DMA9_IRQHandler
                0x0000288e        0xe ./SDK/platform/drivers/src/edma/edma_irq.o
                0x0000288e                DMA9_IRQHandler
 .text.DMA10_IRQHandler
                0x0000289c        0xe ./SDK/platform/drivers/src/edma/edma_irq.o
                0x0000289c                DMA10_IRQHandler
 .text.DMA11_IRQHandler
                0x000028aa        0xe ./SDK/platform/drivers/src/edma/edma_irq.o
                0x000028aa                DMA11_IRQHandler
 .text.DMA12_IRQHandler
                0x000028b8        0xe ./SDK/platform/drivers/src/edma/edma_irq.o
                0x000028b8                DMA12_IRQHandler
 .text.DMA13_IRQHandler
                0x000028c6        0xe ./SDK/platform/drivers/src/edma/edma_irq.o
                0x000028c6                DMA13_IRQHandler
 .text.DMA14_IRQHandler
                0x000028d4        0xe ./SDK/platform/drivers/src/edma/edma_irq.o
                0x000028d4                DMA14_IRQHandler
 .text.DMA15_IRQHandler
                0x000028e2        0xe ./SDK/platform/drivers/src/edma/edma_irq.o
                0x000028e2                DMA15_IRQHandler
 .text.DMA_Error_IRQHandler
                0x000028f0       0x4c ./SDK/platform/drivers/src/edma/edma_irq.o
                0x000028f0                DMA_Error_IRQHandler
 .text.DevAssert
                0x0000293c       0x22 ./SDK/platform/drivers/src/flexcan/flexcan_driver.o
 .text.FLEXCAN_IsEnabled
                0x0000295e       0x1e ./SDK/platform/drivers/src/flexcan/flexcan_driver.o
 .text.FLEXCAN_SelectClock
                0x0000297c       0x2e ./SDK/platform/drivers/src/flexcan/flexcan_driver.o
 .text.FLEXCAN_SetTimeSegments
                0x000029aa       0x70 ./SDK/platform/drivers/src/flexcan/flexcan_driver.o
 *fill*         0x00002a1a        0x2 
 .text.FLEXCAN_SetExtendedTimeSegments
                0x00002a1c       0x74 ./SDK/platform/drivers/src/flexcan/flexcan_driver.o
 .text.FLEXCAN_SetFDTimeSegments
                0x00002a90       0x80 ./SDK/platform/drivers/src/flexcan/flexcan_driver.o
 .text.FLEXCAN_SetFDEnabled
                0x00002b10       0x60 ./SDK/platform/drivers/src/flexcan/flexcan_driver.o
 .text.FLEXCAN_IsFDEnabled
                0x00002b70       0x26 ./SDK/platform/drivers/src/flexcan/flexcan_driver.o
 .text.FLEXCAN_UnlockRxMsgBuff
                0x00002b96       0x18 ./SDK/platform/drivers/src/flexcan/flexcan_driver.o
 .text.FLEXCAN_IsRxFifoEnabled
                0x00002bae       0x26 ./SDK/platform/drivers/src/flexcan/flexcan_driver.o
 .text.FLEXCAN_GetMsgBuffIntStatusFlag
                0x00002bd4       0x42 ./SDK/platform/drivers/src/flexcan/flexcan_driver.o
 .text.FLEXCAN_ClearMsgBuffIntStatusFlag
                0x00002c16       0x30 ./SDK/platform/drivers/src/flexcan/flexcan_driver.o
 .text.FLEXCAN_GetBuffStatusFlag
                0x00002c46       0x42 ./SDK/platform/drivers/src/flexcan/flexcan_driver.o
 .text.FLEXCAN_SetStuffBitCount
                0x00002c88       0x34 ./SDK/platform/drivers/src/flexcan/flexcan_driver.o
 .text.FLEXCAN_SetSelfReception
                0x00002cbc       0x34 ./SDK/platform/drivers/src/flexcan/flexcan_driver.o
 .text.FLEXCAN_InstanceHasFD
                0x00002cf0       0x20 ./SDK/platform/drivers/src/flexcan/flexcan_driver.o
 .text.FLEXCAN_SetRxFifoDMA
                0x00002d10       0x34 ./SDK/platform/drivers/src/flexcan/flexcan_driver.o
 .text.FLEXCAN_IsPNEnabled
                0x00002d44       0x26 ./SDK/platform/drivers/src/flexcan/flexcan_driver.o
 .text.FLEXCAN_GetWTOF
                0x00002d6a       0x24 ./SDK/platform/drivers/src/flexcan/flexcan_driver.o
 .text.FLEXCAN_ClearWTOF
                0x00002d8e       0x24 ./SDK/platform/drivers/src/flexcan/flexcan_driver.o
 .text.FLEXCAN_GetWUMF
                0x00002db2       0x24 ./SDK/platform/drivers/src/flexcan/flexcan_driver.o
 .text.FLEXCAN_ClearWUMF
                0x00002dd6       0x24 ./SDK/platform/drivers/src/flexcan/flexcan_driver.o
 *fill*         0x00002dfa        0x2 
 .text.FLEXCAN_EnableIRQs
                0x00002dfc       0x98 ./SDK/platform/drivers/src/flexcan/flexcan_driver.o
 .text.FLEXCAN_DRV_Init
                0x00002e94      0x2dc ./SDK/platform/drivers/src/flexcan/flexcan_driver.o
                0x00002e94                FLEXCAN_DRV_Init
 .text.FLEXCAN_DRV_ConfigTxMb
                0x00003170       0xa4 ./SDK/platform/drivers/src/flexcan/flexcan_driver.o
                0x00003170                FLEXCAN_DRV_ConfigTxMb
 .text.FLEXCAN_DRV_SendBlocking
                0x00003214      0x178 ./SDK/platform/drivers/src/flexcan/flexcan_driver.o
                0x00003214                FLEXCAN_DRV_SendBlocking
 .text.FLEXCAN_IRQHandlerRxFIFO
                0x0000338c       0xdc ./SDK/platform/drivers/src/flexcan/flexcan_driver.o
 .text.FLEXCAN_IRQHandlerRxMB
                0x00003468       0xfc ./SDK/platform/drivers/src/flexcan/flexcan_driver.o
 .text.FLEXCAN_BusOff_IRQHandler
                0x00003564       0x60 ./SDK/platform/drivers/src/flexcan/flexcan_driver.o
                0x00003564                FLEXCAN_BusOff_IRQHandler
 .text.FLEXCAN_IRQHandler
                0x000035c4      0x1d4 ./SDK/platform/drivers/src/flexcan/flexcan_driver.o
                0x000035c4                FLEXCAN_IRQHandler
 .text.FLEXCAN_Error_IRQHandler
                0x00003798       0x60 ./SDK/platform/drivers/src/flexcan/flexcan_driver.o
                0x00003798                FLEXCAN_Error_IRQHandler
 .text.FLEXCAN_WakeUpHandler
                0x000037f8       0xa4 ./SDK/platform/drivers/src/flexcan/flexcan_driver.o
                0x000037f8                FLEXCAN_WakeUpHandler
 .text.FLEXCAN_StartSendData
                0x0000389c      0x144 ./SDK/platform/drivers/src/flexcan/flexcan_driver.o
 .text.FLEXCAN_CompleteTransfer
                0x000039e0       0x8c ./SDK/platform/drivers/src/flexcan/flexcan_driver.o
 .text.FLEXCAN_CompleteRxMessageFifoData
                0x00003a6c      0x13c ./SDK/platform/drivers/src/flexcan/flexcan_driver.o
 .text.DevAssert
                0x00003ba8       0x22 ./SDK/platform/drivers/src/flexcan/flexcan_hw_access.o
 .text.RxFifoOcuppiedLastMsgBuff
                0x00003bca       0x1e ./SDK/platform/drivers/src/flexcan/flexcan_hw_access.o
 .text.FLEXCAN_GetFreezeMode
                0x00003be8       0x28 ./SDK/platform/drivers/src/flexcan/flexcan_hw_access.o
 .text.FLEXCAN_IsFDEnabled
                0x00003c10       0x26 ./SDK/platform/drivers/src/flexcan/flexcan_hw_access.o
 .text.FLEXCAN_IsRxFifoEnabled
                0x00003c36       0x26 ./SDK/platform/drivers/src/flexcan/flexcan_hw_access.o
 .text.FLEXCAN_SetSelfReception
                0x00003c5c       0x34 ./SDK/platform/drivers/src/flexcan/flexcan_hw_access.o
 .text.FLEXCAN_ComputeDLCValue
                0x00003c90       0x30 ./SDK/platform/drivers/src/flexcan/flexcan_hw_access.o
 .text.FLEXCAN_ComputePayloadSize
                0x00003cc0       0x80 ./SDK/platform/drivers/src/flexcan/flexcan_hw_access.o
 .text.FLEXCAN_GetMaxMbNum
                0x00003d40       0x4c ./SDK/platform/drivers/src/flexcan/flexcan_hw_access.o
                0x00003d40                FLEXCAN_GetMaxMbNum
 .text.FLEXCAN_ClearRAM
                0x00003d8c       0x72 ./SDK/platform/drivers/src/flexcan/flexcan_hw_access.o
 .text.FLEXCAN_GetMsgBuffRegion
                0x00003dfe       0x6c ./SDK/platform/drivers/src/flexcan/flexcan_hw_access.o
                0x00003dfe                FLEXCAN_GetMsgBuffRegion
 .text.FLEXCAN_Enable
                0x00003e6a       0x54 ./SDK/platform/drivers/src/flexcan/flexcan_hw_access.o
                0x00003e6a                FLEXCAN_Enable
 .text.FLEXCAN_Disable
                0x00003ebe       0x36 ./SDK/platform/drivers/src/flexcan/flexcan_hw_access.o
                0x00003ebe                FLEXCAN_Disable
 .text.FLEXCAN_Init
                0x00003ef4       0x6c ./SDK/platform/drivers/src/flexcan/flexcan_hw_access.o
                0x00003ef4                FLEXCAN_Init
 .text.FLEXCAN_SetTxMsgBuff
                0x00003f60      0x284 ./SDK/platform/drivers/src/flexcan/flexcan_hw_access.o
                0x00003f60                FLEXCAN_SetTxMsgBuff
 .text.FLEXCAN_AbortTxMsgBuff
                0x000041e4       0x46 ./SDK/platform/drivers/src/flexcan/flexcan_hw_access.o
                0x000041e4                FLEXCAN_AbortTxMsgBuff
 .text.FLEXCAN_GetMsgBuff
                0x0000422a      0x134 ./SDK/platform/drivers/src/flexcan/flexcan_hw_access.o
                0x0000422a                FLEXCAN_GetMsgBuff
 .text.FLEXCAN_LockRxMsgBuff
                0x0000435e       0x20 ./SDK/platform/drivers/src/flexcan/flexcan_hw_access.o
                0x0000435e                FLEXCAN_LockRxMsgBuff
 .text.FLEXCAN_EnableRxFifo
                0x0000437e       0x86 ./SDK/platform/drivers/src/flexcan/flexcan_hw_access.o
                0x0000437e                FLEXCAN_EnableRxFifo
 .text.FLEXCAN_SetMaxMsgBuffNum
                0x00004404      0x102 ./SDK/platform/drivers/src/flexcan/flexcan_hw_access.o
                0x00004404                FLEXCAN_SetMaxMsgBuffNum
 .text.FLEXCAN_SetMsgBuffIntCmd
                0x00004506       0x56 ./SDK/platform/drivers/src/flexcan/flexcan_hw_access.o
                0x00004506                FLEXCAN_SetMsgBuffIntCmd
 .text.FLEXCAN_ExitFreezeMode
                0x0000455c       0x3a ./SDK/platform/drivers/src/flexcan/flexcan_hw_access.o
                0x0000455c                FLEXCAN_ExitFreezeMode
 .text.FLEXCAN_EnterFreezeMode
                0x00004596      0x10a ./SDK/platform/drivers/src/flexcan/flexcan_hw_access.o
                0x00004596                FLEXCAN_EnterFreezeMode
 .text.FLEXCAN_ClearErrIntStatusFlag
                0x000046a0       0x34 ./SDK/platform/drivers/src/flexcan/flexcan_hw_access.o
                0x000046a0                FLEXCAN_ClearErrIntStatusFlag
 .text.FLEXCAN_ClearBusOffIntStatusFlag
                0x000046d4       0x30 ./SDK/platform/drivers/src/flexcan/flexcan_hw_access.o
                0x000046d4                FLEXCAN_ClearBusOffIntStatusFlag
 .text.FLEXCAN_ReadRxFifo
                0x00004704       0xb8 ./SDK/platform/drivers/src/flexcan/flexcan_hw_access.o
                0x00004704                FLEXCAN_ReadRxFifo
 .text.FLEXCAN_SetOperationMode
                0x000047bc       0xa4 ./SDK/platform/drivers/src/flexcan/flexcan_hw_access.o
                0x000047bc                FLEXCAN_SetOperationMode
 .text.FLEXCAN_IsOutOfRangeMbIdx
                0x00004860       0x5a ./SDK/platform/drivers/src/flexcan/flexcan_hw_access.o
                0x00004860                FLEXCAN_IsOutOfRangeMbIdx
 .text.FLEXCAN_SetPayloadSize
                0x000048ba       0x66 ./SDK/platform/drivers/src/flexcan/flexcan_hw_access.o
                0x000048ba                FLEXCAN_SetPayloadSize
 .text.FLEXCAN_GetPayloadSize
                0x00004920       0x42 ./SDK/platform/drivers/src/flexcan/flexcan_hw_access.o
                0x00004920                FLEXCAN_GetPayloadSize
 .text.CAN0_ORed_IRQHandler
                0x00004962        0xe ./SDK/platform/drivers/src/flexcan/flexcan_irq.o
                0x00004962                CAN0_ORed_IRQHandler
 .text.CAN0_Error_IRQHandler
                0x00004970        0xe ./SDK/platform/drivers/src/flexcan/flexcan_irq.o
                0x00004970                CAN0_Error_IRQHandler
 .text.CAN0_Wake_Up_IRQHandler
                0x0000497e        0xe ./SDK/platform/drivers/src/flexcan/flexcan_irq.o
                0x0000497e                CAN0_Wake_Up_IRQHandler
 .text.CAN0_ORed_0_15_MB_IRQHandler
                0x0000498c        0xe ./SDK/platform/drivers/src/flexcan/flexcan_irq.o
                0x0000498c                CAN0_ORed_0_15_MB_IRQHandler
 .text.CAN0_ORed_16_31_MB_IRQHandler
                0x0000499a        0xe ./SDK/platform/drivers/src/flexcan/flexcan_irq.o
                0x0000499a                CAN0_ORed_16_31_MB_IRQHandler
 .text.CAN1_ORed_IRQHandler
                0x000049a8        0xe ./SDK/platform/drivers/src/flexcan/flexcan_irq.o
                0x000049a8                CAN1_ORed_IRQHandler
 .text.CAN1_Error_IRQHandler
                0x000049b6        0xe ./SDK/platform/drivers/src/flexcan/flexcan_irq.o
                0x000049b6                CAN1_Error_IRQHandler
 .text.CAN1_ORed_0_15_MB_IRQHandler
                0x000049c4        0xe ./SDK/platform/drivers/src/flexcan/flexcan_irq.o
                0x000049c4                CAN1_ORed_0_15_MB_IRQHandler
 .text.CAN2_ORed_IRQHandler
                0x000049d2        0xe ./SDK/platform/drivers/src/flexcan/flexcan_irq.o
                0x000049d2                CAN2_ORed_IRQHandler
 .text.CAN2_Error_IRQHandler
                0x000049e0        0xe ./SDK/platform/drivers/src/flexcan/flexcan_irq.o
                0x000049e0                CAN2_Error_IRQHandler
 .text.CAN2_ORed_0_15_MB_IRQHandler
                0x000049ee        0xe ./SDK/platform/drivers/src/flexcan/flexcan_irq.o
                0x000049ee                CAN2_ORed_0_15_MB_IRQHandler
 .text.DevAssert
                0x000049fc       0x22 ./SDK/platform/drivers/src/interrupt/interrupt_manager.o
 *fill*         0x00004a1e        0x2 
 .text.INT_SYS_InstallHandler
                0x00004a20       0xc8 ./SDK/platform/drivers/src/interrupt/interrupt_manager.o
                0x00004a20                INT_SYS_InstallHandler
 .text.INT_SYS_EnableIRQ
                0x00004ae8       0x58 ./SDK/platform/drivers/src/interrupt/interrupt_manager.o
                0x00004ae8                INT_SYS_EnableIRQ
 .text.INT_SYS_EnableIRQGlobal
                0x00004b40       0x30 ./SDK/platform/drivers/src/interrupt/interrupt_manager.o
                0x00004b40                INT_SYS_EnableIRQGlobal
 .text.INT_SYS_DisableIRQGlobal
                0x00004b70       0x20 ./SDK/platform/drivers/src/interrupt/interrupt_manager.o
                0x00004b70                INT_SYS_DisableIRQGlobal
 .text.INT_SYS_SetPriority
                0x00004b90       0xc8 ./SDK/platform/drivers/src/interrupt/interrupt_manager.o
                0x00004b90                INT_SYS_SetPriority
 .text.DevAssert
                0x00004c58       0x22 ./SDK/platform/drivers/src/pins/pins_driver.o
 .text.PINS_GPIO_SetPinsDirection
                0x00004c7a       0x1c ./SDK/platform/drivers/src/pins/pins_driver.o
 .text.PINS_GPIO_SetPins
                0x00004c96       0x1c ./SDK/platform/drivers/src/pins/pins_driver.o
 .text.PINS_GPIO_ClearPins
                0x00004cb2       0x1c ./SDK/platform/drivers/src/pins/pins_driver.o
 .text.PINS_SetPinIntSel
                0x00004cce       0x52 ./SDK/platform/drivers/src/pins/pins_driver.o
 .text.PINS_ClearPortIntFlagCmd
                0x00004d20       0x1e ./SDK/platform/drivers/src/pins/pins_driver.o
 .text.PINS_DRV_Init
                0x00004d3e       0x3e ./SDK/platform/drivers/src/pins/pins_driver.o
                0x00004d3e                PINS_DRV_Init
 .text.PINS_DRV_SetMuxModeSel
                0x00004d7c       0x22 ./SDK/platform/drivers/src/pins/pins_driver.o
                0x00004d7c                PINS_DRV_SetMuxModeSel
 .text.PINS_DRV_SetPinIntSel
                0x00004d9e       0x22 ./SDK/platform/drivers/src/pins/pins_driver.o
                0x00004d9e                PINS_DRV_SetPinIntSel
 .text.PINS_DRV_ClearPortIntFlagCmd
                0x00004dc0       0x16 ./SDK/platform/drivers/src/pins/pins_driver.o
                0x00004dc0                PINS_DRV_ClearPortIntFlagCmd
 .text.PINS_DRV_SetPinsDirection
                0x00004dd6       0x1a ./SDK/platform/drivers/src/pins/pins_driver.o
                0x00004dd6                PINS_DRV_SetPinsDirection
 .text.PINS_DRV_SetPins
                0x00004df0       0x1a ./SDK/platform/drivers/src/pins/pins_driver.o
                0x00004df0                PINS_DRV_SetPins
 .text.PINS_DRV_ClearPins
                0x00004e0a       0x1a ./SDK/platform/drivers/src/pins/pins_driver.o
                0x00004e0a                PINS_DRV_ClearPins
 .text.DevAssert
                0x00004e24       0x22 ./SDK/platform/drivers/src/pins/pins_port_hw_access.o
 .text.PINS_GPIO_WritePin
                0x00004e46       0x44 ./SDK/platform/drivers/src/pins/pins_port_hw_access.o
 *fill*         0x00004e8a        0x2 
 .text.PINS_GetAdcInterleaveVal
                0x00004e8c       0xe4 ./SDK/platform/drivers/src/pins/pins_port_hw_access.o
 .text.PINS_Init
                0x00004f70      0x244 ./SDK/platform/drivers/src/pins/pins_port_hw_access.o
                0x00004f70                PINS_Init
 .text.PINS_SetMuxModeSel
                0x000051b4       0x9c ./SDK/platform/drivers/src/pins/pins_port_hw_access.o
                0x000051b4                PINS_SetMuxModeSel
 .text.vListInitialise
                0x00005250       0x40 ./SDK/rtos/FreeRTOS/Source/list.o
                0x00005250                vListInitialise
 .text.vListInitialiseItem
                0x00005290       0x1a ./SDK/rtos/FreeRTOS/Source/list.o
                0x00005290                vListInitialiseItem
 .text.vListInsertEnd
                0x000052aa       0x48 ./SDK/rtos/FreeRTOS/Source/list.o
                0x000052aa                vListInsertEnd
 .text.vListInsert
                0x000052f2       0x72 ./SDK/rtos/FreeRTOS/Source/list.o
                0x000052f2                vListInsert
 .text.uxListRemove
                0x00005364       0x54 ./SDK/rtos/FreeRTOS/Source/list.o
                0x00005364                uxListRemove
 .text.xQueueGenericReset
                0x000053b8       0xd0 ./SDK/rtos/FreeRTOS/Source/queue.o
                0x000053b8                xQueueGenericReset
 .text.xQueueGenericCreate
                0x00005488       0x76 ./SDK/rtos/FreeRTOS/Source/queue.o
                0x00005488                xQueueGenericCreate
 .text.prvInitialiseNewQueue
                0x000054fe       0x46 ./SDK/rtos/FreeRTOS/Source/queue.o
 .text.xQueueCreateCountingSemaphore
                0x00005544       0x62 ./SDK/rtos/FreeRTOS/Source/queue.o
                0x00005544                xQueueCreateCountingSemaphore
 *fill*         0x000055a6        0x2 
 .text.xQueueGenericSend
                0x000055a8      0x1f4 ./SDK/rtos/FreeRTOS/Source/queue.o
                0x000055a8                xQueueGenericSend
 .text.xQueueGenericSendFromISR
                0x0000579c      0x128 ./SDK/rtos/FreeRTOS/Source/queue.o
                0x0000579c                xQueueGenericSendFromISR
 .text.xQueueGiveFromISR
                0x000058c4      0x112 ./SDK/rtos/FreeRTOS/Source/queue.o
                0x000058c4                xQueueGiveFromISR
 *fill*         0x000059d6        0x2 
 .text.xQueueReceive
                0x000059d8      0x1b8 ./SDK/rtos/FreeRTOS/Source/queue.o
                0x000059d8                xQueueReceive
 .text.xQueueSemaphoreTake
                0x00005b90      0x210 ./SDK/rtos/FreeRTOS/Source/queue.o
                0x00005b90                xQueueSemaphoreTake
 .text.vQueueDelete
                0x00005da0       0x3a ./SDK/rtos/FreeRTOS/Source/queue.o
                0x00005da0                vQueueDelete
 .text.prvGetDisinheritPriorityAfterTimeout
                0x00005dda       0x30 ./SDK/rtos/FreeRTOS/Source/queue.o
 .text.prvCopyDataToQueue
                0x00005e0a       0xd4 ./SDK/rtos/FreeRTOS/Source/queue.o
 .text.prvCopyDataFromQueue
                0x00005ede       0x4c ./SDK/rtos/FreeRTOS/Source/queue.o
 .text.prvUnlockQueue
                0x00005f2a       0xa4 ./SDK/rtos/FreeRTOS/Source/queue.o
 .text.prvIsQueueEmpty
                0x00005fce       0x2c ./SDK/rtos/FreeRTOS/Source/queue.o
 .text.prvIsQueueFull
                0x00005ffa       0x30 ./SDK/rtos/FreeRTOS/Source/queue.o
 *fill*         0x0000602a        0x2 
 .text.vQueueAddToRegistry
                0x0000602c       0x50 ./SDK/rtos/FreeRTOS/Source/queue.o
                0x0000602c                vQueueAddToRegistry
 .text.vQueueUnregisterQueue
                0x0000607c       0x54 ./SDK/rtos/FreeRTOS/Source/queue.o
                0x0000607c                vQueueUnregisterQueue
 .text.vQueueWaitForMessageRestricted
                0x000060d0       0x68 ./SDK/rtos/FreeRTOS/Source/queue.o
                0x000060d0                vQueueWaitForMessageRestricted
 .text.xTaskCreate
                0x00006138       0x82 ./SDK/rtos/FreeRTOS/Source/tasks.o
                0x00006138                xTaskCreate
 .text.prvInitialiseNewTask
                0x000061ba      0x124 ./SDK/rtos/FreeRTOS/Source/tasks.o
 *fill*         0x000062de        0x2 
 .text.prvAddNewTaskToReadyList
                0x000062e0       0xe0 ./SDK/rtos/FreeRTOS/Source/tasks.o
 .text.vTaskStartScheduler
                0x000063c0       0x98 ./SDK/rtos/FreeRTOS/Source/tasks.o
                0x000063c0                vTaskStartScheduler
 .text.vTaskSuspendAll
                0x00006458       0x1c ./SDK/rtos/FreeRTOS/Source/tasks.o
                0x00006458                vTaskSuspendAll
 .text.xTaskResumeAll
                0x00006474      0x138 ./SDK/rtos/FreeRTOS/Source/tasks.o
                0x00006474                xTaskResumeAll
 .text.xTaskGetTickCount
                0x000065ac       0x20 ./SDK/rtos/FreeRTOS/Source/tasks.o
                0x000065ac                xTaskGetTickCount
 .text.xTaskGetTickCountFromISR
                0x000065cc       0x24 ./SDK/rtos/FreeRTOS/Source/tasks.o
                0x000065cc                xTaskGetTickCountFromISR
 .text.xTaskIncrementTick
                0x000065f0      0x170 ./SDK/rtos/FreeRTOS/Source/tasks.o
                0x000065f0                xTaskIncrementTick
 .text.vTaskSwitchContext
                0x00006760       0xb8 ./SDK/rtos/FreeRTOS/Source/tasks.o
                0x00006760                vTaskSwitchContext
 .text.vTaskPlaceOnEventList
                0x00006818       0x48 ./SDK/rtos/FreeRTOS/Source/tasks.o
                0x00006818                vTaskPlaceOnEventList
 .text.vTaskPlaceOnEventListRestricted
                0x00006860       0x54 ./SDK/rtos/FreeRTOS/Source/tasks.o
                0x00006860                vTaskPlaceOnEventListRestricted
 .text.xTaskRemoveFromEventList
                0x000068b4       0xc4 ./SDK/rtos/FreeRTOS/Source/tasks.o
                0x000068b4                xTaskRemoveFromEventList
 .text.vTaskInternalSetTimeOutState
                0x00006978       0x2c ./SDK/rtos/FreeRTOS/Source/tasks.o
                0x00006978                vTaskInternalSetTimeOutState
 .text.xTaskCheckForTimeOut
                0x000069a4       0xe0 ./SDK/rtos/FreeRTOS/Source/tasks.o
                0x000069a4                xTaskCheckForTimeOut
 .text.vTaskMissedYield
                0x00006a84       0x18 ./SDK/rtos/FreeRTOS/Source/tasks.o
                0x00006a84                vTaskMissedYield
 .text.prvIdleTask
                0x00006a9c       0x30 ./SDK/rtos/FreeRTOS/Source/tasks.o
 .text.prvInitialiseTaskLists
                0x00006acc       0x80 ./SDK/rtos/FreeRTOS/Source/tasks.o
 .text.prvCheckTasksWaitingTermination
                0x00006b4c       0x58 ./SDK/rtos/FreeRTOS/Source/tasks.o
 .text.prvDeleteTCB
                0x00006ba4       0x20 ./SDK/rtos/FreeRTOS/Source/tasks.o
 .text.prvResetNextTaskUnblockTime
                0x00006bc4       0x40 ./SDK/rtos/FreeRTOS/Source/tasks.o
 .text.xTaskGetSchedulerState
                0x00006c04       0x3c ./SDK/rtos/FreeRTOS/Source/tasks.o
                0x00006c04                xTaskGetSchedulerState
 .text.xTaskPriorityInherit
                0x00006c40       0xd0 ./SDK/rtos/FreeRTOS/Source/tasks.o
                0x00006c40                xTaskPriorityInherit
 .text.xTaskPriorityDisinherit
                0x00006d10       0xd8 ./SDK/rtos/FreeRTOS/Source/tasks.o
                0x00006d10                xTaskPriorityDisinherit
 .text.vTaskPriorityDisinheritAfterTimeout
                0x00006de8      0x100 ./SDK/rtos/FreeRTOS/Source/tasks.o
                0x00006de8                vTaskPriorityDisinheritAfterTimeout
 .text.pvTaskIncrementMutexHeldCount
                0x00006ee8       0x28 ./SDK/rtos/FreeRTOS/Source/tasks.o
                0x00006ee8                pvTaskIncrementMutexHeldCount
 .text.prvAddCurrentTaskToDelayedList
                0x00006f10       0xb4 ./SDK/rtos/FreeRTOS/Source/tasks.o
 .text.xTimerCreateTimerTask
                0x00006fc4       0x60 ./SDK/rtos/FreeRTOS/Source/timers.o
                0x00006fc4                xTimerCreateTimerTask
 .text.xTimerGenericCommand
                0x00007024       0x98 ./SDK/rtos/FreeRTOS/Source/timers.o
                0x00007024                xTimerGenericCommand
 .text.prvProcessExpiredTimer
                0x000070bc       0x98 ./SDK/rtos/FreeRTOS/Source/timers.o
 .text.prvTimerTask
                0x00007154       0x24 ./SDK/rtos/FreeRTOS/Source/timers.o
 .text.prvProcessTimerOrBlockTask
                0x00007178       0x9c ./SDK/rtos/FreeRTOS/Source/timers.o
 .text.prvGetNextExpireTime
                0x00007214       0x48 ./SDK/rtos/FreeRTOS/Source/timers.o
 .text.prvSampleTimeNow
                0x0000725c       0x40 ./SDK/rtos/FreeRTOS/Source/timers.o
 .text.prvInsertTimerInActiveList
                0x0000729c       0x84 ./SDK/rtos/FreeRTOS/Source/timers.o
 .text.prvProcessReceivedCommands
                0x00007320      0x1b8 ./SDK/rtos/FreeRTOS/Source/timers.o
 .text.prvSwitchTimerLists
                0x000074d8       0xc8 ./SDK/rtos/FreeRTOS/Source/timers.o
 .text.prvCheckForValidListAndQueue
                0x000075a0       0x6c ./SDK/rtos/FreeRTOS/Source/timers.o
 .text.pxPortInitialiseStack
                0x0000760c       0x68 ./SDK/rtos/FreeRTOS/Source/portable/GCC/ARM_CM4F/port.o
                0x0000760c                pxPortInitialiseStack
 .text.prvTaskExitError
                0x00007674       0x54 ./SDK/rtos/FreeRTOS/Source/portable/GCC/ARM_CM4F/port.o
 *fill*         0x000076c8        0x8 
 .text.SVC_Handler
                0x000076d0       0x28 ./SDK/rtos/FreeRTOS/Source/portable/GCC/ARM_CM4F/port.o
                0x000076d0                SVC_Handler
 .text.prvPortStartFirstTask
                0x000076f8       0x28 ./SDK/rtos/FreeRTOS/Source/portable/GCC/ARM_CM4F/port.o
 .text.xPortStartScheduler
                0x00007720      0x13c ./SDK/rtos/FreeRTOS/Source/portable/GCC/ARM_CM4F/port.o
                0x00007720                xPortStartScheduler
 .text.vPortEnterCritical
                0x0000785c       0x5c ./SDK/rtos/FreeRTOS/Source/portable/GCC/ARM_CM4F/port.o
                0x0000785c                vPortEnterCritical
 .text.vPortExitCritical
                0x000078b8       0x50 ./SDK/rtos/FreeRTOS/Source/portable/GCC/ARM_CM4F/port.o
                0x000078b8                vPortExitCritical
 *fill*         0x00007908        0x8 
 .text.PendSV_Handler
                0x00007910       0x68 ./SDK/rtos/FreeRTOS/Source/portable/GCC/ARM_CM4F/port.o
                0x00007910                PendSV_Handler
 .text.SysTick_Handler
                0x00007978       0x40 ./SDK/rtos/FreeRTOS/Source/portable/GCC/ARM_CM4F/port.o
                0x00007978                SysTick_Handler
 .text.vPortSetupTimerInterrupt
                0x000079b8       0x34 ./SDK/rtos/FreeRTOS/Source/portable/GCC/ARM_CM4F/port.o
                0x000079b8                vPortSetupTimerInterrupt
 .text.vPortEnableVFP
                0x000079ec       0x14 ./SDK/rtos/FreeRTOS/Source/portable/GCC/ARM_CM4F/port.o
 .text.vPortValidateInterruptPriority
                0x00007a00       0x7c ./SDK/rtos/FreeRTOS/Source/portable/GCC/ARM_CM4F/port.o
                0x00007a00                vPortValidateInterruptPriority
 .text.pvPortMalloc
                0x00007a7c       0x8c ./SDK/rtos/FreeRTOS/Source/portable/MemMang/heap_1.o
                0x00007a7c                pvPortMalloc
 .text.vPortFree
                0x00007b08       0x2e ./SDK/rtos/FreeRTOS/Source/portable/MemMang/heap_1.o
                0x00007b08                vPortFree
 .text.DevAssert
                0x00007b36       0x22 ./SDK/rtos/osif/osif_freertos.o
 .text.osif_IsIsrContext
                0x00007b58       0x30 ./SDK/rtos/osif/osif_freertos.o
 .text.OSIF_SemaWait
                0x00007b88       0x6c ./SDK/rtos/osif/osif_freertos.o
                0x00007b88                OSIF_SemaWait
 .text.OSIF_SemaPost
                0x00007bf4       0x8c ./SDK/rtos/osif/osif_freertos.o
                0x00007bf4                OSIF_SemaPost
 .text.OSIF_SemaCreate
                0x00007c80       0x48 ./SDK/rtos/osif/osif_freertos.o
                0x00007c80                OSIF_SemaCreate
 .text.OSIF_SemaDestroy
                0x00007cc8       0x42 ./SDK/rtos/osif/osif_freertos.o
                0x00007cc8                OSIF_SemaDestroy
 .text.main     0x00007d0a        0xe ./src/main.o
                0x00007d0a                main
 .text.boardSetup
                0x00007d18       0x38 ./src/rtos.o
 .text.rtos_start
                0x00007d50       0x48 ./src/rtos.o
                0x00007d50                rtos_start
 .text.vPort_C_ISRHandler
                0x00007d98       0x64 ./src/rtos.o
                0x00007d98                vPort_C_ISRHandler
 .text.prvQueueReceiveTask
                0x00007dfc       0x48 ./src/rtos.o
 .text.prvSetupHardware
                0x00007e44       0x88 ./src/rtos.o
 .text.memcpy   0x00007ecc       0x1c C:/NXP/S32DS.3.4/S32DS/build_tools/gcc_b1620/gcc-6.3-arm32-eabi/arm-none-eabi/newlib/lib/thumb/v7e-m/fpv4-sp/hard\libc_nano.a(lib_a-memcpy-stub.o)
                0x00007ecc                memcpy
 .text.memset   0x00007ee8       0x10 C:/NXP/S32DS.3.4/S32DS/build_tools/gcc_b1620/gcc-6.3-arm32-eabi/arm-none-eabi/newlib/lib/thumb/v7e-m/fpv4-sp/hard\libc_nano.a(lib_a-memset.o)
                0x00007ee8                memset
 *(.rodata)
 .rodata        0x00007ef8       0x17 ./SDK/rtos/FreeRTOS/Source/tasks.o
 *fill*         0x00007f0f        0x1 
 .rodata        0x00007f10        0xd ./SDK/rtos/FreeRTOS/Source/timers.o
 *fill*         0x00007f1d        0x3 
 .rodata        0x00007f20        0xf ./src/rtos.o
 *(.rodata*)
 *fill*         0x00007f2f        0x1 
 .rodata.clockNameMappings
                0x00007f30       0x9e ./SDK/platform/drivers/src/clock/S32K1xx/clock_S32K1xx.o
                0x00007f30                clockNameMappings
 *fill*         0x00007fce        0x2 
 .rodata.tmpSysClk.7617
                0x00007fd0        0xc ./SDK/platform/drivers/src/clock/S32K1xx/clock_S32K1xx.o
 .rodata.tmpSysClk.7624
                0x00007fdc        0xc ./SDK/platform/drivers/src/clock/S32K1xx/clock_S32K1xx.o
 .rodata.maxSysClksInRUN.7662
                0x00007fe8       0x54 ./SDK/platform/drivers/src/clock/S32K1xx/clock_S32K1xx.o
 .rodata.maxSysClksInVLPR.7661
                0x0000803c       0x54 ./SDK/platform/drivers/src/clock/S32K1xx/clock_S32K1xx.o
 .rodata.maxSysClksInHSRUN.7663
                0x00008090       0x54 ./SDK/platform/drivers/src/clock/S32K1xx/clock_S32K1xx.o
 .rodata.fircFreq.7706
                0x000080e4        0x4 ./SDK/platform/drivers/src/clock/S32K1xx/clock_S32K1xx.o
 .rodata.g_flexcanBase
                0x000080e8        0xc ./SDK/platform/drivers/src/flexcan/flexcan_driver.o
 .rodata.g_flexcanWakeUpIrqId
                0x000080f4        0x3 ./SDK/platform/drivers/src/flexcan/flexcan_driver.o
 *fill*         0x000080f7        0x1 
 .rodata.g_flexcanErrorIrqId
                0x000080f8        0x3 ./SDK/platform/drivers/src/flexcan/flexcan_driver.o
 *fill*         0x000080fb        0x1 
 .rodata.g_flexcanBusOffIrqId
                0x000080fc        0x3 ./SDK/platform/drivers/src/flexcan/flexcan_driver.o
 *fill*         0x000080ff        0x1 
 .rodata.g_flexcanOredMessageBufferIrqId
                0x00008100        0x6 ./SDK/platform/drivers/src/flexcan/flexcan_driver.o
 *fill*         0x00008106        0x2 
 .rodata.fdInstances.7739
                0x00008108        0x3 ./SDK/platform/drivers/src/flexcan/flexcan_driver.o
 *fill*         0x0000810b        0x1 
 .rodata.payload_code.7837
                0x0000810c       0x41 ./SDK/platform/drivers/src/flexcan/flexcan_hw_access.o
 *fill*         0x0000814d        0x3 
 .rodata.flexcanBase.7856
                0x00008150        0xc ./SDK/platform/drivers/src/flexcan/flexcan_hw_access.o
 .rodata.maxMbNum.7857
                0x0000815c        0xc ./SDK/platform/drivers/src/flexcan/flexcan_hw_access.o
 *(.init)
 .init          0x00008168        0x4 c:/nxp/s32ds.3.4/s32ds/build_tools/gcc_v6.3/gcc-6.3-arm32-eabi/bin/../lib/gcc/arm-none-eabi/6.3.1/thumb/v7e-m/fpv4-sp/hard/crti.o
                0x00008168                _init
 *(.fini)
 .fini          0x0000816c        0x4 c:/nxp/s32ds.3.4/s32ds/build_tools/gcc_v6.3/gcc-6.3-arm32-eabi/bin/../lib/gcc/arm-none-eabi/6.3.1/thumb/v7e-m/fpv4-sp/hard/crti.o
                0x0000816c                _fini
 *(.eh_frame)
                0x00008170                __cryto_encrypted__Start__ = .
 *(.cryto_encrypted)
                0x00008170                __cryto_encrypted__end__ = .
                0x00008170                . = ALIGN (0x4)

.glue_7         0x00008170        0x0
 .glue_7        0x00008170        0x0 linker stubs

.glue_7t        0x00008170        0x0
 .glue_7t       0x00008170        0x0 linker stubs

.vfp11_veneer   0x00008170        0x0
 .vfp11_veneer  0x00008170        0x0 linker stubs

.v4_bx          0x00008170        0x0
 .v4_bx         0x00008170        0x0 linker stubs

.iplt           0x00008170        0x0
 .iplt          0x00008170        0x0 c:/nxp/s32ds.3.4/s32ds/build_tools/gcc_v6.3/gcc-6.3-arm32-eabi/bin/../lib/gcc/arm-none-eabi/6.3.1/thumb/v7e-m/fpv4-sp/hard/crtbegin.o

.rel.dyn        0x00008170        0x0
 .rel.iplt      0x00008170        0x0 c:/nxp/s32ds.3.4/s32ds/build_tools/gcc_v6.3/gcc-6.3-arm32-eabi/bin/../lib/gcc/arm-none-eabi/6.3.1/thumb/v7e-m/fpv4-sp/hard/crtbegin.o

.ARM            0x00008170        0x0
                0x00008170                __exidx_start = .
 *(.ARM.exidx*)
                0x00008170                __exidx_end = .
                0x00008170                __etext = .
                0x00008170                __DATA_ROM = .

.interrupts_ram
                0x1fff8000      0x400
                0x1fff8000                . = ALIGN (0x4)
                0x1fff8000                __VECTOR_RAM__ = .
                0x1fff8000                __RAM_START = .
                0x1fff8000                __interrupts_ram_start__ = .
 *(.m_interrupts_ram)
                0x1fff8400                . = (. + M_VECTOR_RAM_SIZE)
 *fill*         0x1fff8000      0x400 
                0x1fff8400                . = ALIGN (0x4)
                0x1fff8400                __interrupts_ram_end__ = .
                0x1fff8000                __VECTOR_RAM = DEFINED (__flash_vector_table__)?ORIGIN (m_interrupts):__VECTOR_RAM__
                0x00000400                __RAM_VECTOR_TABLE_SIZE = DEFINED (__flash_vector_table__)?0x0:(__interrupts_ram_end__ - __interrupts_ram_start__)

.data           0x1fff8400      0x2c4 load address 0x00008170
                0x1fff8400                . = ALIGN (0x4)
                0x1fff8400                __DATA_RAM = .
                0x1fff8400                __data_start__ = .
 *(.data)
 *(.data*)
 .data.peripheralClockConfig.7390
                0x1fff8400       0xa0 ./SDK/platform/drivers/src/clock/S32K1xx/clock_S32K1xx.o
 .data.uxCriticalNesting
                0x1fff84a0        0x4 ./SDK/rtos/FreeRTOS/Source/portable/GCC/ARM_CM4F/port.o
 .data.peripheralClockConfig0
                0x1fff84a4       0xa0 ./board/clock_config.o
                0x1fff84a4                peripheralClockConfig0
 .data.clockMan1_InitConfig0
                0x1fff8544       0x88 ./board/clock_config.o
                0x1fff8544                clockMan1_InitConfig0
 .data.g_clockManConfigsArr
                0x1fff85cc        0x4 ./board/clock_config.o
                0x1fff85cc                g_clockManConfigsArr
 .data.flexcanInitConfig0
                0x1fff85d0       0x38 ./board/peripherals_flexcan_config_1.o
                0x1fff85d0                flexcanInitConfig0
 .data.g_pin_mux_InitConfigArr0
                0x1fff8608       0xa8 ./board/pin_mux.o
                0x1fff8608                g_pin_mux_InitConfigArr0
 .data.Data_NFC_Alert_Message
                0x1fff86b0        0x8 ./src/rtos.o
                0x1fff86b0                Data_NFC_Alert_Message
 .data.dataInfoNFC_Message
                0x1fff86b8        0xc ./src/rtos.o
                0x1fff86b8                dataInfoNFC_Message
                0x1fff86c4                . = ALIGN (0x4)
                0x1fff86c4                __data_end__ = .
                0x00008434                __DATA_END = (__DATA_ROM + (__data_end__ - __data_start__))
                0x00008434                __CODE_ROM = __DATA_END

.igot.plt       0x1fff86c4        0x0 load address 0x00008434
 .igot.plt      0x1fff86c4        0x0 c:/nxp/s32ds.3.4/s32ds/build_tools/gcc_v6.3/gcc-6.3-arm32-eabi/bin/../lib/gcc/arm-none-eabi/6.3.1/thumb/v7e-m/fpv4-sp/hard/crtbegin.o

.code           0x1fff86c4        0x0 load address 0x00008434
                0x1fff86c4                . = ALIGN (0x4)
                0x1fff86c4                __CODE_RAM = .
                0x1fff86c4                __code_start__ = .
                0x1fff86c4                __code_ram_start__ = .
 *(.code_ram)
                0x1fff86c4                . = ALIGN (0x4)
                0x1fff86c4                __code_end__ = .
                0x1fff86c4                __code_ram_end__ = .
                0x00008434                __CODE_END = (__CODE_ROM + (__code_end__ - __code_start__))
                0x00008434                __CUSTOM_ROM = __CODE_END

.customSectionBlock
                0x20000000        0x0 load address 0x00008434
                0x20000000                __customSection_start__ = .
 *(.customSection)
                0x20000000                __customSection_end__ = .
                0x00008434                __CUSTOM_END = (__CUSTOM_ROM + (__customSection_end__ - __customSection_start__))
                0x00008434                __rom_end = __CUSTOM_END

.bss            0x20000000     0x233c
                0x20000000                . = ALIGN (0x4)
                0x20000000                __BSS_START = .
                0x20000000                __bss_start__ = .
 *(.bss)
 *(.bss*)
 .bss.g_clockState
                0x20000000       0x10 ./SDK/platform/drivers/src/clock/S32K1xx/clock_S32K1xx.o
 .bss.s_virtEdmaState
                0x20000010        0x4 ./SDK/platform/drivers/src/edma/edma_driver.o
 .bss.g_flexcanStatePtr
                0x20000014        0xc ./SDK/platform/drivers/src/flexcan/flexcan_driver.o
 .bss.g_interruptDisableCount
                0x20000020        0x4 ./SDK/platform/drivers/src/interrupt/interrupt_manager.o
 .bss.pxCurrentTCB
                0x20000024        0x4 ./SDK/rtos/FreeRTOS/Source/tasks.o
                0x20000024                pxCurrentTCB
 .bss.pxReadyTasksLists
                0x20000028       0x64 ./SDK/rtos/FreeRTOS/Source/tasks.o
 .bss.xDelayedTaskList1
                0x2000008c       0x14 ./SDK/rtos/FreeRTOS/Source/tasks.o
 .bss.xDelayedTaskList2
                0x200000a0       0x14 ./SDK/rtos/FreeRTOS/Source/tasks.o
 .bss.pxDelayedTaskList
                0x200000b4        0x4 ./SDK/rtos/FreeRTOS/Source/tasks.o
 .bss.pxOverflowDelayedTaskList
                0x200000b8        0x4 ./SDK/rtos/FreeRTOS/Source/tasks.o
 .bss.xPendingReadyList
                0x200000bc       0x14 ./SDK/rtos/FreeRTOS/Source/tasks.o
 .bss.xTasksWaitingTermination
                0x200000d0       0x14 ./SDK/rtos/FreeRTOS/Source/tasks.o
 .bss.uxDeletedTasksWaitingCleanUp
                0x200000e4        0x4 ./SDK/rtos/FreeRTOS/Source/tasks.o
 .bss.xSuspendedTaskList
                0x200000e8       0x14 ./SDK/rtos/FreeRTOS/Source/tasks.o
 .bss.uxCurrentNumberOfTasks
                0x200000fc        0x4 ./SDK/rtos/FreeRTOS/Source/tasks.o
 .bss.xTickCount
                0x20000100        0x4 ./SDK/rtos/FreeRTOS/Source/tasks.o
 .bss.uxTopReadyPriority
                0x20000104        0x4 ./SDK/rtos/FreeRTOS/Source/tasks.o
 .bss.xSchedulerRunning
                0x20000108        0x4 ./SDK/rtos/FreeRTOS/Source/tasks.o
 .bss.uxPendedTicks
                0x2000010c        0x4 ./SDK/rtos/FreeRTOS/Source/tasks.o
 .bss.xYieldPending
                0x20000110        0x4 ./SDK/rtos/FreeRTOS/Source/tasks.o
 .bss.xNumOfOverflows
                0x20000114        0x4 ./SDK/rtos/FreeRTOS/Source/tasks.o
 .bss.uxTaskNumber
                0x20000118        0x4 ./SDK/rtos/FreeRTOS/Source/tasks.o
 .bss.xNextTaskUnblockTime
                0x2000011c        0x4 ./SDK/rtos/FreeRTOS/Source/tasks.o
 .bss.xIdleTaskHandle
                0x20000120        0x4 ./SDK/rtos/FreeRTOS/Source/tasks.o
 .bss.uxSchedulerSuspended
                0x20000124        0x4 ./SDK/rtos/FreeRTOS/Source/tasks.o
 .bss.xActiveTimerList1
                0x20000128       0x14 ./SDK/rtos/FreeRTOS/Source/timers.o
 .bss.xActiveTimerList2
                0x2000013c       0x14 ./SDK/rtos/FreeRTOS/Source/timers.o
 .bss.pxCurrentTimerList
                0x20000150        0x4 ./SDK/rtos/FreeRTOS/Source/timers.o
 .bss.pxOverflowTimerList
                0x20000154        0x4 ./SDK/rtos/FreeRTOS/Source/timers.o
 .bss.xTimerQueue
                0x20000158        0x4 ./SDK/rtos/FreeRTOS/Source/timers.o
 .bss.xTimerTaskHandle
                0x2000015c        0x4 ./SDK/rtos/FreeRTOS/Source/timers.o
 .bss.xLastTime.6416
                0x20000160        0x4 ./SDK/rtos/FreeRTOS/Source/timers.o
 .bss.ucMaxSysCallPriority
                0x20000164        0x1 ./SDK/rtos/FreeRTOS/Source/portable/GCC/ARM_CM4F/port.o
 *fill*         0x20000165        0x3 
 .bss.ulMaxPRIGROUPValue
                0x20000168        0x4 ./SDK/rtos/FreeRTOS/Source/portable/GCC/ARM_CM4F/port.o
 .bss.ucHeap    0x2000016c     0x2000 ./SDK/rtos/FreeRTOS/Source/portable/MemMang/heap_1.o
 .bss.xNextFreeByte
                0x2000216c        0x4 ./SDK/rtos/FreeRTOS/Source/portable/MemMang/heap_1.o
 .bss.pucAlignedHeap.6100
                0x20002170        0x4 ./SDK/rtos/FreeRTOS/Source/portable/MemMang/heap_1.o
 .bss.g_clockManCallbacksArr
                0x20002174        0x4 ./board/clock_config.o
                0x20002174                g_clockManCallbacksArr
 .bss.xQueue    0x20002178        0x4 ./src/rtos.o
 .bss.xButtonLEDTimer
                0x2000217c        0x4 ./src/rtos.o
 *(COMMON)
 COMMON         0x20002180       0x14 ./SDK/platform/drivers/src/clock/S32K1xx/clock_S32K1xx.o
                0x20002180                g_xtal0ClkFreq
                0x20002184                g_RtcClkInFreq
                0x20002188                g_TClkFreq
 COMMON         0x20002194       0x10 ./SDK/rtos/FreeRTOS/Source/queue.o
                0x20002194                xQueueRegistry
 COMMON         0x200021a4      0x194 ./board/peripherals_flexcan_config_1.o
                0x200021a4                flexcanState0
 COMMON         0x20002338        0x2 ./src/rtos.o
                0x20002338                NFC_CAN_Status
                0x2000233c                . = ALIGN (0x4)
 *fill*         0x2000233a        0x2 
                0x2000233c                __bss_end__ = .
                0x2000233c                __BSS_END = .

.heap           0x2000233c      0x404
                0x20002340                . = ALIGN (0x8)
 *fill*         0x2000233c        0x4 
                0x20002340                __end__ = .
                0x20002340                __heap_start__ = .
                0x20002340                PROVIDE (end, .)
                [!provide]                PROVIDE (_end, .)
                [!provide]                PROVIDE (__end, .)
                0x20002340                __HeapBase = .
                0x20002740                . = (. + HEAP_SIZE)
 *fill*         0x20002340      0x400 
                0x20002740                __HeapLimit = .
                0x20002740                __heap_limit = .
                0x20002740                __heap_end__ = .
                0x20007000                __StackTop = (ORIGIN (m_data_2) + LENGTH (m_data_2))
                0x20006c00                __StackLimit = (__StackTop - STACK_SIZE)
                0x20007000                PROVIDE (__stack, __StackTop)
                0x20007000                __RAM_END = __StackTop

.stack          0x20006c00      0x400
                0x20006c00                . = ALIGN (0x8)
                0x20006c00                __stack_start__ = .
                0x20007000                . = (. + STACK_SIZE)
 *fill*         0x20006c00      0x400 
                0x20007000                __stack_end__ = .

.ARM.attributes
                0x00000000       0x30
 *(.ARM.attributes)
 .ARM.attributes
                0x00000000       0x22 c:/nxp/s32ds.3.4/s32ds/build_tools/gcc_v6.3/gcc-6.3-arm32-eabi/bin/../lib/gcc/arm-none-eabi/6.3.1/thumb/v7e-m/fpv4-sp/hard/crti.o
 .ARM.attributes
                0x00000022       0x1f ./Project_Settings/Startup_Code/startup_S32K144.o
 .ARM.attributes
                0x00000041       0x39 ./SDK/platform/devices/S32K144/startup/system_S32K144.o
 .ARM.attributes
                0x0000007a       0x39 ./SDK/platform/devices/startup.o
 .ARM.attributes
                0x000000b3       0x39 ./SDK/platform/drivers/src/clock/S32K1xx/clock_S32K1xx.o
 .ARM.attributes
                0x000000ec       0x39 ./SDK/platform/drivers/src/edma/edma_driver.o
 .ARM.attributes
                0x00000125       0x39 ./SDK/platform/drivers/src/edma/edma_hw_access.o
 .ARM.attributes
                0x0000015e       0x39 ./SDK/platform/drivers/src/edma/edma_irq.o
 .ARM.attributes
                0x00000197       0x39 ./SDK/platform/drivers/src/flexcan/flexcan_driver.o
 .ARM.attributes
                0x000001d0       0x39 ./SDK/platform/drivers/src/flexcan/flexcan_hw_access.o
 .ARM.attributes
                0x00000209       0x39 ./SDK/platform/drivers/src/flexcan/flexcan_irq.o
 .ARM.attributes
                0x00000242       0x39 ./SDK/platform/drivers/src/interrupt/interrupt_manager.o
 .ARM.attributes
                0x0000027b       0x39 ./SDK/platform/drivers/src/pins/pins_driver.o
 .ARM.attributes
                0x000002b4       0x39 ./SDK/platform/drivers/src/pins/pins_port_hw_access.o
 .ARM.attributes
                0x000002ed       0x39 ./SDK/rtos/FreeRTOS/Source/list.o
 .ARM.attributes
                0x00000326       0x39 ./SDK/rtos/FreeRTOS/Source/queue.o
 .ARM.attributes
                0x0000035f       0x39 ./SDK/rtos/FreeRTOS/Source/tasks.o
 .ARM.attributes
                0x00000398       0x39 ./SDK/rtos/FreeRTOS/Source/timers.o
 .ARM.attributes
                0x000003d1       0x39 ./SDK/rtos/FreeRTOS/Source/portable/GCC/ARM_CM4F/port.o
 .ARM.attributes
                0x0000040a       0x39 ./SDK/rtos/FreeRTOS/Source/portable/MemMang/heap_1.o
 .ARM.attributes
                0x00000443       0x39 ./SDK/rtos/osif/osif_freertos.o
 .ARM.attributes
                0x0000047c       0x39 ./board/clock_config.o
 .ARM.attributes
                0x000004b5       0x39 ./board/peripherals_flexcan_config_1.o
 .ARM.attributes
                0x000004ee       0x39 ./board/pin_mux.o
 .ARM.attributes
                0x00000527       0x39 ./src/main.o
 .ARM.attributes
                0x00000560       0x39 ./src/rtos.o
 .ARM.attributes
                0x00000599       0x34 C:/NXP/S32DS.3.4/S32DS/build_tools/gcc_b1620/gcc-6.3-arm32-eabi/arm-none-eabi/newlib/lib/thumb/v7e-m/fpv4-sp/hard\libc_nano.a(lib_a-memcpy-stub.o)
 .ARM.attributes
                0x000005cd       0x34 C:/NXP/S32DS.3.4/S32DS/build_tools/gcc_b1620/gcc-6.3-arm32-eabi/arm-none-eabi/newlib/lib/thumb/v7e-m/fpv4-sp/hard\libc_nano.a(lib_a-memset.o)
                0x00000001                ASSERT ((__rom_end <= (ORIGIN (m_text) + LENGTH (m_text))), Region m_text overflowed!)
                0x00000001                ASSERT ((__StackLimit >= __HeapLimit), region m_data_2 overflowed with stack and heap)
OUTPUT(freertos_s32k144.elf elf32-littlearm)

.debug_line     0x00000000     0xd008
 .debug_line    0x00000000       0xcc ./Project_Settings/Startup_Code/startup_S32K144.o
 .debug_line    0x000000cc      0x42f ./SDK/platform/devices/S32K144/startup/system_S32K144.o
 .debug_line    0x000004fb      0x3b7 ./SDK/platform/devices/startup.o
 .debug_line    0x000008b2     0x1a41 ./SDK/platform/drivers/src/clock/S32K1xx/clock_S32K1xx.o
 .debug_line    0x000022f3      0xf54 ./SDK/platform/drivers/src/edma/edma_driver.o
 .debug_line    0x00003247      0x5f2 ./SDK/platform/drivers/src/edma/edma_hw_access.o
 .debug_line    0x00003839      0x55c ./SDK/platform/drivers/src/edma/edma_irq.o
 .debug_line    0x00003d95     0x131f ./SDK/platform/drivers/src/flexcan/flexcan_driver.o
 .debug_line    0x000050b4      0xd7f ./SDK/platform/drivers/src/flexcan/flexcan_hw_access.o
 .debug_line    0x00005e33      0x480 ./SDK/platform/drivers/src/flexcan/flexcan_irq.o
 .debug_line    0x000062b3      0x5bf ./SDK/platform/drivers/src/interrupt/interrupt_manager.o
 .debug_line    0x00006872      0x848 ./SDK/platform/drivers/src/pins/pins_driver.o
 .debug_line    0x000070ba      0x593 ./SDK/platform/drivers/src/pins/pins_port_hw_access.o
 .debug_line    0x0000764d      0x462 ./SDK/rtos/FreeRTOS/Source/list.o
 .debug_line    0x00007aaf      0xdd8 ./SDK/rtos/FreeRTOS/Source/queue.o
 .debug_line    0x00008887     0x12f4 ./SDK/rtos/FreeRTOS/Source/tasks.o
 .debug_line    0x00009b7b      0x82e ./SDK/rtos/FreeRTOS/Source/timers.o
 .debug_line    0x0000a3a9      0x56f ./SDK/rtos/FreeRTOS/Source/portable/GCC/ARM_CM4F/port.o
 .debug_line    0x0000a918      0x46d ./SDK/rtos/FreeRTOS/Source/portable/MemMang/heap_1.o
 .debug_line    0x0000ad85      0x65b ./SDK/rtos/osif/osif_freertos.o
 .debug_line    0x0000b3e0      0x451 ./board/clock_config.o
 .debug_line    0x0000b831      0x56b ./board/peripherals_flexcan_config_1.o
 .debug_line    0x0000bd9c      0x3ea ./board/pin_mux.o
 .debug_line    0x0000c186      0x68e ./src/main.o
 .debug_line    0x0000c814      0x7f4 ./src/rtos.o

.debug_info     0x00000000    0x1cdb3
 .debug_info    0x00000000       0x26 ./Project_Settings/Startup_Code/startup_S32K144.o
 .debug_info    0x00000026      0x51e ./SDK/platform/devices/S32K144/startup/system_S32K144.o
 .debug_info    0x00000544      0x46d ./SDK/platform/devices/startup.o
 .debug_info    0x000009b1     0x4066 ./SDK/platform/drivers/src/clock/S32K1xx/clock_S32K1xx.o
 .debug_info    0x00004a17     0x2b0a ./SDK/platform/drivers/src/edma/edma_driver.o
 .debug_info    0x00007521      0x961 ./SDK/platform/drivers/src/edma/edma_hw_access.o
 .debug_info    0x00007e82      0x542 ./SDK/platform/drivers/src/edma/edma_irq.o
 .debug_info    0x000083c4     0x33f7 ./SDK/platform/drivers/src/flexcan/flexcan_driver.o
 .debug_info    0x0000b7bb     0x1a40 ./SDK/platform/drivers/src/flexcan/flexcan_hw_access.o
 .debug_info    0x0000d1fb      0x154 ./SDK/platform/drivers/src/flexcan/flexcan_irq.o
 .debug_info    0x0000d34f      0xa75 ./SDK/platform/drivers/src/interrupt/interrupt_manager.o
 .debug_info    0x0000ddc4     0x116a ./SDK/platform/drivers/src/pins/pins_driver.o
 .debug_info    0x0000ef2e      0x889 ./SDK/platform/drivers/src/pins/pins_port_hw_access.o
 .debug_info    0x0000f7b7      0xab5 ./SDK/rtos/FreeRTOS/Source/list.o
 .debug_info    0x0001026c     0x1fb4 ./SDK/rtos/FreeRTOS/Source/queue.o
 .debug_info    0x00012220     0x2941 ./SDK/rtos/FreeRTOS/Source/tasks.o
 .debug_info    0x00014b61     0x160d ./SDK/rtos/FreeRTOS/Source/timers.o
 .debug_info    0x0001616e      0x528 ./SDK/rtos/FreeRTOS/Source/portable/GCC/ARM_CM4F/port.o
 .debug_info    0x00016696      0x9bf ./SDK/rtos/FreeRTOS/Source/portable/MemMang/heap_1.o
 .debug_info    0x00017055      0x91d ./SDK/rtos/osif/osif_freertos.o
 .debug_info    0x00017972     0x12b9 ./board/clock_config.o
 .debug_info    0x00018c2b      0x51c ./board/peripherals_flexcan_config_1.o
 .debug_info    0x00019147      0x409 ./board/pin_mux.o
 .debug_info    0x00019550     0x194b ./src/main.o
 .debug_info    0x0001ae9b     0x1f18 ./src/rtos.o

.debug_abbrev   0x00000000     0x2f40
 .debug_abbrev  0x00000000       0x14 ./Project_Settings/Startup_Code/startup_S32K144.o
 .debug_abbrev  0x00000014      0x123 ./SDK/platform/devices/S32K144/startup/system_S32K144.o
 .debug_abbrev  0x00000137      0x106 ./SDK/platform/devices/startup.o
 .debug_abbrev  0x0000023d      0x2f0 ./SDK/platform/drivers/src/clock/S32K1xx/clock_S32K1xx.o
 .debug_abbrev  0x0000052d      0x2d4 ./SDK/platform/drivers/src/edma/edma_driver.o
 .debug_abbrev  0x00000801      0x20d ./SDK/platform/drivers/src/edma/edma_hw_access.o
 .debug_abbrev  0x00000a0e      0x169 ./SDK/platform/drivers/src/edma/edma_irq.o
 .debug_abbrev  0x00000b77      0x2c9 ./SDK/platform/drivers/src/flexcan/flexcan_driver.o
 .debug_abbrev  0x00000e40      0x2ad ./SDK/platform/drivers/src/flexcan/flexcan_hw_access.o
 .debug_abbrev  0x000010ed       0x45 ./SDK/platform/drivers/src/flexcan/flexcan_irq.o
 .debug_abbrev  0x00001132      0x1e6 ./SDK/platform/drivers/src/interrupt/interrupt_manager.o
 .debug_abbrev  0x00001318      0x26b ./SDK/platform/drivers/src/pins/pins_driver.o
 .debug_abbrev  0x00001583      0x190 ./SDK/platform/drivers/src/pins/pins_port_hw_access.o
 .debug_abbrev  0x00001713      0x1be ./SDK/rtos/FreeRTOS/Source/list.o
 .debug_abbrev  0x000018d1      0x30b ./SDK/rtos/FreeRTOS/Source/queue.o
 .debug_abbrev  0x00001bdc      0x33d ./SDK/rtos/FreeRTOS/Source/tasks.o
 .debug_abbrev  0x00001f19      0x2c2 ./SDK/rtos/FreeRTOS/Source/timers.o
 .debug_abbrev  0x000021db      0x1ff ./SDK/rtos/FreeRTOS/Source/portable/GCC/ARM_CM4F/port.o
 .debug_abbrev  0x000023da      0x226 ./SDK/rtos/FreeRTOS/Source/portable/MemMang/heap_1.o
 .debug_abbrev  0x00002600      0x1cd ./SDK/rtos/osif/osif_freertos.o
 .debug_abbrev  0x000027cd      0x125 ./board/clock_config.o
 .debug_abbrev  0x000028f2      0x113 ./board/peripherals_flexcan_config_1.o
 .debug_abbrev  0x00002a05       0xcd ./board/pin_mux.o
 .debug_abbrev  0x00002ad2      0x16f ./src/main.o
 .debug_abbrev  0x00002c41      0x2ff ./src/rtos.o

.debug_aranges  0x00000000     0x1688
 .debug_aranges
                0x00000000       0x20 ./Project_Settings/Startup_Code/startup_S32K144.o
 .debug_aranges
                0x00000020       0x30 ./SDK/platform/devices/S32K144/startup/system_S32K144.o
 .debug_aranges
                0x00000050       0x20 ./SDK/platform/devices/startup.o
 .debug_aranges
                0x00000070      0x4a0 ./SDK/platform/drivers/src/clock/S32K1xx/clock_S32K1xx.o
 .debug_aranges
                0x00000510      0x230 ./SDK/platform/drivers/src/edma/edma_driver.o
 .debug_aranges
                0x00000740       0x90 ./SDK/platform/drivers/src/edma/edma_hw_access.o
 .debug_aranges
                0x000007d0       0xa8 ./SDK/platform/drivers/src/edma/edma_irq.o
 .debug_aranges
                0x00000878      0x328 ./SDK/platform/drivers/src/flexcan/flexcan_driver.o
 .debug_aranges
                0x00000ba0      0x188 ./SDK/platform/drivers/src/flexcan/flexcan_hw_access.o
 .debug_aranges
                0x00000d28       0x80 ./SDK/platform/drivers/src/flexcan/flexcan_irq.o
 .debug_aranges
                0x00000da8       0x78 ./SDK/platform/drivers/src/interrupt/interrupt_manager.o
 .debug_aranges
                0x00000e20      0x190 ./SDK/platform/drivers/src/pins/pins_driver.o
 .debug_aranges
                0x00000fb0       0x50 ./SDK/platform/drivers/src/pins/pins_port_hw_access.o
 .debug_aranges
                0x00001000       0x40 ./SDK/rtos/FreeRTOS/Source/list.o
 .debug_aranges
                0x00001040      0x140 ./SDK/rtos/FreeRTOS/Source/queue.o
 .debug_aranges
                0x00001180      0x218 ./SDK/rtos/FreeRTOS/Source/tasks.o
 .debug_aranges
                0x00001398       0xe0 ./SDK/rtos/FreeRTOS/Source/timers.o
 .debug_aranges
                0x00001478       0x80 ./SDK/rtos/FreeRTOS/Source/portable/GCC/ARM_CM4F/port.o
 .debug_aranges
                0x000014f8       0x38 ./SDK/rtos/FreeRTOS/Source/portable/MemMang/heap_1.o
 .debug_aranges
                0x00001530       0x78 ./SDK/rtos/osif/osif_freertos.o
 .debug_aranges
                0x000015a8       0x18 ./board/clock_config.o
 .debug_aranges
                0x000015c0       0x18 ./board/peripherals_flexcan_config_1.o
 .debug_aranges
                0x000015d8       0x18 ./board/pin_mux.o
 .debug_aranges
                0x000015f0       0x20 ./src/main.o
 .debug_aranges
                0x00001610       0x78 ./src/rtos.o

.debug_str      0x00000000    0x7f307
 .debug_str     0x00000000       0xe0 ./Project_Settings/Startup_Code/startup_S32K144.o
 .debug_str     0x000000e0    0x693a1 ./SDK/platform/devices/S32K144/startup/system_S32K144.o
                              0x69532 (size before relaxing)
 .debug_str     0x00069481      0x399 ./SDK/platform/devices/startup.o
                              0x69749 (size before relaxing)
 .debug_str     0x0006981a     0x4140 ./SDK/platform/drivers/src/clock/S32K1xx/clock_S32K1xx.o
                              0x6d810 (size before relaxing)
 .debug_str     0x0006d95a     0x1dc3 ./SDK/platform/drivers/src/edma/edma_driver.o
                              0x6c33d (size before relaxing)
 .debug_str     0x0006f71d      0x176 ./SDK/platform/drivers/src/edma/edma_hw_access.o
                              0x69c35 (size before relaxing)
 .debug_str     0x0006f893      0x162 ./SDK/platform/drivers/src/edma/edma_irq.o
                              0x698f8 (size before relaxing)
 .debug_str     0x0006f9f5     0x71a1 ./SDK/platform/drivers/src/flexcan/flexcan_driver.o
                              0x71e59 (size before relaxing)
 .debug_str     0x00076b96      0x750 ./SDK/platform/drivers/src/flexcan/flexcan_hw_access.o
                              0x705fc (size before relaxing)
 .debug_str     0x000772e6      0x17c ./SDK/platform/drivers/src/flexcan/flexcan_irq.o
                              0x69424 (size before relaxing)
 .debug_str     0x00077462      0x216 ./SDK/platform/drivers/src/interrupt/interrupt_manager.o
                              0x69e2d (size before relaxing)
 .debug_str     0x00077678      0x981 ./SDK/platform/drivers/src/pins/pins_driver.o
                              0x6a7b1 (size before relaxing)
 .debug_str     0x00077ff9      0x21e ./SDK/platform/drivers/src/pins/pins_port_hw_access.o
                              0x69ce8 (size before relaxing)
 .debug_str     0x00078217     0x2e80 ./SDK/rtos/FreeRTOS/Source/list.o
                               0xa140 (size before relaxing)
 .debug_str     0x0007b097      0x915 ./SDK/rtos/FreeRTOS/Source/queue.o
                               0xb81f (size before relaxing)
 .debug_str     0x0007b9ac     0x22be ./SDK/rtos/FreeRTOS/Source/tasks.o
                               0xcc1f (size before relaxing)
 .debug_str     0x0007dc6a      0x5c7 ./SDK/rtos/FreeRTOS/Source/timers.o
                               0xbcfd (size before relaxing)
 .debug_str     0x0007e231      0x7f4 ./SDK/rtos/FreeRTOS/Source/portable/GCC/ARM_CM4F/port.o
                               0x7d77 (size before relaxing)
 .debug_str     0x0007ea25       0xf0 ./SDK/rtos/FreeRTOS/Source/portable/MemMang/heap_1.o
                               0xa7d6 (size before relaxing)
 .debug_str     0x0007eb15      0x1c2 ./SDK/rtos/osif/osif_freertos.o
                              0x6ebfb (size before relaxing)
 .debug_str     0x0007ecd7       0xda ./board/clock_config.o
                              0x6b600 (size before relaxing)
 .debug_str     0x0007edb1       0x78 ./board/peripherals_flexcan_config_1.o
                              0x6e8c0 (size before relaxing)
 .debug_str     0x0007ee29       0x53 ./board/pin_mux.o
                              0x699cd (size before relaxing)
 .debug_str     0x0007ee7c       0x38 ./src/main.o
                              0x70b2a (size before relaxing)
 .debug_str     0x0007eeb4      0x453 ./src/rtos.o
                              0x71e3d (size before relaxing)

.debug_ranges   0x00000000     0x14d0
 .debug_ranges  0x00000000       0x20 ./SDK/platform/devices/S32K144/startup/system_S32K144.o
 .debug_ranges  0x00000020       0x10 ./SDK/platform/devices/startup.o
 .debug_ranges  0x00000030      0x490 ./SDK/platform/drivers/src/clock/S32K1xx/clock_S32K1xx.o
 .debug_ranges  0x000004c0      0x220 ./SDK/platform/drivers/src/edma/edma_driver.o
 .debug_ranges  0x000006e0       0x80 ./SDK/platform/drivers/src/edma/edma_hw_access.o
 .debug_ranges  0x00000760       0x98 ./SDK/platform/drivers/src/edma/edma_irq.o
 .debug_ranges  0x000007f8      0x318 ./SDK/platform/drivers/src/flexcan/flexcan_driver.o
 .debug_ranges  0x00000b10      0x178 ./SDK/platform/drivers/src/flexcan/flexcan_hw_access.o
 .debug_ranges  0x00000c88       0x70 ./SDK/platform/drivers/src/flexcan/flexcan_irq.o
 .debug_ranges  0x00000cf8       0x68 ./SDK/platform/drivers/src/interrupt/interrupt_manager.o
 .debug_ranges  0x00000d60      0x180 ./SDK/platform/drivers/src/pins/pins_driver.o
 .debug_ranges  0x00000ee0       0x40 ./SDK/platform/drivers/src/pins/pins_port_hw_access.o
 .debug_ranges  0x00000f20       0x30 ./SDK/rtos/FreeRTOS/Source/list.o
 .debug_ranges  0x00000f50      0x130 ./SDK/rtos/FreeRTOS/Source/queue.o
 .debug_ranges  0x00001080      0x208 ./SDK/rtos/FreeRTOS/Source/tasks.o
 .debug_ranges  0x00001288       0xd0 ./SDK/rtos/FreeRTOS/Source/timers.o
 .debug_ranges  0x00001358       0x70 ./SDK/rtos/FreeRTOS/Source/portable/GCC/ARM_CM4F/port.o
 .debug_ranges  0x000013c8       0x28 ./SDK/rtos/FreeRTOS/Source/portable/MemMang/heap_1.o
 .debug_ranges  0x000013f0       0x68 ./SDK/rtos/osif/osif_freertos.o
 .debug_ranges  0x00001458       0x10 ./src/main.o
 .debug_ranges  0x00001468       0x68 ./src/rtos.o

.debug_macro    0x00000000    0x22c87
 .debug_macro   0x00000000       0xb6 ./SDK/platform/devices/S32K144/startup/system_S32K144.o
 .debug_macro   0x000000b6      0x8da ./SDK/platform/devices/S32K144/startup/system_S32K144.o
 .debug_macro   0x00000990       0x10 ./SDK/platform/devices/S32K144/startup/system_S32K144.o
 .debug_macro   0x000009a0       0x79 ./SDK/platform/devices/S32K144/startup/system_S32K144.o
 .debug_macro   0x00000a19       0x19 ./SDK/platform/devices/S32K144/startup/system_S32K144.o
 .debug_macro   0x00000a32       0x22 ./SDK/platform/devices/S32K144/startup/system_S32K144.o
 .debug_macro   0x00000a54       0x4f ./SDK/platform/devices/S32K144/startup/system_S32K144.o
 .debug_macro   0x00000aa3       0x51 ./SDK/platform/devices/S32K144/startup/system_S32K144.o
 .debug_macro   0x00000af4       0xef ./SDK/platform/devices/S32K144/startup/system_S32K144.o
 .debug_macro   0x00000be3       0x6a ./SDK/platform/devices/S32K144/startup/system_S32K144.o
 .debug_macro   0x00000c4d      0x1df ./SDK/platform/devices/S32K144/startup/system_S32K144.o
 .debug_macro   0x00000e2c     0xee9e ./SDK/platform/devices/S32K144/startup/system_S32K144.o
 .debug_macro   0x0000fcca      0xbbd ./SDK/platform/devices/S32K144/startup/system_S32K144.o
 .debug_macro   0x00010887       0x22 ./SDK/platform/devices/S32K144/startup/system_S32K144.o
 .debug_macro   0x000108a9       0x28 ./SDK/platform/devices/S32K144/startup/system_S32K144.o
 .debug_macro   0x000108d1       0xb6 ./SDK/platform/devices/startup.o
 .debug_macro   0x00010987     0xeeb3 ./SDK/platform/devices/startup.o
 .debug_macro   0x0001f83a       0x40 ./SDK/platform/devices/startup.o
 .debug_macro   0x0001f87a      0x2b0 ./SDK/platform/drivers/src/clock/S32K1xx/clock_S32K1xx.o
 .debug_macro   0x0001fb2a      0x16d ./SDK/platform/drivers/src/clock/S32K1xx/clock_S32K1xx.o
 .debug_macro   0x0001fc97       0x16 ./SDK/platform/drivers/src/clock/S32K1xx/clock_S32K1xx.o
 .debug_macro   0x0001fcad       0x8a ./SDK/platform/drivers/src/clock/S32K1xx/clock_S32K1xx.o
 .debug_macro   0x0001fd37       0xf7 ./SDK/platform/drivers/src/edma/edma_driver.o
 .debug_macro   0x0001fe2e       0x10 ./SDK/platform/drivers/src/edma/edma_driver.o
 .debug_macro   0x0001fe3e       0x16 ./SDK/platform/drivers/src/edma/edma_driver.o
 .debug_macro   0x0001fe54       0xcc ./SDK/platform/drivers/src/edma/edma_hw_access.o
 .debug_macro   0x0001ff20       0xd0 ./SDK/platform/drivers/src/edma/edma_irq.o
 .debug_macro   0x0001fff0      0x228 ./SDK/platform/drivers/src/flexcan/flexcan_driver.o
 .debug_macro   0x00020218       0x4c ./SDK/platform/drivers/src/flexcan/flexcan_driver.o
 .debug_macro   0x00020264       0x55 ./SDK/platform/drivers/src/flexcan/flexcan_driver.o
 .debug_macro   0x000202b9       0x3c ./SDK/platform/drivers/src/flexcan/flexcan_driver.o
 .debug_macro   0x000202f5       0x9c ./SDK/platform/drivers/src/flexcan/flexcan_driver.o
 .debug_macro   0x00020391       0x16 ./SDK/platform/drivers/src/flexcan/flexcan_driver.o
 .debug_macro   0x000203a7       0x57 ./SDK/platform/drivers/src/flexcan/flexcan_driver.o
 .debug_macro   0x000203fe      0x1a8 ./SDK/platform/drivers/src/flexcan/flexcan_driver.o
 .debug_macro   0x000205a6      0x15a ./SDK/platform/drivers/src/flexcan/flexcan_driver.o
 .debug_macro   0x00020700       0xc9 ./SDK/platform/drivers/src/flexcan/flexcan_driver.o
 .debug_macro   0x000207c9       0x1c ./SDK/platform/drivers/src/flexcan/flexcan_driver.o
 .debug_macro   0x000207e5       0x26 ./SDK/platform/drivers/src/flexcan/flexcan_driver.o
 .debug_macro   0x0002080b      0x433 ./SDK/platform/drivers/src/flexcan/flexcan_driver.o
 .debug_macro   0x00020c3e       0xb5 ./SDK/platform/drivers/src/flexcan/flexcan_driver.o
 .debug_macro   0x00020cf3       0xaa ./SDK/platform/drivers/src/flexcan/flexcan_driver.o
 .debug_macro   0x00020d9d       0x80 ./SDK/platform/drivers/src/flexcan/flexcan_driver.o
 .debug_macro   0x00020e1d       0x7e ./SDK/platform/drivers/src/flexcan/flexcan_driver.o
 .debug_macro   0x00020e9b      0x184 ./SDK/platform/drivers/src/flexcan/flexcan_driver.o
 .debug_macro   0x0002101f      0x1fe ./SDK/platform/drivers/src/flexcan/flexcan_hw_access.o
 .debug_macro   0x0002121d       0xb7 ./SDK/platform/drivers/src/flexcan/flexcan_irq.o
 .debug_macro   0x000212d4       0xca ./SDK/platform/drivers/src/interrupt/interrupt_manager.o
 .debug_macro   0x0002139e       0xde ./SDK/platform/drivers/src/pins/pins_driver.o
 .debug_macro   0x0002147c       0xde ./SDK/platform/drivers/src/pins/pins_port_hw_access.o
 .debug_macro   0x0002155a      0x172 ./SDK/rtos/FreeRTOS/Source/list.o
 .debug_macro   0x000216cc      0x1e8 ./SDK/rtos/FreeRTOS/Source/queue.o
 .debug_macro   0x000218b4       0x16 ./SDK/rtos/FreeRTOS/Source/queue.o
 .debug_macro   0x000218ca       0x35 ./SDK/rtos/FreeRTOS/Source/queue.o
 .debug_macro   0x000218ff      0x2af ./SDK/rtos/FreeRTOS/Source/tasks.o
 .debug_macro   0x00021bae       0x10 ./SDK/rtos/FreeRTOS/Source/tasks.o
 .debug_macro   0x00021bbe       0x1c ./SDK/rtos/FreeRTOS/Source/tasks.o
 .debug_macro   0x00021bda       0x10 ./SDK/rtos/FreeRTOS/Source/tasks.o
 .debug_macro   0x00021bea       0x10 ./SDK/rtos/FreeRTOS/Source/tasks.o
 .debug_macro   0x00021bfa       0xb6 ./SDK/rtos/FreeRTOS/Source/tasks.o
 .debug_macro   0x00021cb0       0x16 ./SDK/rtos/FreeRTOS/Source/tasks.o
 .debug_macro   0x00021cc6      0x130 ./SDK/rtos/FreeRTOS/Source/tasks.o
 .debug_macro   0x00021df6      0x1c7 ./SDK/rtos/FreeRTOS/Source/timers.o
 .debug_macro   0x00021fbd       0x97 ./SDK/rtos/FreeRTOS/Source/timers.o
 .debug_macro   0x00022054      0x196 ./SDK/rtos/FreeRTOS/Source/portable/GCC/ARM_CM4F/port.o
 .debug_macro   0x000221ea      0x193 ./SDK/rtos/FreeRTOS/Source/portable/MemMang/heap_1.o
 .debug_macro   0x0002237d      0x15f ./SDK/rtos/osif/osif_freertos.o
 .debug_macro   0x000224dc       0xd9 ./board/clock_config.o
 .debug_macro   0x000225b5       0x16 ./board/clock_config.o
 .debug_macro   0x000225cb      0x17f ./board/peripherals_flexcan_config_1.o
 .debug_macro   0x0002274a       0xda ./board/pin_mux.o
 .debug_macro   0x00022824      0x1cd ./src/main.o
 .debug_macro   0x000229f1      0x24a ./src/rtos.o
 .debug_macro   0x00022c3b       0x4c ./src/rtos.o

.comment        0x00000000       0xa0
 .comment       0x00000000       0xa0 ./SDK/platform/devices/S32K144/startup/system_S32K144.o
                                 0xa1 (size before relaxing)
 .comment       0x000000a0       0xa1 ./SDK/platform/devices/startup.o
 .comment       0x000000a0       0xa1 ./SDK/platform/drivers/src/clock/S32K1xx/clock_S32K1xx.o
 .comment       0x000000a0       0xa1 ./SDK/platform/drivers/src/edma/edma_driver.o