Archive member included to satisfy reference by file (symbol)

C:/NXP/S32DS.3.4/S32DS/build_tools/gcc_b1620/gcc-6.3-arm32-eabi/arm-none-eabi/newlib/lib/thumb/v7e-m\libc.a(lib_a-exit.o)
                              C:/NXP/S32DS.3.4/S32DS/build_tools/gcc_b1620/gcc-6.3-arm32-eabi/arm-none-eabi/newlib/lib/thumb/v7e-m/crt0.o (exit)
C:/NXP/S32DS.3.4/S32DS/build_tools/gcc_b1620/gcc-6.3-arm32-eabi/arm-none-eabi/newlib/lib/thumb/v7e-m\libc.a(lib_a-impure.o)
                              C:/NXP/S32DS.3.4/S32DS/build_tools/gcc_b1620/gcc-6.3-arm32-eabi/arm-none-eabi/newlib/lib/thumb/v7e-m\libc.a(lib_a-exit.o) (_global_impure_ptr)
C:/NXP/S32DS.3.4/S32DS/build_tools/gcc_b1620/gcc-6.3-arm32-eabi/arm-none-eabi/newlib/lib/thumb/v7e-m\libc.a(lib_a-init.o)
                              C:/NXP/S32DS.3.4/S32DS/build_tools/gcc_b1620/gcc-6.3-arm32-eabi/arm-none-eabi/newlib/lib/thumb/v7e-m/crt0.o (__libc_init_array)
C:/NXP/S32DS.3.4/S32DS/build_tools/gcc_b1620/gcc-6.3-arm32-eabi/arm-none-eabi/newlib/lib/thumb/v7e-m\libc.a(lib_a-memset.o)
                              C:/NXP/S32DS.3.4/S32DS/build_tools/gcc_b1620/gcc-6.3-arm32-eabi/arm-none-eabi/newlib/lib/thumb/v7e-m/crt0.o (memset)
C:/NXP/S32DS.3.4/S32DS/build_tools/gcc_b1620/gcc-6.3-arm32-eabi/arm-none-eabi/newlib/lib/thumb/v7e-m\libc.a(lib_a-__call_atexit.o)
                              C:/NXP/S32DS.3.4/S32DS/build_tools/gcc_b1620/gcc-6.3-arm32-eabi/arm-none-eabi/newlib/lib/thumb/v7e-m\libc.a(lib_a-exit.o) (__call_exitprocs)
C:/NXP/S32DS.3.4/S32DS/build_tools/gcc_b1620/gcc-6.3-arm32-eabi/arm-none-eabi/newlib/lib/thumb/v7e-m\libc.a(lib_a-fini.o)
                              C:/NXP/S32DS.3.4/S32DS/build_tools/gcc_b1620/gcc-6.3-arm32-eabi/arm-none-eabi/newlib/lib/thumb/v7e-m\libc.a(lib_a-__call_atexit.o) (__libc_fini_array)
C:/NXP/S32DS.3.4/S32DS/build_tools/gcc_b1620/gcc-6.3-arm32-eabi/arm-none-eabi/newlib/lib/thumb/v7e-m\libc.a(lib_a-atexit.o)
                              C:/NXP/S32DS.3.4/S32DS/build_tools/gcc_b1620/gcc-6.3-arm32-eabi/arm-none-eabi/newlib/lib/thumb/v7e-m\libc.a(lib_a-__call_atexit.o) (atexit)
C:/NXP/S32DS.3.4/S32DS/build_tools/gcc_b1620/gcc-6.3-arm32-eabi/arm-none-eabi/newlib/lib/thumb/v7e-m\libc.a(lib_a-__atexit.o)
                              C:/NXP/S32DS.3.4/S32DS/build_tools/gcc_b1620/gcc-6.3-arm32-eabi/arm-none-eabi/newlib/lib/thumb/v7e-m\libc.a(lib_a-atexit.o) (__register_exitproc)
C:/NXP/S32DS.3.4/S32DS/build_tools/gcc_b1620/gcc-6.3-arm32-eabi/arm-none-eabi/newlib/lib/thumb/v7e-m\libnosys.a(_exit.o)
                              C:/NXP/S32DS.3.4/S32DS/build_tools/gcc_b1620/gcc-6.3-arm32-eabi/arm-none-eabi/newlib/lib/thumb/v7e-m\libc.a(lib_a-exit.o) (_exit)

Discarded input sections

 .text          0x00000000        0x0 c:/nxp/s32ds.3.4/s32ds/build_tools/gcc_v6.3/gcc-6.3-arm32-eabi/bin/../lib/gcc/arm-none-eabi/6.3.1/thumb/v7e-m/crti.o
 .data          0x00000000        0x0 c:/nxp/s32ds.3.4/s32ds/build_tools/gcc_v6.3/gcc-6.3-arm32-eabi/bin/../lib/gcc/arm-none-eabi/6.3.1/thumb/v7e-m/crti.o
 .bss           0x00000000        0x0 c:/nxp/s32ds.3.4/s32ds/build_tools/gcc_v6.3/gcc-6.3-arm32-eabi/bin/../lib/gcc/arm-none-eabi/6.3.1/thumb/v7e-m/crti.o
 .text          0x00000000       0xa4 c:/nxp/s32ds.3.4/s32ds/build_tools/gcc_v6.3/gcc-6.3-arm32-eabi/bin/../lib/gcc/arm-none-eabi/6.3.1/thumb/v7e-m/crtbegin.o
 .data          0x00000000        0x4 c:/nxp/s32ds.3.4/s32ds/build_tools/gcc_v6.3/gcc-6.3-arm32-eabi/bin/../lib/gcc/arm-none-eabi/6.3.1/thumb/v7e-m/crtbegin.o
 .bss           0x00000000       0x1c c:/nxp/s32ds.3.4/s32ds/build_tools/gcc_v6.3/gcc-6.3-arm32-eabi/bin/../lib/gcc/arm-none-eabi/6.3.1/thumb/v7e-m/crtbegin.o
 .init_array    0x00000000        0x4 c:/nxp/s32ds.3.4/s32ds/build_tools/gcc_v6.3/gcc-6.3-arm32-eabi/bin/../lib/gcc/arm-none-eabi/6.3.1/thumb/v7e-m/crtbegin.o
 .fini_array    0x00000000        0x4 c:/nxp/s32ds.3.4/s32ds/build_tools/gcc_v6.3/gcc-6.3-arm32-eabi/bin/../lib/gcc/arm-none-eabi/6.3.1/thumb/v7e-m/crtbegin.o
 .eh_frame      0x00000000        0x0 c:/nxp/s32ds.3.4/s32ds/build_tools/gcc_v6.3/gcc-6.3-arm32-eabi/bin/../lib/gcc/arm-none-eabi/6.3.1/thumb/v7e-m/crtbegin.o
 .jcr           0x00000000        0x0 c:/nxp/s32ds.3.4/s32ds/build_tools/gcc_v6.3/gcc-6.3-arm32-eabi/bin/../lib/gcc/arm-none-eabi/6.3.1/thumb/v7e-m/crtbegin.o
 .tm_clone_table
                0x00000000        0x0 c:/nxp/s32ds.3.4/s32ds/build_tools/gcc_v6.3/gcc-6.3-arm32-eabi/bin/../lib/gcc/arm-none-eabi/6.3.1/thumb/v7e-m/crtbegin.o
 .comment       0x00000000       0xa1 c:/nxp/s32ds.3.4/s32ds/build_tools/gcc_v6.3/gcc-6.3-arm32-eabi/bin/../lib/gcc/arm-none-eabi/6.3.1/thumb/v7e-m/crtbegin.o
 .ARM.attributes
                0x00000000       0x2e c:/nxp/s32ds.3.4/s32ds/build_tools/gcc_v6.3/gcc-6.3-arm32-eabi/bin/../lib/gcc/arm-none-eabi/6.3.1/thumb/v7e-m/crtbegin.o
 .text          0x00000000       0x7c C:/NXP/S32DS.3.4/S32DS/build_tools/gcc_b1620/gcc-6.3-arm32-eabi/arm-none-eabi/newlib/lib/thumb/v7e-m/crt0.o
[...]
Memory Configuration

Name             Origin             Length             Attributes
m_interrupts     0x1fff8000         0x00000400         xr
m_text           0x1fff8400         0x00007c00         xr
m_data           0x20000000         0x00007000         rw
*default*        0x00000000         0xffffffff

Linker script and memory map

LOAD c:/nxp/s32ds.3.4/s32ds/build_tools/gcc_v6.3/gcc-6.3-arm32-eabi/bin/../lib/gcc/arm-none-eabi/6.3.1/thumb/v7e-m/crti.o
LOAD c:/nxp/s32ds.3.4/s32ds/build_tools/gcc_v6.3/gcc-6.3-arm32-eabi/bin/../lib/gcc/arm-none-eabi/6.3.1/thumb/v7e-m/crtbegin.o
LOAD C:/NXP/S32DS.3.4/S32DS/build_tools/gcc_b1620/gcc-6.3-arm32-eabi/arm-none-eabi/newlib/lib/thumb/v7e-m/crt0.o
LOAD ./Project_Settings/Startup_Code/startup_S32K144.o
LOAD ./SDK/platform/devices/S32K144/startup/system_S32K144.o
LOAD ./SDK/platform/devices/startup.o
LOAD ./SDK/platform/drivers/src/clock/S32K1xx/clock_S32K1xx.o
LOAD ./SDK/platform/drivers/src/ftm/ftm_common.o
LOAD ./SDK/platform/drivers/src/ftm/ftm_hw_access.o
LOAD ./SDK/platform/drivers/src/ftm/ftm_pwm_driver.o
LOAD ./SDK/platform/drivers/src/interrupt/interrupt_manager.o
LOAD ./SDK/platform/drivers/src/pins/pins_driver.o
LOAD ./SDK/platform/drivers/src/pins/pins_port_hw_access.o
LOAD ./SDK/platform/pal/src/pwm/pwm_pal.o
LOAD ./board/clock_config.o
LOAD ./board/peripherals_pwm_pal_1.o
LOAD ./board/pin_mux.o
LOAD ./src/main.o
START GROUP
LOAD c:/nxp/s32ds.3.4/s32ds/build_tools/gcc_v6.3/gcc-6.3-arm32-eabi/bin/../lib/gcc/arm-none-eabi/6.3.1/thumb/v7e-m\libgcc.a
LOAD C:/NXP/S32DS.3.4/S32DS/build_tools/gcc_b1620/gcc-6.3-arm32-eabi/arm-none-eabi/newlib/lib/thumb/v7e-m\libc.a
END GROUP
START GROUP
LOAD c:/nxp/s32ds.3.4/s32ds/build_tools/gcc_v6.3/gcc-6.3-arm32-eabi/bin/../lib/gcc/arm-none-eabi/6.3.1/thumb/v7e-m\libgcc.a
LOAD C:/NXP/S32DS.3.4/S32DS/build_tools/gcc_b1620/gcc-6.3-arm32-eabi/arm-none-eabi/newlib/lib/thumb/v7e-m\libc.a
LOAD C:/NXP/S32DS.3.4/S32DS/build_tools/gcc_b1620/gcc-6.3-arm32-eabi/arm-none-eabi/newlib/lib/thumb/v7e-m\libnosys.a
END GROUP
LOAD c:/nxp/s32ds.3.4/s32ds/build_tools/gcc_v6.3/gcc-6.3-arm32-eabi/bin/../lib/gcc/arm-none-eabi/6.3.1/thumb/v7e-m/crtend.o
LOAD c:/nxp/s32ds.3.4/s32ds/build_tools/gcc_v6.3/gcc-6.3-arm32-eabi/bin/../lib/gcc/arm-none-eabi/6.3.1/thumb/v7e-m/crtn.o
                0x00000400                HEAP_SIZE = DEFINED (__heap_size__)?__heap_size__:0x400
                0x00000400                STACK_SIZE = DEFINED (__stack_size__)?__stack_size__:0x400

.interrupts     0x1fff8000      0x400
                0x1fff8000                __VECTOR_TABLE = .
                0x1fff8000                __interrupts_start__ = .
                0x1fff8000                . = ALIGN (0x4)
 *(.isr_vector)
 .isr_vector    0x1fff8000      0x400 ./Project_Settings/Startup_Code/startup_S32K144.o
                0x1fff8000                __isr_vector
                0x1fff8400                __interrupts_end__ = .
                0x1fff8400                . = ALIGN (0x4)
                0x1fff8000                __VECTOR_RAM = __VECTOR_TABLE
                0x00000000                __RAM_VECTOR_TABLE_SIZE = 0x0

.text           0x1fff8400     0x2b3c
                0x1fff8400                . = ALIGN (0x4)
 *(.text)
 .text          0x1fff8400       0x4c ./Project_Settings/Startup_Code/startup_S32K144.o
                0x1fff8400                Reset_Handler
                0x1fff8448                DebugMon_Handler
                0x1fff8448                Reserved88_IRQHandler
                0x1fff8448                CAN0_ORed_IRQHandler
                0x1fff8448                HardFault_Handler
                0x1fff8448                Reserved86_IRQHandler
                0x1fff8448                Reserved103_IRQHandler
                0x1fff8448                SysTick_Handler
                0x1fff8448                FTM2_Ovf_Reload_IRQHandler
                0x1fff8448                Reserved50_IRQHandler
                0x1fff8448                FTFC_Fault_IRQHandler
                0x1fff8448                FTM0_Ch6_Ch7_IRQHandler
                0x1fff8448                Reserved114_IRQHandler
                0x1fff8448                PendSV_Handler
                0x1fff8448                NMI_Handler
                0x1fff8448                Reserved89_IRQHandler
                0x1fff8448                ERM_double_fault_IRQHandler
                0x1fff8448                DMA2_IRQHandler
                0x1fff8448                Reserved59_IRQHandler
                0x1fff8448                LPIT0_Ch0_IRQHandler
                0x1fff8448                Reserved99_IRQHandler
                0x1fff8448                FTM3_Ch6_Ch7_IRQHandler
                0x1fff8448                CAN2_ORed_0_15_MB_IRQHandler
                0x1fff8448                LPIT0_Ch3_IRQHandler
                0x1fff8448                Reserved92_IRQHandler
                0x1fff8448                FTM0_Ch4_Ch5_IRQHandler
                0x1fff8448                CAN1_Error_IRQHandler
                0x1fff8448                FTM3_Ch0_Ch1_IRQHandler
                0x1fff8448                SWI_IRQHandler
                0x1fff8448                ADC0_IRQHandler
                0x1fff8448                FTM2_Ch4_Ch5_IRQHandler
                0x1fff8448                UsageFault_Handler
                0x1fff8448                FTM0_Ovf_Reload_IRQHandler
                0x1fff8448                DefaultISR
                0x1fff8448                DMA9_IRQHandler
                0x1fff8448                Reserved58_IRQHandler
                0x1fff8448                CAN1_ORed_0_15_MB_IRQHandler
                0x1fff8448                FTM1_Ch2_Ch3_IRQHandler
                0x1fff8448                DMA14_IRQHandler
                0x1fff8448                Reserved82_IRQHandler
                0x1fff8448                CAN0_ORed_16_31_MB_IRQHandler
                0x1fff8448                LPI2C0_Slave_IRQHandler
                0x1fff8448                Reserved71_IRQHandler
                0x1fff8448                PORTD_IRQHandler
                0x1fff8448                Reserved69_IRQHandler
                0x1fff8448                PORTB_IRQHandler
                0x1fff8448                Reserved70_IRQHandler
                0x1fff8448                ADC1_IRQHandler
                0x1fff8448                FTM2_Ch2_Ch3_IRQHandler
                0x1fff8448                Reserved53_IRQHandler
                0x1fff8448                DMA5_IRQHandler
                0x1fff8448                RTC_IRQHandler
                0x1fff8448                PDB0_IRQHandler
                0x1fff8448                Reserved54_IRQHandler
                0x1fff8448                FTM2_Ch6_Ch7_IRQHandler
                0x1fff8448                FTM3_Ch2_Ch3_IRQHandler
                0x1fff8448                FTM2_Ch0_Ch1_IRQHandler
                0x1fff8448                LPSPI1_IRQHandler
                0x1fff8448                LPUART1_RxTx_IRQHandler
                0x1fff8448                RTC_Seconds_IRQHandler
                0x1fff8448                CAN2_ORed_IRQHandler
                0x1fff8448                Reserved72_IRQHandler
                0x1fff8448                Reserved110_IRQHandler
                0x1fff8448                DMA11_IRQHandler
                0x1fff8448                Reserved107_IRQHandler
                0x1fff8448                Read_Collision_IRQHandler
                0x1fff8448                CAN2_Error_IRQHandler
                0x1fff8448                FTFC_IRQHandler
                0x1fff8448                DMA7_IRQHandler
                0x1fff8448                FTM1_Ch6_Ch7_IRQHandler
                0x1fff8448                Reserved105_IRQHandler
                0x1fff8448                LPIT0_Ch1_IRQHandler
                0x1fff8448                FTM1_Ch4_Ch5_IRQHandler
                0x1fff8448                FTM3_Ovf_Reload_IRQHandler
                0x1fff8448                LPUART2_RxTx_IRQHandler
                0x1fff8448                LPSPI0_IRQHandler
                0x1fff8448                WDOG_EWM_IRQHandler
                0x1fff8448                MemManage_Handler
                0x1fff8448                Reserved90_IRQHandler
                0x1fff8448                Reserved83_IRQHandler
                0x1fff8448                FTM0_Fault_IRQHandler
                0x1fff8448                Reserved48_IRQHandler
                0x1fff8448                SVC_Handler
                0x1fff8448                ERM_single_fault_IRQHandler
                0x1fff8448                FTM2_Fault_IRQHandler
                0x1fff8448                FTM0_Ch2_Ch3_IRQHandler
                0x1fff8448                DMA13_IRQHandler
                0x1fff8448                FTM0_Ch0_Ch1_IRQHandler
                0x1fff8448                FTM3_Fault_IRQHandler
                0x1fff8448                RCM_IRQHandler
                0x1fff8448                DMA3_IRQHandler
                0x1fff8448                Reserved100_IRQHandler
                0x1fff8448                DMA0_IRQHandler
                0x1fff8448                Reserved91_IRQHandler
                0x1fff8448                CAN1_ORed_IRQHandler
                0x1fff8448                DMA15_IRQHandler
                0x1fff8448                SCG_IRQHandler
                0x1fff8448                PDB1_IRQHandler
                0x1fff8448                Reserved81_IRQHandler
                0x1fff8448                Reserved46_IRQHandler
                0x1fff8448                Reserved45_IRQHandler
                0x1fff8448                CAN0_Error_IRQHandler
                0x1fff8448                Reserved112_IRQHandler
                0x1fff8448                LPI2C0_Master_IRQHandler
                0x1fff8448                DMA4_IRQHandler
                0x1fff8448                FTM1_Fault_IRQHandler
                0x1fff8448                Reserved106_IRQHandler
                0x1fff8448                DMA_Error_IRQHandler
                0x1fff8448                LVD_LVW_IRQHandler
                0x1fff8448                LPIT0_Ch2_IRQHandler
                0x1fff8448                PORTA_IRQHandler
                0x1fff8448                MCM_IRQHandler
                0x1fff8448                LPSPI2_IRQHandler
                0x1fff8448                DMA12_IRQHandler
                0x1fff8448                FTM3_Ch4_Ch5_IRQHandler
                0x1fff8448                CAN0_ORed_0_15_MB_IRQHandler
                0x1fff8448                PORTE_IRQHandler
                0x1fff8448                LPUART0_RxTx_IRQHandler
                0x1fff8448                LPTMR0_IRQHandler
                0x1fff8448                BusFault_Handler
                0x1fff8448                Reserved87_IRQHandler
                0x1fff8448                FTM1_Ovf_Reload_IRQHandler
                0x1fff8448                DMA8_IRQHandler
                0x1fff8448                Reserved93_IRQHandler
                0x1fff8448                DMA10_IRQHandler
                0x1fff8448                CAN0_Wake_Up_IRQHandler
                0x1fff8448                CMP0_IRQHandler
                0x1fff8448                Reserved52_IRQHandler
                0x1fff8448                PORTC_IRQHandler
                0x1fff8448                DMA6_IRQHandler
                0x1fff8448                FTM1_Ch0_Ch1_IRQHandler
                0x1fff8448                FLEXIO_IRQHandler
                0x1fff8448                DMA1_IRQHandler
                0x1fff8448                Reserved113_IRQHandler
 *(.text*)
 .text.SystemInit
                0x1fff844c       0x20 ./SDK/platform/devices/S32K144/startup/system_S32K144.o
                0x1fff844c                SystemInit
 .text.init_data_bss
                0x1fff846c       0xd4 ./SDK/platform/devices/startup.o
                0x1fff846c                init_data_bss
 .text.CLOCK_SYS_GetCurrentRunMode
                0x1fff8540       0x24 ./SDK/platform/drivers/src/clock/S32K1xx/clock_S32K1xx.o
 .text.CLOCK_SYS_GetSysOscFreq
                0x1fff8564       0x1c ./SDK/platform/drivers/src/clock/S32K1xx/clock_S32K1xx.o
 .text.CLOCK_SYS_ConfigureSOSC
                0x1fff8580      0x12c ./SDK/platform/drivers/src/clock/S32K1xx/clock_S32K1xx.o
 .text.CLOCK_SYS_GetSircFreq
                0x1fff86ac       0x2c ./SDK/platform/drivers/src/clock/S32K1xx/clock_S32K1xx.o
 .text.CLOCK_SYS_ConfigureSIRC
                0x1fff86d8       0xc4 ./SDK/platform/drivers/src/clock/S32K1xx/clock_S32K1xx.o
 .text.CLOCK_SYS_GetFircFreq
                0x1fff879c       0x20 ./SDK/platform/drivers/src/clock/S32K1xx/clock_S32K1xx.o
 .text.CLOCK_SYS_ConfigureFIRC
                0x1fff87bc       0xb4 ./SDK/platform/drivers/src/clock/S32K1xx/clock_S32K1xx.o
 .text.CLOCK_SYS_GetSysPllFreq
                0x1fff8870       0x44 ./SDK/platform/drivers/src/clock/S32K1xx/clock_S32K1xx.o
 .text.CLOCK_SYS_ConfigureSPLL
                0x1fff88b4      0x13c ./SDK/platform/drivers/src/clock/S32K1xx/clock_S32K1xx.o
 .text.CLOCK_SYS_SetSystemClockConfig
                0x1fff89f0      0x208 ./SDK/platform/drivers/src/clock/S32K1xx/clock_S32K1xx.o
 .text.CLOCK_SYS_TransitionSystemClock
                0x1fff8bf8       0x54 ./SDK/platform/drivers/src/clock/S32K1xx/clock_S32K1xx.o
 .text.CLOCK_SYS_GetSystemClockFreq
                0x1fff8c4c       0x80 ./SDK/platform/drivers/src/clock/S32K1xx/clock_S32K1xx.o
 .text.CLOCK_SYS_GetScgClkOutFreq
                0x1fff8ccc       0x48 ./SDK/platform/drivers/src/clock/S32K1xx/clock_S32K1xx.o
 .text.CLOCK_SYS_GetSysAsyncFreq
                0x1fff8d14       0xc8 ./SDK/platform/drivers/src/clock/S32K1xx/clock_S32K1xx.o
 .text.CLOCK_SYS_GetSimRtcClkFreq
                0x1fff8ddc       0x50 ./SDK/platform/drivers/src/clock/S32K1xx/clock_S32K1xx.o
 .text.CLOCK_SYS_GetLpoFreq
                0x1fff8e2c       0x54 ./SDK/platform/drivers/src/clock/S32K1xx/clock_S32K1xx.o
 .text.CLOCK_SYS_GetSimClkOutFreq
                0x1fff8e80       0xac ./SDK/platform/drivers/src/clock/S32K1xx/clock_S32K1xx.o
 .text.CLOCK_SYS_GetSimClockFreq
                0x1fff8f2c      0x1b0 ./SDK/platform/drivers/src/clock/S32K1xx/clock_S32K1xx.o
 .text.CLOCK_SYS_GetPeripheralClock
                0x1fff90dc       0xcc ./SDK/platform/drivers/src/clock/S32K1xx/clock_S32K1xx.o
 .text.CLOCK_DRV_Init
                0x1fff91a8      0x60c ./SDK/platform/drivers/src/clock/S32K1xx/clock_S32K1xx.o
                0x1fff91a8                CLOCK_DRV_Init
 .text.CLOCK_DRV_GetFreq
                0x1fff97b4      0x20c ./SDK/platform/drivers/src/clock/S32K1xx/clock_S32K1xx.o
                0x1fff97b4                CLOCK_DRV_GetFreq
 .text.CLOCK_SYS_GetFreq
                0x1fff99c0        0x8 ./SDK/platform/drivers/src/clock/S32K1xx/clock_S32K1xx.o
                0x1fff99c0                CLOCK_SYS_GetFreq
 .text.FTM_DRV_SetSync
                0x1fff99c8      0x1c8 ./SDK/platform/drivers/src/ftm/ftm_common.o
                0x1fff99c8                FTM_DRV_SetSync
 .text.FTM_DRV_GetFrequency
                0x1fff9b90       0x7c ./SDK/platform/drivers/src/ftm/ftm_common.o
                0x1fff9b90                FTM_DRV_GetFrequency
 .text.FTM_DRV_Init
                0x1fff9c0c      0x108 ./SDK/platform/drivers/src/ftm/ftm_common.o
                0x1fff9c0c                FTM_DRV_Init
 .text.FTM_DRV_ConvertFreqToPeriodTicks
                0x1fff9d14       0x24 ./SDK/platform/drivers/src/ftm/ftm_common.o
                0x1fff9d14                FTM_DRV_ConvertFreqToPeriodTicks
 .text.FTM_DRV_InitModule
                0x1fff9d38       0x18 ./SDK/platform/drivers/src/ftm/ftm_hw_access.o
                0x1fff9d38                FTM_DRV_InitModule
 .text.FTM_DRV_Reset
                0x1fff9d50       0x64 ./SDK/platform/drivers/src/ftm/ftm_hw_access.o
                0x1fff9d50                FTM_DRV_Reset
 .text.FTM_DRV_SetChnTriggerCmd
                0x1fff9db4       0x36 ./SDK/platform/drivers/src/ftm/ftm_hw_access.o
                0x1fff9db4                FTM_DRV_SetChnTriggerCmd
 *fill*         0x1fff9dea        0x2 
 .text.FTM_DRV_UpdatePwmChannel
                0x1fff9dec      0x184 ./SDK/platform/drivers/src/ftm/ftm_pwm_driver.o
                0x1fff9dec                FTM_DRV_UpdatePwmChannel
 .text.FTM_DRV_InitPwm
                0x1fff9f70      0x838 ./SDK/platform/drivers/src/ftm/ftm_pwm_driver.o
                0x1fff9f70                FTM_DRV_InitPwm
 .text.INT_SYS_EnableIRQ
                0x1fffa7a8       0x28 ./SDK/platform/drivers/src/interrupt/interrupt_manager.o
                0x1fffa7a8                INT_SYS_EnableIRQ
 .text.INT_SYS_DisableIRQ
                0x1fffa7d0       0x2c ./SDK/platform/drivers/src/interrupt/interrupt_manager.o
                0x1fffa7d0                INT_SYS_DisableIRQ
 .text.PINS_DRV_Init
                0x1fffa7fc       0x20 ./SDK/platform/drivers/src/pins/pins_driver.o
                0x1fffa7fc                PINS_DRV_Init
 .text.PINS_GetAdcInterleaveVal
                0x1fffa81c       0x6c ./SDK/platform/drivers/src/pins/pins_port_hw_access.o
 .text.PINS_Init
                0x1fffa888      0x138 ./SDK/platform/drivers/src/pins/pins_port_hw_access.o
                0x1fffa888                PINS_Init
 .text.PWM_Init
                0x1fffa9c0      0x278 ./SDK/platform/pal/src/pwm/pwm_pal.o
                0x1fffa9c0                PWM_Init
 .text.PWM_UpdateDuty
                0x1fffac38       0x5c ./SDK/platform/pal/src/pwm/pwm_pal.o
                0x1fffac38                PWM_UpdateDuty
 .text.delay    0x1fffac94       0x12 ./src/main.o
                0x1fffac94                delay
 *fill*         0x1fffaca6        0x2 
 .text.main     0x1fffaca8       0x88 ./src/main.o
                0x1fffaca8                main
 *(.rodata)
 *(.rodata*)
 .rodata.clockNameMappings
                0x1fffad30       0x9e ./SDK/platform/drivers/src/clock/S32K1xx/clock_S32K1xx.o
                0x1fffad30                clockNameMappings
 *fill*         0x1fffadce        0x2 
 .rodata.maxSysClksInHSRUN.6388
                0x1fffadd0       0x54 ./SDK/platform/drivers/src/clock/S32K1xx/clock_S32K1xx.o
 .rodata.maxSysClksInRUN.6387
                0x1fffae24       0x54 ./SDK/platform/drivers/src/clock/S32K1xx/clock_S32K1xx.o
 .rodata.maxSysClksInVLPR.6386
                0x1fffae78       0x54 ./SDK/platform/drivers/src/clock/S32K1xx/clock_S32K1xx.o
 .rodata.peripheralFeaturesList
                0x1fffaecc       0x4f ./SDK/platform/drivers/src/clock/S32K1xx/clock_S32K1xx.o
                0x1fffaecc                peripheralFeaturesList
 *fill*         0x1fffaf1b        0x1 
 .rodata.g_ftmBase
                0x1fffaf1c       0x10 ./SDK/platform/drivers/src/ftm/ftm_common.o
                0x1fffaf1c                g_ftmBase
 .rodata.g_ftmExtClockSel
                0x1fffaf2c        0x4 ./SDK/platform/drivers/src/ftm/ftm_common.o
 .rodata.g_ftmOverflowIrqId
                0x1fffaf30        0x4 ./SDK/platform/drivers/src/ftm/ftm_common.o
                0x1fffaf30                g_ftmOverflowIrqId
 *(.init)
 .init          0x1fffaf34        0x4 c:/nxp/s32ds.3.4/s32ds/build_tools/gcc_v6.3/gcc-6.3-arm32-eabi/bin/../lib/gcc/arm-none-eabi/6.3.1/thumb/v7e-m/crti.o
                0x1fffaf34                _init
 *(.fini)
 .fini          0x1fffaf38        0x4 c:/nxp/s32ds.3.4/s32ds/build_tools/gcc_v6.3/gcc-6.3-arm32-eabi/bin/../lib/gcc/arm-none-eabi/6.3.1/thumb/v7e-m/crti.o
                0x1fffaf38                _fini
 *(.eh_frame)
                0x1fffaf3c                . = ALIGN (0x4)

.glue_7         0x1fffaf3c        0x0
 .glue_7        0x1fffaf3c        0x0 linker stubs

.glue_7t        0x1fffaf3c        0x0
 .glue_7t       0x1fffaf3c        0x0 linker stubs

.vfp11_veneer   0x1fffaf3c        0x0
 .vfp11_veneer  0x1fffaf3c        0x0 linker stubs

.v4_bx          0x1fffaf3c        0x0
 .v4_bx         0x1fffaf3c        0x0 linker stubs

.iplt           0x1fffaf3c        0x0
 .iplt          0x1fffaf3c        0x0 c:/nxp/s32ds.3.4/s32ds/build_tools/gcc_v6.3/gcc-6.3-arm32-eabi/bin/../lib/gcc/arm-none-eabi/6.3.1/thumb/v7e-m/crtbegin.o

.rel.dyn        0x1fffaf3c        0x0
 .rel.iplt      0x1fffaf3c        0x0 c:/nxp/s32ds.3.4/s32ds/build_tools/gcc_v6.3/gcc-6.3-arm32-eabi/bin/../lib/gcc/arm-none-eabi/6.3.1/thumb/v7e-m/crtbegin.o

.ARM            0x1fffaf3c        0x0
                0x1fffaf3c                __exidx_start = .
 *(.ARM.exidx*)
                0x1fffaf3c                __exidx_end = .

.code_ram       0x1fffaf3c        0x0
                0x1fffaf3c                . = ALIGN (0x4)
                0x1fffaf3c                __CODE_RAM = .
                0x1fffaf3c                __code_ram_start__ = .
 *(.code_ram)
                0x1fffaf3c                __CODE_ROM = .
                0x1fffaf3c                __CODE_END = .
                0x1fffaf3c                __code_ram_end__ = .
                0x1fffaf3c                . = ALIGN (0x4)
                0x1fffaf3c                __etext = .
                0x1fffaf3c                __DATA_ROM = .
                0x1fffaf3c                __DATA_END = __DATA_ROM

.customSectionBlock
                0x20000000        0x0
                0x20000000                __customSection_start__ = .
 *(.customSection)
                0x20000000                __customSection_end__ = .
                0x20000000                __CUSTOM_ROM = .
                0x20000000                __CUSTOM_END = .

.data           0x20000000      0x204
                0x20000000                . = ALIGN (0x4)
                0x20000000                __DATA_RAM = .
                0x20000000                __data_start__ = .
 *(.data)
 *(.data*)
 .data.peripheralClockConfig.6115
                0x20000000       0xa0 ./SDK/platform/drivers/src/clock/S32K1xx/clock_S32K1xx.o
 .data.clockMan1_InitConfig0
                0x200000a0       0x88 ./board/clock_config.o
                0x200000a0                clockMan1_InitConfig0
 .data.peripheralClockConfig0
                0x20000128       0xa0 ./board/clock_config.o
                0x20000128                peripheralClockConfig0
 .data.pwm_pal_1_channels
                0x200001c8       0x18 ./board/peripherals_pwm_pal_1.o
                0x200001c8                pwm_pal_1_channels
 .data.pwm_pal_1_configs
                0x200001e0        0x8 ./board/peripherals_pwm_pal_1.o
                0x200001e0                pwm_pal_1_configs
 .data.pwm_pal_1_timebase0
                0x200001e8        0x3 ./board/peripherals_pwm_pal_1.o
                0x200001e8                pwm_pal_1_timebase0
 *fill*         0x200001eb        0x1 
 .data.g_pin_mux_InitConfigArr0
                0x200001ec       0x18 ./board/pin_mux.o
                0x200001ec                g_pin_mux_InitConfigArr0
                0x20000204                . = ALIGN (0x4)
                0x20000204                __data_end__ = .

.igot.plt       0x20000204        0x0
 .igot.plt      0x20000204        0x0 c:/nxp/s32ds.3.4/s32ds/build_tools/gcc_v6.3/gcc-6.3-arm32-eabi/bin/../lib/gcc/arm-none-eabi/6.3.1/thumb/v7e-m/crtbegin.o

.bss            0x20000204       0xb8
                0x20000204                . = ALIGN (0x4)
                0x20000204                __BSS_START = .
                0x20000204                __bss_start__ = .
 *(.bss)
 *(.bss*)
 .bss.g_RtcClkInFreq
                0x20000204        0x4 ./SDK/platform/drivers/src/clock/S32K1xx/clock_S32K1xx.o
                0x20000204                g_RtcClkInFreq
 .bss.g_TClkFreq
                0x20000208        0xc ./SDK/platform/drivers/src/clock/S32K1xx/clock_S32K1xx.o
                0x20000208                g_TClkFreq
 .bss.g_xtal0ClkFreq
                0x20000214        0x4 ./SDK/platform/drivers/src/clock/S32K1xx/clock_S32K1xx.o
                0x20000214                g_xtal0ClkFreq
 .bss.ftmStatePtr
                0x20000218       0x10 ./SDK/platform/drivers/src/ftm/ftm_common.o
                0x20000218                ftmStatePtr
 .bss.FtmState  0x20000228       0x64 ./SDK/platform/pal/src/pwm/pwm_pal.o
 .bss.FtmStateInstanceMapping
                0x2000028c        0x4 ./SDK/platform/pal/src/pwm/pwm_pal.o
 .bss.FtmStateIsAllocated
                0x20000290        0x1 ./SDK/platform/pal/src/pwm/pwm_pal.o
 *fill*         0x20000291        0x3 
 .bss.pwmPalCombChnFlag
                0x20000294       0x20 ./SDK/platform/pal/src/pwm/pwm_pal.o
 .bss.pwm_pal_1_instance
                0x200002b4        0x8 ./board/peripherals_pwm_pal_1.o
                0x200002b4                pwm_pal_1_instance
 *(COMMON)
                0x200002bc                . = ALIGN (0x4)
                0x200002bc                __bss_end__ = .
                0x200002bc                __BSS_END = .

.heap           0x200002bc      0x404
                0x200002c0                . = ALIGN (0x8)
 *fill*         0x200002bc        0x4 
                0x200002c0                __end__ = .
                0x200002c0                __heap_start__ = .
                [!provide]                PROVIDE (end, .)
                [!provide]                PROVIDE (_end, .)
                [!provide]                PROVIDE (__end, .)
                0x200002c0                __HeapBase = .
                0x200006c0                . = (. + HEAP_SIZE)
 *fill*         0x200002c0      0x400 
                0x200006c0                __HeapLimit = .
                0x200006c0                __heap_limit = .
                0x200006c0                __heap_end__ = .
                0x20007000                __StackTop = (ORIGIN (m_data) + LENGTH (m_data))
                0x20006c00                __StackLimit = (__StackTop - STACK_SIZE)
                0x20007000                PROVIDE (__stack, __StackTop)

.stack          0x20006c00      0x400
                0x20006c00                . = ALIGN (0x8)
                0x20006c00                __stack_start__ = .
                0x20007000                . = (. + STACK_SIZE)
 *fill*         0x20006c00      0x400 
                0x20007000                __stack_end__ = .

.ARM.attributes
                0x00000000       0x2a
 *(.ARM.attributes)
 .ARM.attributes
                0x00000000       0x1e c:/nxp/s32ds.3.4/s32ds/build_tools/gcc_v6.3/gcc-6.3-arm32-eabi/bin/../lib/gcc/arm-none-eabi/6.3.1/thumb/v7e-m/crti.o
 .ARM.attributes
                0x0000001e       0x1b ./Project_Settings/Startup_Code/startup_S32K144.o
 .ARM.attributes
                0x00000039       0x33 ./SDK/platform/devices/S32K144/startup/system_S32K144.o
 .ARM.attributes
                0x0000006c       0x33 ./SDK/platform/devices/startup.o
 .ARM.attributes
                0x0000009f       0x33 ./SDK/platform/drivers/src/clock/S32K1xx/clock_S32K1xx.o
 .ARM.attributes
                0x000000d2       0x33 ./SDK/platform/drivers/src/ftm/ftm_common.o
 .ARM.attributes
                0x00000105       0x33 ./SDK/platform/drivers/src/ftm/ftm_hw_access.o
 .ARM.attributes
                0x00000138       0x33 ./SDK/platform/drivers/src/ftm/ftm_pwm_driver.o
 .ARM.attributes
                0x0000016b       0x33 ./SDK/platform/drivers/src/interrupt/interrupt_manager.o
 .ARM.attributes
                0x0000019e       0x33 ./SDK/platform/drivers/src/pins/pins_driver.o
 .ARM.attributes
                0x000001d1       0x33 ./SDK/platform/drivers/src/pins/pins_port_hw_access.o
 .ARM.attributes
                0x00000204       0x33 ./SDK/platform/pal/src/pwm/pwm_pal.o
 .ARM.attributes
                0x00000237       0x33 ./board/clock_config.o
 .ARM.attributes
                0x0000026a       0x33 ./board/peripherals_pwm_pal_1.o
 .ARM.attributes
                0x0000029d       0x33 ./board/pin_mux.o
 .ARM.attributes
                0x000002d0       0x33 ./src/main.o
                0x00000001                ASSERT ((__StackLimit >= __HeapLimit), region m_data overflowed with stack and heap)

/DISCARD/
 *(.FlashConfig)
OUTPUT(pwm_pal_s32k144.elf elf32-littlearm)

.debug_line     0x00000000     0x6743
 .debug_line    0x00000000       0xbf ./Project_Settings/Startup_Code/startup_S32K144.o
 .debug_line    0x000000bf      0x428 ./SDK/platform/devices/S32K144/startup/system_S32K144.o
 .debug_line    0x000004e7      0x3b1 ./SDK/platform/devices/startup.o
 .debug_line    0x00000898     0x15a2 ./SDK/platform/drivers/src/clock/S32K1xx/clock_S32K1xx.o
 .debug_line    0x00001e3a      0xb1a ./SDK/platform/drivers/src/ftm/ftm_common.o
 .debug_line    0x00002954      0x591 ./SDK/platform/drivers/src/ftm/ftm_hw_access.o
 .debug_line    0x00002ee5      0xc39 ./SDK/platform/drivers/src/ftm/ftm_pwm_driver.o
 .debug_line    0x00003b1e      0x5aa ./SDK/platform/drivers/src/interrupt/interrupt_manager.o
 .debug_line    0x000040c8      0x6f1 ./SDK/platform/drivers/src/pins/pins_driver.o
 .debug_line    0x000047b9      0x5b8 ./SDK/platform/drivers/src/pins/pins_port_hw_access.o
 .debug_line    0x00004d71      0x6a4 ./SDK/platform/pal/src/pwm/pwm_pal.o
 .debug_line    0x00005415      0x451 ./board/clock_config.o
 .debug_line    0x00005866      0x4ee ./board/peripherals_pwm_pal_1.o
 .debug_line    0x00005d54      0x3ea ./board/pin_mux.o
 .debug_line    0x0000613e      0x605 ./src/main.o

.debug_info     0x00000000    0x15b5d
 .debug_info    0x00000000       0x26 ./Project_Settings/Startup_Code/startup_S32K144.o
 .debug_info    0x00000026      0x521 ./SDK/platform/devices/S32K144/startup/system_S32K144.o
 .debug_info    0x00000547      0x2ad ./SDK/platform/devices/startup.o
 .debug_info    0x000007f4     0x639a ./SDK/platform/drivers/src/clock/S32K1xx/clock_S32K1xx.o
 .debug_info    0x00006b8e     0x3067 ./SDK/platform/drivers/src/ftm/ftm_common.o
 .debug_info    0x00009bf5      0x9d7 ./SDK/platform/drivers/src/ftm/ftm_hw_access.o
 .debug_info    0x0000a5cc     0x32af ./SDK/platform/drivers/src/ftm/ftm_pwm_driver.o
 .debug_info    0x0000d87b      0xc99 ./SDK/platform/drivers/src/interrupt/interrupt_manager.o
 .debug_info    0x0000e514     0x14b7 ./SDK/platform/drivers/src/pins/pins_driver.o
 .debug_info    0x0000f9cb      0x9a5 ./SDK/platform/drivers/src/pins/pins_port_hw_access.o
 .debug_info    0x00010370     0x17a4 ./SDK/platform/pal/src/pwm/pwm_pal.o
 .debug_info    0x00011b14     0x12b9 ./board/clock_config.o
 .debug_info    0x00012dcd      0x9f7 ./board/peripherals_pwm_pal_1.o
 .debug_info    0x000137c4      0x409 ./board/pin_mux.o
 .debug_info    0x00013bcd     0x1f90 ./src/main.o

.debug_abbrev   0x00000000     0x1e72
 .debug_abbrev  0x00000000       0x14 ./Project_Settings/Startup_Code/startup_S32K144.o
 .debug_abbrev  0x00000014      0x141 ./SDK/platform/devices/S32K144/startup/system_S32K144.o
 .debug_abbrev  0x00000155       0xe1 ./SDK/platform/devices/startup.o
 .debug_abbrev  0x00000236      0x412 ./SDK/platform/drivers/src/clock/S32K1xx/clock_S32K1xx.o
 .debug_abbrev  0x00000648      0x375 ./SDK/platform/drivers/src/ftm/ftm_common.o
 .debug_abbrev  0x000009bd      0x1ca ./SDK/platform/drivers/src/ftm/ftm_hw_access.o
 .debug_abbrev  0x00000b87      0x30e ./SDK/platform/drivers/src/ftm/ftm_pwm_driver.o
 .debug_abbrev  0x00000e95      0x278 ./SDK/platform/drivers/src/interrupt/interrupt_manager.o
 .debug_abbrev  0x0000110d      0x2f6 ./SDK/platform/drivers/src/pins/pins_driver.o
 .debug_abbrev  0x00001403      0x232 ./SDK/platform/drivers/src/pins/pins_port_hw_access.o
 .debug_abbrev  0x00001635      0x2db ./SDK/platform/pal/src/pwm/pwm_pal.o
 .debug_abbrev  0x00001910      0x125 ./board/clock_config.o
 .debug_abbrev  0x00001a35      0x129 ./board/peripherals_pwm_pal_1.o
 .debug_abbrev  0x00001b5e       0xcd ./board/pin_mux.o
 .debug_abbrev  0x00001c2b      0x247 ./src/main.o

.debug_aranges  0x00000000      0x528
 .debug_aranges
                0x00000000       0x20 ./Project_Settings/Startup_Code/startup_S32K144.o
 .debug_aranges
                0x00000020       0x30 ./SDK/platform/devices/S32K144/startup/system_S32K144.o
 .debug_aranges
                0x00000050       0x20 ./SDK/platform/devices/startup.o
 .debug_aranges
                0x00000070      0x128 ./SDK/platform/drivers/src/clock/S32K1xx/clock_S32K1xx.o
 .debug_aranges
                0x00000198       0xc8 ./SDK/platform/drivers/src/ftm/ftm_common.o
 .debug_aranges
                0x00000260       0x38 ./SDK/platform/drivers/src/ftm/ftm_hw_access.o
 .debug_aranges
                0x00000298       0x50 ./SDK/platform/drivers/src/ftm/ftm_pwm_driver.o
 .debug_aranges
                0x000002e8       0x70 ./SDK/platform/drivers/src/interrupt/interrupt_manager.o
 .debug_aranges
                0x00000358       0xe0 ./SDK/platform/drivers/src/pins/pins_driver.o
 .debug_aranges
                0x00000438       0x40 ./SDK/platform/drivers/src/pins/pins_port_hw_access.o
 .debug_aranges
                0x00000478       0x40 ./SDK/platform/pal/src/pwm/pwm_pal.o
 .debug_aranges
                0x000004b8       0x18 ./board/clock_config.o
 .debug_aranges
                0x000004d0       0x18 ./board/peripherals_pwm_pal_1.o
 .debug_aranges
                0x000004e8       0x18 ./board/pin_mux.o
 .debug_aranges
                0x00000500       0x28 ./src/main.o

.debug_str      0x00000000    0x71802
 .debug_str     0x00000000       0xc9 ./Project_Settings/Startup_Code/startup_S32K144.o
 .debug_str     0x000000c9    0x693ac ./SDK/platform/devices/S32K144/startup/system_S32K144.o
                              0x69532 (size before relaxing)
 .debug_str     0x00069475      0x399 ./SDK/platform/devices/startup.o
                              0x696a4 (size before relaxing)
 .debug_str     0x0006980e     0x41ae ./SDK/platform/drivers/src/clock/S32K1xx/clock_S32K1xx.o
                              0x6d841 (size before relaxing)
 .debug_str     0x0006d9bc     0x201d ./SDK/platform/drivers/src/ftm/ftm_common.o
                              0x6c51b (size before relaxing)
 .debug_str     0x0006f9d9       0xd9 ./SDK/platform/drivers/src/ftm/ftm_hw_access.o
                              0x6ab1d (size before relaxing)
 .debug_str     0x0006fab2      0xa5a ./SDK/platform/drivers/src/ftm/ftm_pwm_driver.o
                              0x6be4a (size before relaxing)
 .debug_str     0x0007050c      0x1d3 ./SDK/platform/drivers/src/interrupt/interrupt_manager.o
                              0x69e2d (size before relaxing)
 .debug_str     0x000706df      0x9d6 ./SDK/platform/drivers/src/pins/pins_driver.o
                              0x6a800 (size before relaxing)
 .debug_str     0x000710b5      0x1cf ./SDK/platform/drivers/src/pins/pins_port_hw_access.o
                              0x69ce8 (size before relaxing)
 .debug_str     0x00071284      0x389 ./SDK/platform/pal/src/pwm/pwm_pal.o
                              0x6bb60 (size before relaxing)
 .debug_str     0x0007160d       0xda ./board/clock_config.o
                              0x6b5e9 (size before relaxing)
 .debug_str     0x000716e7       0x7a ./board/peripherals_pwm_pal_1.o
                              0x6ab7b (size before relaxing)
 .debug_str     0x00071761       0x53 ./board/pin_mux.o
                              0x699b6 (size before relaxing)
 .debug_str     0x000717b4       0x4e ./src/main.o
                              0x6ce4a (size before relaxing)

.debug_loc      0x00000000     0xba5e
 .debug_loc     0x00000000      0x10a ./SDK/platform/devices/S32K144/startup/system_S32K144.o
 .debug_loc     0x0000010a       0xec ./SDK/platform/devices/startup.o
 .debug_loc     0x000001f6     0x5347 ./SDK/platform/drivers/src/clock/S32K1xx/clock_S32K1xx.o
 .debug_loc     0x0000553d     0x1d84 ./SDK/platform/drivers/src/ftm/ftm_common.o
 .debug_loc     0x000072c1      0x24f ./SDK/platform/drivers/src/ftm/ftm_hw_access.o
 .debug_loc     0x00007510     0x2a03 ./SDK/platform/drivers/src/ftm/ftm_pwm_driver.o
 .debug_loc     0x00009f13      0x678 ./SDK/platform/drivers/src/interrupt/interrupt_manager.o
 .debug_loc     0x0000a58b      0x7c7 ./SDK/platform/drivers/src/pins/pins_driver.o
 .debug_loc     0x0000ad52      0x639 ./SDK/platform/drivers/src/pins/pins_port_hw_access.o
 .debug_loc     0x0000b38b      0x5c0 ./SDK/platform/pal/src/pwm/pwm_pal.o
 .debug_loc     0x0000b94b      0x113 ./src/main.o

.debug_ranges   0x00000000      0xf58
 .debug_ranges  0x00000000       0x20 ./SDK/platform/devices/S32K144/startup/system_S32K144.o
 .debug_ranges  0x00000020       0x10 ./SDK/platform/devices/startup.o
 .debug_ranges  0x00000030      0x450 ./SDK/platform/drivers/src/clock/S32K1xx/clock_S32K1xx.o
 .debug_ranges  0x00000480      0x230 ./SDK/platform/drivers/src/ftm/ftm_common.o
 .debug_ranges  0x000006b0       0x28 ./SDK/platform/drivers/src/ftm/ftm_hw_access.o
 .debug_ranges  0x000006d8      0x640 ./SDK/platform/drivers/src/ftm/ftm_pwm_driver.o
 .debug_ranges  0x00000d18       0x98 ./SDK/platform/drivers/src/interrupt/interrupt_manager.o
 .debug_ranges  0x00000db0       0xd0 ./SDK/platform/drivers/src/pins/pins_driver.o
 .debug_ranges  0x00000e80       0x48 ./SDK/platform/drivers/src/pins/pins_port_hw_access.o
 .debug_ranges  0x00000ec8       0x60 ./SDK/platform/pal/src/pwm/pwm_pal.o
 .debug_ranges  0x00000f28       0x30 ./src/main.o

.debug_macro    0x00000000    0x20903
 .debug_macro   0x00000000       0xb6 ./SDK/platform/devices/S32K144/startup/system_S32K144.o
 .debug_macro   0x000000b6      0x8d4 ./SDK/platform/devices/S32K144/startup/system_S32K144.o
 .debug_macro   0x0000098a       0x10 ./SDK/platform/devices/S32K144/startup/system_S32K144.o
 .debug_macro   0x0000099a       0x73 ./SDK/platform/devices/S32K144/startup/system_S32K144.o
 .debug_macro   0x00000a0d       0x19 ./SDK/platform/devices/S32K144/startup/system_S32K144.o
 .debug_macro   0x00000a26       0x22 ./SDK/platform/devices/S32K144/startup/system_S32K144.o
 .debug_macro   0x00000a48       0x4f ./SDK/platform/devices/S32K144/startup/system_S32K144.o
 .debug_macro   0x00000a97       0x51 ./SDK/platform/devices/S32K144/startup/system_S32K144.o
 .debug_macro   0x00000ae8       0xef ./SDK/platform/devices/S32K144/startup/system_S32K144.o
 .debug_macro   0x00000bd7       0x6a ./SDK/platform/devices/S32K144/startup/system_S32K144.o
 .debug_macro   0x00000c41      0x1df ./SDK/platform/devices/S32K144/startup/system_S32K144.o
 .debug_macro   0x00000e20     0xee9e ./SDK/platform/devices/S32K144/startup/system_S32K144.o
 .debug_macro   0x0000fcbe      0xbbd ./SDK/platform/devices/S32K144/startup/system_S32K144.o
 .debug_macro   0x0001087b       0x22 ./SDK/platform/devices/S32K144/startup/system_S32K144.o
 .debug_macro   0x0001089d       0x28 ./SDK/platform/devices/S32K144/startup/system_S32K144.o
 .debug_macro   0x000108c5       0xb6 ./SDK/platform/devices/startup.o
 .debug_macro   0x0001097b     0xeeb3 ./SDK/platform/devices/startup.o
 .debug_macro   0x0001f82e       0x40 ./SDK/platform/devices/startup.o
 .debug_macro   0x0001f86e      0x2b0 ./SDK/platform/drivers/src/clock/S32K1xx/clock_S32K1xx.o
 .debug_macro   0x0001fb1e      0x16d ./SDK/platform/drivers/src/clock/S32K1xx/clock_S32K1xx.o
 .debug_macro   0x0001fc8b       0x16 ./SDK/platform/drivers/src/clock/S32K1xx/clock_S32K1xx.o
 .debug_macro   0x0001fca1       0x8a ./SDK/platform/drivers/src/clock/S32K1xx/clock_S32K1xx.o
 .debug_macro   0x0001fd2b      0x10e ./SDK/platform/drivers/src/ftm/ftm_common.o
 .debug_macro   0x0001fe39       0xbe ./SDK/platform/drivers/src/ftm/ftm_common.o
 .debug_macro   0x0001fef7      0x107 ./SDK/platform/drivers/src/ftm/ftm_hw_access.o
 .debug_macro   0x0001fffe       0x10 ./SDK/platform/drivers/src/ftm/ftm_hw_access.o
 .debug_macro   0x0002000e      0x121 ./SDK/platform/drivers/src/ftm/ftm_pwm_driver.o
 .debug_macro   0x0002012f       0x10 ./SDK/platform/drivers/src/ftm/ftm_pwm_driver.o
 .debug_macro   0x0002013f       0xca ./SDK/platform/drivers/src/interrupt/interrupt_manager.o
 .debug_macro   0x00020209       0xde ./SDK/platform/drivers/src/pins/pins_driver.o
 .debug_macro   0x000202e7       0xde ./SDK/platform/drivers/src/pins/pins_port_hw_access.o
 .debug_macro   0x000203c5       0xfc ./SDK/platform/pal/src/pwm/pwm_pal.o
 .debug_macro   0x000204c1       0x16 ./SDK/platform/pal/src/pwm/pwm_pal.o
 .debug_macro   0x000204d7       0xd9 ./board/clock_config.o
 .debug_macro   0x000205b0       0x16 ./board/clock_config.o
 .debug_macro   0x000205c6      0x106 ./board/peripherals_pwm_pal_1.o
 .debug_macro   0x000206cc       0xda ./board/pin_mux.o
 .debug_macro   0x000207a6      0x15d ./src/main.o

.comment        0x00000000       0xa0
 .comment       0x00000000       0xa0 ./SDK/platform/devices/S32K144/startup/system_S32K144.o
                                 0xa1 (size before relaxing)
 .comment       0x000000a0       0xa1 ./SDK/platform/devices/startup.o
 .comment       0x000000a0       0xa1 ./SDK/platform/drivers/src/clock/S32K1xx/clock_S32K1xx.o
 .comment       0x000000a0       0xa1 ./SDK/platform/drivers/src/ftm/ftm_common.o
 .comment       0x000000a0       0xa1 ./SDK/platform/drivers/src/ftm/ftm_hw_access.o
 .comment       0x000000a0       0xa1 ./SDK/platform/drivers/src/ftm/ftm_pwm_driver.o
 .comment       0x000000a0       0xa1 ./SDK/platform/drivers/src/interrupt/interrupt_manager.o
 .comment       0x000000a0       0xa1 ./SDK/platform/drivers/src/pins/pins_driver.o
 .comment       0x000000a0       0xa1 ./SDK/platform/drivers/src/pins/pins_port_hw_access.o
 .comment       0x000000a0       0xa1 ./SDK/platform/pal/src/pwm/pwm_pal.o
 .comment       0x000000a0       0xa1 ./board/clock_config.o
 .comment       0x000000a0       0xa1 ./board/peripherals_pwm_pal_1.o
 .comment       0x000000a0       0xa1 ./board/pin_mux.o
 .comment       0x000000a0       0xa1 ./src/main.o

.debug_frame    0x00000000      0xbb8
 .debug_frame   0x00000000       0x40 ./SDK/platform/devices/S32K144/startup/system_S32K144.o
 .debug_frame   0x00000040       0x2c ./SDK/platform/devices/startup.o
 .debug_frame   0x0000006c      0x3a4 ./SDK/platform/drivers/src/clock/S32K1xx/clock_S32K1xx.o
 .debug_frame   0x00000410      0x204 ./SDK/platform/drivers/src/ftm/ftm_common.o
 .debug_frame   0x00000614       0x5c ./SDK/platform/drivers/src/ftm/ftm_hw_access.o
 .debug_frame   0x00000670       0xf0 ./SDK/platform/drivers/src/ftm/ftm_pwm_driver.o
 .debug_frame   0x00000760       0xd8 ./SDK/platform/drivers/src/interrupt/interrupt_manager.o
 .debug_frame   0x00000838      0x1e4 ./SDK/platform/drivers/src/pins/pins_driver.o
 .debug_frame   0x00000a1c       0xa0 ./SDK/platform/drivers/src/pins/pins_port_hw_access.o
 .debug_frame   0x00000abc       0xb0 ./SDK/platform/pal/src/pwm/pwm_pal.o
 .debug_frame   0x00000b6c       0x4c ./src/main.o
